
 Start         Length     Name                   Class
 0001:00000000 000B5200H .text                   CODE
 0002:00000000 000027C4H .data                   DATA
 0002:000027C4 00000D19H .bss                    BSS


Detailed map of segments

 0001:00000000 000052CF C=CODE     S=.text    G=(none)   M=System   ACBP=A9
 0001:000052D0 00000140 C=CODE     S=.text    G=(none)   M=SysInit  ACBP=A9
 0001:00005410 00000078 C=CODE     S=.text    G=(none)   M=Types    ACBP=A9
 0001:00005488 00000E24 C=CODE     S=.text    G=(none)   M=Windows  ACBP=A9
 0001:000062AC 00000038 C=CODE     S=.text    G=(none)   M=Messages ACBP=A9
 0001:000062E4 00000390 C=CODE     S=.text    G=(none)   M=SysConst ACBP=A9
 0001:00006674 0000738C C=CODE     S=.text    G=(none)   M=SysUtils ACBP=A9
 0001:0000DA00 00000823 C=CODE     S=.text    G=(none)   M=VarUtils ACBP=A9
 0001:0000E224 000084A6 C=CODE     S=.text    G=(none)   M=Variants ACBP=A9
 0001:000166CC 00000160 C=CODE     S=.text    G=(none)   M=RTLConsts ACBP=A9
 0001:0001682C 0000192C C=CODE     S=.text    G=(none)   M=TypInfo  ACBP=A9
 0001:00018158 000000A0 C=CODE     S=.text    G=(none)   M=ActiveX  ACBP=A9
 0001:000181F8 0000CF22 C=CODE     S=.text    G=(none)   M=Classes  ACBP=A9
 0001:0002511C 000002F0 C=CODE     S=.text    G=(none)   M=Consts   ACBP=A9
 0001:0002540C 0000911B C=CODE     S=.text    G=(none)   M=Graphics ACBP=A9
 0001:0002E528 00000048 C=CODE     S=.text    G=(none)   M=Math     ACBP=A9
 0001:0002E570 000002B8 C=CODE     S=.text    G=(none)   M=Contnrs  ACBP=A9
 0001:0002E828 000000F4 C=CODE     S=.text    G=(none)   M=CommCtrl ACBP=A9
 0001:0002E91C 00000787 C=CODE     S=.text    G=(none)   M=MultiMon ACBP=A9
 0001:0002F0A4 00000038 C=CODE     S=.text    G=(none)   M=Imm      ACBP=A9
 0001:0002F0DC 00000FF8 C=CODE     S=.text    G=(none)   M=HelpIntfs ACBP=A9
 0001:000300D4 00000038 C=CODE     S=.text    G=(none)   M=WinSpool ACBP=A9
 0001:0003010C 00000044 C=CODE     S=.text    G=(none)   M=Printers ACBP=A9
 0001:00030150 0000031F C=CODE     S=.text    G=(none)   M=FlatSB   ACBP=A9
 0001:00030470 000001A4 C=CODE     S=.text    G=(none)   M=SyncObjs ACBP=A9
 0001:00030614 000009BB C=CODE     S=.text    G=(none)   M=UxTheme  ACBP=A9
 0001:00030FD0 00000038 C=CODE     S=.text    G=(none)   M=RichEdit ACBP=A9
 0001:00031008 00000038 C=CODE     S=.text    G=(none)   M=ToolWin  ACBP=A9
 0001:00031040 00000038 C=CODE     S=.text    G=(none)   M=ShellAPI ACBP=A9
 0001:00031078 00000038 C=CODE     S=.text    G=(none)   M=RegStr   ACBP=A9
 0001:000310B0 00000038 C=CODE     S=.text    G=(none)   M=WinInet  ACBP=A9
 0001:000310E8 00000038 C=CODE     S=.text    G=(none)   M=UrlMon   ACBP=A9
 0001:00031120 00000038 C=CODE     S=.text    G=(none)   M=ShlObj   ACBP=A9
 0001:00031158 00000038 C=CODE     S=.text    G=(none)   M=CommDlg  ACBP=A9
 0001:00031190 00000038 C=CODE     S=.text    G=(none)   M=Dlgs     ACBP=A9
 0001:000311C8 0000132D C=CODE     S=.text    G=(none)   M=Dialogs  ACBP=A9
 0001:000324F8 00002B3E C=CODE     S=.text    G=(none)   M=ExtCtrls ACBP=A9
 0001:00035038 00000038 C=CODE     S=.text    G=(none)   M=ComStrs  ACBP=A9
 0001:00035070 0000069C C=CODE     S=.text    G=(none)   M=Clipbrd  ACBP=A9
 0001:0003570C 00000038 C=CODE     S=.text    G=(none)   M=StrUtils ACBP=A9
 0001:00035744 000000F5 C=CODE     S=.text    G=(none)   M=Buttons  ACBP=A9
 0001:0003583C 00000038 C=CODE     S=.text    G=(none)   M=ExtDlgs  ACBP=A9
 0001:00035874 00000068 C=CODE     S=.text    G=(none)   M=IniFiles ACBP=A9
 0001:000358DC 00000068 C=CODE     S=.text    G=(none)   M=Registry ACBP=A9
 0001:00035944 0000006C C=CODE     S=.text    G=(none)   M=Mapi     ACBP=A9
 0001:000359B0 00000058 C=CODE     S=.text    G=(none)   M=ExtActns ACBP=A9
 0001:00035A08 00000038 C=CODE     S=.text    G=(none)   M=ListActns ACBP=A9
 0001:00035A40 00000180 C=CODE     S=.text    G=(none)   M=ComCtrls ACBP=A9
 0001:00035BC0 00000B20 C=CODE     S=.text    G=(none)   M=Themes   ACBP=A9
 0001:000366E0 00008F34 C=CODE     S=.text    G=(none)   M=StdCtrls ACBP=A9
 0001:0003F614 00000168 C=CODE     S=.text    G=(none)   M=StdActns ACBP=A9
 0001:0003F77C 00000D1F C=CODE     S=.text    G=(none)   M=WinHelpViewer ACBP=A9
 0001:0004049C 000113FB C=CODE     S=.text    G=(none)   M=Controls ACBP=A9
 0001:00051898 00001292 C=CODE     S=.text    G=(none)   M=ActnList ACBP=A9
 0001:00052B2C 00001974 C=CODE     S=.text    G=(none)   M=ImgList  ACBP=A9
 0001:000544A0 00006639 C=CODE     S=.text    G=(none)   M=Menus    ACBP=A9
 0001:0005AADC 0000C4B8 C=CODE     S=.text    G=(none)   M=Forms    ACBP=A9
 0001:00066F94 00000A60 C=CODE     S=.text    G=(none)   M=MaskUtils ACBP=A9
 0001:000679F4 00000070 C=CODE     S=.text    G=(none)   M=DateUtils ACBP=A9
 0001:00067A64 00000280 C=CODE     S=.text    G=(none)   M=DBConsts ACBP=A9
 0001:00067CE4 00000F67 C=CODE     S=.text    G=(none)   M=SqlTimSt ACBP=A9
 0001:00068C4C 00004AEF C=CODE     S=.text    G=(none)   M=FMTBcd   ACBP=A9
 0001:0006D73C 00000058 C=CODE     S=.text    G=(none)   M=ComConst ACBP=A9
 0001:0006D794 00000E65 C=CODE     S=.text    G=(none)   M=ComObj   ACBP=A9
 0001:0006E5FC 0001438C C=CODE     S=.text    G=(none)   M=DB       ACBP=A9
 0001:00082988 00003FC8 C=CODE     S=.text    G=(none)   M=DBCommon ACBP=A9
 0001:00086950 00003D04 C=CODE     S=.text    G=(none)   M=BDE      ACBP=A9
 0001:0008A654 00000068 C=CODE     S=.text    G=(none)   M=SMINTF   ACBP=A9
 0001:0008A6BC 00000118 C=CODE     S=.text    G=(none)   M=BdeConst ACBP=A9
 0001:0008A7D4 000115E8 C=CODE     S=.text    G=(none)   M=DBTables ACBP=A9
 0001:0009BDBC 00000538 C=CODE     S=.text    G=(none)   M=uDataModule ACBP=A9
 0001:0009C2F4 000029E8 C=CODE     S=.text    G=(none)   M=Mask     ACBP=A9
 0001:0009ECDC 00008120 C=CODE     S=.text    G=(none)   M=Grids    ACBP=A9
 0001:000A6DFC 000000B8 C=CODE     S=.text    G=(none)   M=VDBConsts ACBP=A9
 0001:000A6EB4 00000728 C=CODE     S=.text    G=(none)   M=DBLogDlg ACBP=A9
 0001:000A75DC 00000531 C=CODE     S=.text    G=(none)   M=DBPWDlg  ACBP=A9
 0001:000A7B10 000030D0 C=CODE     S=.text    G=(none)   M=DBCtrls  ACBP=A9
 0001:000AABE0 00008D28 C=CODE     S=.text    G=(none)   M=DBGrids  ACBP=A9
 0001:000B3908 00000904 C=CODE     S=.text    G=(none)   M=uConsultaEmpresas ACBP=A9
 0001:000B420C 00000CC4 C=CODE     S=.text    G=(none)   M=uCadastro ACBP=A9
 0001:000B4ED0 0000032D C=CODE     S=.text    G=(none)   M=Project1 ACBP=A9
 0002:00000000 0000009C C=DATA     S=.data    G=DGROUP   M=System   ACBP=A9
 0002:0000009C 00000020 C=DATA     S=.data    G=DGROUP   M=SysInit  ACBP=A9
 0002:000000BC 00000274 C=DATA     S=.data    G=DGROUP   M=SysUtils ACBP=A9
 0002:00000330 00000110 C=DATA     S=.data    G=DGROUP   M=VarUtils ACBP=A9
 0002:00000440 0000013A C=DATA     S=.data    G=DGROUP   M=Variants ACBP=A9
 0002:0000057C 0000000C C=DATA     S=.data    G=DGROUP   M=TypInfo  ACBP=A9
 0002:00000588 00000010 C=DATA     S=.data    G=DGROUP   M=ActiveX  ACBP=A9
 0002:00000598 00000064 C=DATA     S=.data    G=DGROUP   M=Classes  ACBP=A9
 0002:000005FC 00000304 C=DATA     S=.data    G=DGROUP   M=Graphics ACBP=A9
 0002:00000900 00000004 C=DATA     S=.data    G=DGROUP   M=Printers ACBP=A9
 0002:00000904 000000B4 C=DATA     S=.data    G=DGROUP   M=Dialogs  ACBP=A9
 0002:000009B8 0000018C C=DATA     S=.data    G=DGROUP   M=ExtCtrls ACBP=A9
 0002:00000B44 0000002C C=DATA     S=.data    G=DGROUP   M=Buttons  ACBP=A9
 0002:00000B70 00000008 C=DATA     S=.data    G=DGROUP   M=IniFiles ACBP=A9
 0002:00000B78 00000008 C=DATA     S=.data    G=DGROUP   M=Registry ACBP=A9
 0002:00000B80 00000008 C=DATA     S=.data    G=DGROUP   M=Mapi     ACBP=A9
 0002:00000B88 00000018 C=DATA     S=.data    G=DGROUP   M=ComCtrls ACBP=A9
 0002:00000BA0 00000068 C=DATA     S=.data    G=DGROUP   M=Themes   ACBP=A9
 0002:00000C08 00000100 C=DATA     S=.data    G=DGROUP   M=StdCtrls ACBP=A9
 0002:00000D08 0000013C C=DATA     S=.data    G=DGROUP   M=Controls ACBP=A9
 0002:00000E44 00000020 C=DATA     S=.data    G=DGROUP   M=ImgList  ACBP=A9
 0002:00000E64 000000EC C=DATA     S=.data    G=DGROUP   M=Menus    ACBP=A9
 0002:00000F50 0000011C C=DATA     S=.data    G=DGROUP   M=Forms    ACBP=A9
 0002:0000106C 00000009 C=DATA     S=.data    G=DGROUP   M=MaskUtils ACBP=A9
 0002:00001078 0000003C C=DATA     S=.data    G=DGROUP   M=SqlTimSt ACBP=A9
 0002:000010B4 00000065 C=DATA     S=.data    G=DGROUP   M=FMTBcd   ACBP=A9
 0002:0000111C 00000030 C=DATA     S=.data    G=DGROUP   M=ComObj   ACBP=A9
 0002:0000114C 00000186 C=DATA     S=.data    G=DGROUP   M=DB       ACBP=A9
 0002:000012D4 0000001C C=DATA     S=.data    G=DGROUP   M=DBCommon ACBP=A9
 0002:000012F0 00000C50 C=DATA     S=.data    G=DGROUP   M=BDE      ACBP=A9
 0002:00001F40 00000010 C=DATA     S=.data    G=DGROUP   M=SMINTF   ACBP=A9
 0002:00001F50 00000120 C=DATA     S=.data    G=DGROUP   M=DBTables ACBP=A9
 0002:00002070 00000004 C=DATA     S=.data    G=DGROUP   M=Mask     ACBP=A9
 0002:00002074 0000002C C=DATA     S=.data    G=DGROUP   M=DBCtrls  ACBP=A9
 0002:000020A0 00000028 C=DATA     S=.data    G=DGROUP   M=DBGrids  ACBP=A9
 0002:00003000 00000664 C=BSS      S=.bss     G=DGROUP   M=System   ACBP=A9
 0002:00003664 00000010 C=BSS      S=.bss     G=DGROUP   M=SysInit  ACBP=A9
 0002:00003674 00000004 C=BSS      S=.bss     G=DGROUP   M=Types    ACBP=A9
 0002:00003678 00000004 C=BSS      S=.bss     G=DGROUP   M=Windows  ACBP=A9
 0002:0000367C 00000004 C=BSS      S=.bss     G=DGROUP   M=Messages ACBP=A9
 0002:00003680 00000004 C=BSS      S=.bss     G=DGROUP   M=SysConst ACBP=A9
 0002:00003684 00000120 C=BSS      S=.bss     G=DGROUP   M=SysUtils ACBP=A9
 0002:000037A4 0000005C C=BSS      S=.bss     G=DGROUP   M=VarUtils ACBP=A9
 0002:00003800 00000040 C=BSS      S=.bss     G=DGROUP   M=Variants ACBP=A9
 0002:00003840 00000004 C=BSS      S=.bss     G=DGROUP   M=RTLConsts ACBP=A9
 0002:00003844 00000004 C=BSS      S=.bss     G=DGROUP   M=TypInfo  ACBP=A9
 0002:00003848 00000004 C=BSS      S=.bss     G=DGROUP   M=ActiveX  ACBP=A9
 0002:0000384C 00000040 C=BSS      S=.bss     G=DGROUP   M=Classes  ACBP=A9
 0002:0000388C 00000004 C=BSS      S=.bss     G=DGROUP   M=Consts   ACBP=A9
 0002:00003890 00000060 C=BSS      S=.bss     G=DGROUP   M=Graphics ACBP=A9
 0002:000038F0 00000004 C=BSS      S=.bss     G=DGROUP   M=Math     ACBP=A9
 0002:000038F4 00000004 C=BSS      S=.bss     G=DGROUP   M=Contnrs  ACBP=A9
 0002:000038F8 00000004 C=BSS      S=.bss     G=DGROUP   M=CommCtrl ACBP=A9
 0002:000038FC 00000031 C=BSS      S=.bss     G=DGROUP   M=MultiMon ACBP=A9
 0002:00003930 00000004 C=BSS      S=.bss     G=DGROUP   M=Imm      ACBP=A9
 0002:00003934 00000008 C=BSS      S=.bss     G=DGROUP   M=HelpIntfs ACBP=A9
 0002:0000393C 00000004 C=BSS      S=.bss     G=DGROUP   M=WinSpool ACBP=A9
 0002:00003940 00000004 C=BSS      S=.bss     G=DGROUP   M=Printers ACBP=A9
 0002:00003944 00000034 C=BSS      S=.bss     G=DGROUP   M=FlatSB   ACBP=A9
 0002:00003978 00000004 C=BSS      S=.bss     G=DGROUP   M=SyncObjs ACBP=A9
 0002:0000397C 000000CC C=BSS      S=.bss     G=DGROUP   M=UxTheme  ACBP=A9
 0002:00003A48 00000004 C=BSS      S=.bss     G=DGROUP   M=RichEdit ACBP=A9
 0002:00003A4C 00000004 C=BSS      S=.bss     G=DGROUP   M=ToolWin  ACBP=A9
 0002:00003A50 00000004 C=BSS      S=.bss     G=DGROUP   M=ShellAPI ACBP=A9
 0002:00003A54 00000004 C=BSS      S=.bss     G=DGROUP   M=RegStr   ACBP=A9
 0002:00003A58 00000004 C=BSS      S=.bss     G=DGROUP   M=WinInet  ACBP=A9
 0002:00003A5C 00000004 C=BSS      S=.bss     G=DGROUP   M=UrlMon   ACBP=A9
 0002:00003A60 00000004 C=BSS      S=.bss     G=DGROUP   M=ShlObj   ACBP=A9
 0002:00003A64 00000004 C=BSS      S=.bss     G=DGROUP   M=CommDlg  ACBP=A9
 0002:00003A68 00000004 C=BSS      S=.bss     G=DGROUP   M=Dlgs     ACBP=A9
 0002:00003A6C 00000038 C=BSS      S=.bss     G=DGROUP   M=Dialogs  ACBP=A9
 0002:00003AA4 00000004 C=BSS      S=.bss     G=DGROUP   M=ExtCtrls ACBP=A9
 0002:00003AA8 00000004 C=BSS      S=.bss     G=DGROUP   M=ComStrs  ACBP=A9
 0002:00003AAC 0000000C C=BSS      S=.bss     G=DGROUP   M=Clipbrd  ACBP=A9
 0002:00003AB8 00000004 C=BSS      S=.bss     G=DGROUP   M=StrUtils ACBP=A9
 0002:00003ABC 00000030 C=BSS      S=.bss     G=DGROUP   M=Buttons  ACBP=A9
 0002:00003AEC 00000004 C=BSS      S=.bss     G=DGROUP   M=ExtDlgs  ACBP=A9
 0002:00003AF0 00000004 C=BSS      S=.bss     G=DGROUP   M=IniFiles ACBP=A9
 0002:00003AF4 00000004 C=BSS      S=.bss     G=DGROUP   M=Registry ACBP=A9
 0002:00003AF8 00000004 C=BSS      S=.bss     G=DGROUP   M=Mapi     ACBP=A9
 0002:00003AFC 00000009 C=BSS      S=.bss     G=DGROUP   M=ExtActns ACBP=A9
 0002:00003B08 00000004 C=BSS      S=.bss     G=DGROUP   M=ListActns ACBP=A9
 0002:00003B0C 00000010 C=BSS      S=.bss     G=DGROUP   M=ComCtrls ACBP=A9
 0002:00003B1C 00000008 C=BSS      S=.bss     G=DGROUP   M=Themes   ACBP=A9
 0002:00003B24 00000004 C=BSS      S=.bss     G=DGROUP   M=StdCtrls ACBP=A9
 0002:00003B28 00000004 C=BSS      S=.bss     G=DGROUP   M=StdActns ACBP=A9
 0002:00003B2C 00000014 C=BSS      S=.bss     G=DGROUP   M=WinHelpViewer ACBP=A9
 0002:00003B40 00000080 C=BSS      S=.bss     G=DGROUP   M=Controls ACBP=A9
 0002:00003BC0 00000004 C=BSS      S=.bss     G=DGROUP   M=ActnList ACBP=A9
 0002:00003BC4 0000000C C=BSS      S=.bss     G=DGROUP   M=ImgList  ACBP=A9
 0002:00003BD0 00000010 C=BSS      S=.bss     G=DGROUP   M=Menus    ACBP=A9
 0002:00003BE0 00000020 C=BSS      S=.bss     G=DGROUP   M=Forms    ACBP=A9
 0002:00003C00 00000004 C=BSS      S=.bss     G=DGROUP   M=MaskUtils ACBP=A9
 0002:00003C04 00000004 C=BSS      S=.bss     G=DGROUP   M=DateUtils ACBP=A9
 0002:00003C08 00000004 C=BSS      S=.bss     G=DGROUP   M=DBConsts ACBP=A9
 0002:00003C0C 00000004 C=BSS      S=.bss     G=DGROUP   M=SqlTimSt ACBP=A9
 0002:00003C10 00000004 C=BSS      S=.bss     G=DGROUP   M=FMTBcd   ACBP=A9
 0002:00003C14 00000004 C=BSS      S=.bss     G=DGROUP   M=ComConst ACBP=A9
 0002:00003C18 00000011 C=BSS      S=.bss     G=DGROUP   M=ComObj   ACBP=A9
 0002:00003C2C 00000020 C=BSS      S=.bss     G=DGROUP   M=DB       ACBP=A9
 0002:00003C4C 00000004 C=BSS      S=.bss     G=DGROUP   M=DBCommon ACBP=A9
 0002:00003C50 0000001C C=BSS      S=.bss     G=DGROUP   M=BDE      ACBP=A9
 0002:00003C6C 00000004 C=BSS      S=.bss     G=DGROUP   M=SMINTF   ACBP=A9
 0002:00003C70 00000004 C=BSS      S=.bss     G=DGROUP   M=BdeConst ACBP=A9
 0002:00003C74 00000065 C=BSS      S=.bss     G=DGROUP   M=DBTables ACBP=A9
 0002:00003CDC 00000008 C=BSS      S=.bss     G=DGROUP   M=uDataModule ACBP=A9
 0002:00003CE4 00000004 C=BSS      S=.bss     G=DGROUP   M=Mask     ACBP=A9
 0002:00003CE8 00000004 C=BSS      S=.bss     G=DGROUP   M=Grids    ACBP=A9
 0002:00003CEC 00000004 C=BSS      S=.bss     G=DGROUP   M=VDBConsts ACBP=A9
 0002:00003CF0 00000004 C=BSS      S=.bss     G=DGROUP   M=DBLogDlg ACBP=A9
 0002:00003CF4 00000004 C=BSS      S=.bss     G=DGROUP   M=DBPWDlg  ACBP=A9
 0002:00003CF8 00000004 C=BSS      S=.bss     G=DGROUP   M=DBCtrls  ACBP=A9
 0002:00003CFC 0000000C C=BSS      S=.bss     G=DGROUP   M=DBGrids  ACBP=A9
 0002:00003D08 00000008 C=BSS      S=.bss     G=DGROUP   M=uConsultaEmpresas ACBP=A9
 0002:00003D10 00000008 C=BSS      S=.bss     G=DGROUP   M=uCadastro ACBP=A9


  Address         Publics by Name

 0002:00003C54       ..
 0002:00001E64       ..
 0002:000012F0       ..
 0001:00089CD4       ..
 0001:00086970       ..
 0002:0000388C       .1
 0002:00003A48       .1
 0002:0000366C       .1
 0002:00003C14       .1
 0002:00003A38       .1
 0002:0000367C       .1
 0002:00003AF8       .1
 0002:00003680       .1
 0002:00003964       .1
 0002:00003A58       .1
 0002:00003A5C       .1
 0002:00003A60       .1
 0002:000038F8       .1
 0002:00003AA8       .1
 0002:00003C50       .1
 0002:00003A64       .1
 0002:00003674       .1
 0002:00003AB8       .1
 0002:00003A68       .1
 0002:00003A50       .1
 0002:00003C0C       .1
 0002:00003C08       .1
 0002:00003C04       .1
 0002:00003840       .1
 0002:00003930       .1
 0002:0000391C       .1
 0002:00003CEC       .1
 0002:00003B34       .1
 0002:00003A54       .1
 0002:00003C70       .1
 0002:00003C6C       .1
 0002:00003A6C       .11
 0002:00003CE8       .11
 0002:00003894       .12
 0002:00003AA4       .12
 0002:00003D14       .2
 0002:00003C00       .2
 0002:00003CF4       .2
 0002:00003B1C       .2
 0002:000038F0       .2
 0002:00003934       .2
 0002:00003AB0       .2
 0002:00003D0C       .2
 0002:00003CF0       .2
 0002:00003CE0       .2
 0002:000038F4       .21
 0002:00003C84       .22
 0002:00003CF8       .22
 0002:00003678       .3
 0002:00003BC4       .3
 0002:00003848       .3
 0002:00003940       .3
 0002:00003AEC       .3
 0002:0000393C       .3
 0002:00003C4C       .3
 0002:00003C10       .3
 0002:00003794       .35
 0002:00003C48       .36
 0002:00003B0C       .36
 0002:00003ABC       .4
 0002:00003A4C       .4
 0002:00003BE8       .41
 0002:00003C18       .41
 0002:00003B24       .42
 0002:00003858       .45
 0002:00003CE4       .5
 0002:000037FC       .5
 0002:00003AF4       .5
 0002:000035BC       .5
 0002:00003978       .6
 0002:00003844       .6
 0002:00003AFC       .72
 0002:00003B48       .72
 0002:00003B28       .73
 0002:00003BC0       .8
 0002:00003B08       .8
 0002:00003AF0       .8
 0002:00003820       .81
 0002:00003BD8       .9
 0002:00003CFC       .9
 0001:00001A0C       @AbstractError
 0001:00002634       @AfterConstruction
 0001:00002428       @AsClass
 0001:00001BB0       @AStrCmp
 0001:00002644       @BeforeDestruction
 0001:000021B8       @BoundErr
 0001:00002474       @CallDynaInst
 0001:000025DC       @ClassCreate
 0001:0000262C       @ClassDestroy
 0001:00001A7C       @Close
 0001:00001910       @Copy
 0001:00003CE8       @CopyArray
 0001:00003BCC       @CopyRecord
 0001:00003E54       @DispCallByIDError
 0001:0000EF78       @DispInvokeError
 0001:00003DF0       @Dispose
 0001:00002AC0       @DoneExcept
 0001:000045C4       @DynArrayAddRef
 0001:0000459C       @DynArrayAsg
 0001:00004560       @DynArrayClear
 0001:0000444C       @DynArrayCopy
 0001:0000446C       @DynArrayCopyRange
 0001:0000428C       @DynArrayHigh
 0001:00004284       @DynArrayLength
 0001:00004440       @DynArraySetLength
 0001:00002BA8       @ExceptionHandler
 0001:00001C20       @FillChar
 0001:00003BA8       @Finalize
 0001:00003ABC       @FinalizeArray
 0001:00003A70       @FinalizeRecord
 0001:0000248C       @FindDynaInst
 0001:000021AC       @FpuInit
 0001:000020E8       @FpuMaskInit
 0001:00001798       @FreeMem
 0001:00001778       @GetMem
 0001:00005348       @GetTls
 0001:00002FF0       @Halt
 0001:00002F18       @Halt0
 0001:00002758       @HandleAnyException
 0001:00002A0C       @HandleFinally
 0001:00002884       @HandleOnException
 0001:00005394       @InitExe
 0001:00003A64       @Initialize
 0001:000039D0       @InitializeArray
 0001:000039A0       @InitializeRecord
 0001:00002DDC       @InitImports
 0001:00002DB4       @InitResStringImports
 0001:00002D90       @InitResStrings
 0001:00004C8C       @IntfAddRef
 0001:00004C5C       @IntfCast
 0001:00004C18       @IntfClear
 0001:00004C30       @IntfCopy
 0001:00002404       @IsClass
 0001:000020B8       @isNECWindows
 0001:000034B8       @LStrAddRef
 0001:0000302C       @LStrArrayClr
 0001:0000305C       @LStrAsg
 0001:000032D0       @LStrCat
 0001:00003314       @LStrCat3
 0001:00003388       @LStrCatN
 0001:00003008       @LStrClr
 0001:00003414       @LStrCmp
 0001:00003528       @LStrCopy
 0001:00003568       @LStrDelete
 0001:00003278       @LStrFromArray
 0001:000031F0       @LStrFromChar
 0001:00003200       @LStrFromPChar
 0001:000030F8       @LStrFromPCharLen
 0001:00003230       @LStrFromPWChar
 0001:00003164       @LStrFromPWCharLen
 0001:0000326C       @LStrFromString
 0001:00003290       @LStrFromWStr
 0001:000035B0       @LStrInsert
 0001:000030A0       @LStrLAsg
 0001:000032C8       @LStrLen
 0001:000036B8       @LStrOfChar
 0001:0000360C       @LStrPos
 0001:00003654       @LStrSetLength
 0001:000034C8       @LStrToPChar
 0001:000032A4       @LStrToString
 0001:00003DDC       @New
 0001:000030CC       @NewAnsiString
 0001:000036EC       @NewWideString
 0001:000136C8       @OleVarFromInt
 0001:000139CC       @OleVarFromLStr
 0001:00013A88       @OleVarFromVar
 0001:00001DCC       @Pow10
 0001:00001B2C       @PStrCmp
 0001:00001B04       @PStrCpy
 0001:00001AD4       @PStrNCat
 0001:00001B10       @PStrNCpy
 0001:00002A6C       @RaiseAgain
 0001:00002A44       @RaiseExcept
 0001:000017B8       @ReallocMem
 0001:000019DC       @ROUND
 0001:00002FFC       @RunError
 0001:00001DB0       @SetEq
 0001:000019B4       @SetLength
 0001:00002D50       @StartExe
 0001:00004038       @Str0Int64
 0001:00001CA0       @Str0Long
 0001:00003F78       @StrInt64
 0001:00000358       @strlen
 0001:00001C40       @StrLong
 0001:000019E8       @TRUNC
 0001:00002AF0       @TryFinallyExit
 0001:00003520       @UniqueStringA
 0001:00004054       @ValInt64
 0001:00001CAC       @ValLong
 0001:00014518       @VarAddRef
 0001:00014CC0       @VarArrayGet
 0001:00014DB0       @VarArrayPut
 0001:0000FAD0       @VarCast
 0001:0000F264       @VarClear
 0001:0000F278       @VarClr
 0001:00003AA4       @VarClr
 0001:00016568       @VarCmpEQ
 0001:00016598       @VarCmpGT
 0001:00016588       @VarCmpLT
 0001:00016578       @VarCmpNE
 0001:0000F58C       @VarCopy
 0001:00003BB4       @VarCopy
 0001:0000F80C       @VarCopyNoInd
 0001:0001385C       @VarFromBool
 0001:000136E8       @VarFromByte
 0001:000138AC       @VarFromCurr
 0001:00013804       @VarFromCurrency
 0001:00013830       @VarFromDate
 0001:000139A0       @VarFromDisp
 0001:000137D8       @VarFromDouble
 0001:0001366C       @VarFromInt
 0001:00013788       @VarFromInt64
 0001:000136A8       @VarFromInteger
 0001:00013974       @VarFromIntf
 0001:00013728       @VarFromLongWord
 0001:000138C0       @VarFromLStr
 0001:000138EC       @VarFromPStr
 0001:00013884       @VarFromReal
 0001:00013748       @VarFromShortInt
 0001:000137B4       @VarFromSingle
 0001:00013768       @VarFromSmallInt
 0001:00013898       @VarFromTDateTime
 0001:00013708       @VarFromWord
 0001:0001393C       @VarFromWStr
 0001:0000EFCC       @VarNull
 0001:0000F820       @VarStringToOleStr
 0001:0001129C       @VarToBool
 0001:00010F54       @VarToBoolean
 0001:00010394       @VarToByte
 0001:00012140       @VarToCurrency
 0001:00011BD8       @VarToDate
 0001:000135C0       @VarToDisp
 0001:00011468       @VarToDouble
 0001:00010958       @VarToInt64
 0001:0000FE94       @VarToInteger
 0001:000134F4       @VarToIntf
 0001:0001060C       @VarToLongWord
 0001:000127F4       @VarToLStr
 0001:000117E4       @VarToReal
 0001:000102E4       @VarToShortInt
 0001:00011800       @VarToSingle
 0001:0001043C       @VarToSmallInt
 0001:00010534       @VarToWord
 0001:00012F1C       @VarToWStr
 0001:0000372C       @WStrArrayClr
 0001:00003750       @WStrAsg
 0001:00003714       @WStrClr
 0001:0000388C       @WStrCmp
 0001:00003910       @WStrCopy
 0001:00003860       @WStrFromLStr
 0001:00003774       @WStrFromPCharLen
 0001:00003824       @WStrFromPWChar
 0001:00003800       @WStrFromPWCharLen
 0001:00003880       @WStrLen
 0001:0000395C       @WStrSetLength
 0001:00003870       @WStrToPWChar
 0001:00001D8C       @_CLenToPasStr
 0001:00001D80       @_CToPasStr
 0001:000018E0       @_IOTest
 0001:00003E80       @_lldiv
 0001:00003EFC       @_llmod
 0001:00003E5C       @_llmul
 0001:0000B698       Abort
 0001:0004360C       AbsMin
 0001:0000BA64       AbstractErrorHandler
 0002:0000302C       AbstractErrorProc
 0002:00000140       AccessMode
 0001:00001848       AcquireExceptionObject
 0001:0001A954       ActivateClassGroup
 0001:00005A8C       ActivateKeyboardLayout
 0002:00003B7C       ActiveDrag
 0001:000181F0       ActiveX
 0001:00052B00       ActnList
 0001:00000484       AddBlockAfter
 0001:00069D8C       AddChars
 0001:0006CE34       AddCurrency
 0001:0006C604       AddCurrencySymbol
 0002:00000598       AddDataModule
 0001:0006BF10       AddDigit
 0001:0000733C       AddExitProc
 0001:00075648       AddFieldDefs
 0001:000AE1A4       AddFields
 0001:000758A4       AddFields
 0001:0001E638       AddFinished
 0001:000560D4       AddIn
 0001:0006D124       AddLiterals
 0001:0008D97C       AddMessage
 0001:00004ABC       AddModuleUnloadProc
 0001:00004AAC       AddModuleUnloadProc
 0001:0006C6E4       AddNegCurrencySymbol
 0001:0006B478       AddNormalizedFractions
 0001:0001E670       AddNotFinished
 0001:0006BEF4       AddOneChar
 0001:00069E48       AddStrings
 0001:0001F094       AddSubComponentsToLoaded
 0002:000010A4       AdjustAmt
 0002:00001094       AdjustAmt
 0002:0000109C       AdjustAmt
 0002:000010AC       AdjustAmt
 0001:00028FFC       AdjustColor
 0001:00034884       AdjustColors
 0001:0006A8A4       AdjustDecimalPosition
 0001:00080B48       AdjustFirstRecord
 0001:0005D0EC       Adjustment
 0001:0006B7D0       AdjustNibbles
 0001:00005A94       AdjustWindowRectEx
 0001:0000CE2C       AL1
 0002:00000310       AL1s
 0001:0000CE3C       AL2
 0002:00000320       AL2s
 0002:000020A4       AlignFlags
 0002:000009C0       Alignments
 0002:00000F38       Alignments
 0002:00000C10       Alignments
 0002:00000F28       Alignments
 0001:00063FE4       AlignWork
 0001:00048CC0       AlignWork
 0001:00024EFC       AllocateHWnd
 0001:000072F0       AllocMem
 0002:000035B4       AllocMemCount
 0002:000035B8       AllocMemSize
 0001:0002E320       AllocPatternBitmap
 0001:000052F0       AllocTlsBuffer
 0001:0000CE6C       ALR
 0001:0000CE54       ALV
 0001:00021DF4       AncestorIsValid
 0002:00000D14       AnchorAlign
 0002:00000D08       AnimateWindowProc
 0002:00000E10       AnimationStyle
 0001:0000751C       AnsiCompareStr
 0001:00007554       AnsiCompareText
 0001:00007634       AnsiExtractQuotedStr
 0001:00007E08       AnsiLastChar
 0001:00005A9C       AnsiLower
 0001:000074E8       AnsiLowerCase
 0001:0000C410       AnsiLowerCaseFileName
 0001:0000C3D8       AnsiPos
 0001:0005A8E8       AnsiSameCaption
 0001:0000758C       AnsiSameText
 0001:000075A4       AnsiStrIComp
 0001:000075C4       AnsiStrLIComp
 0001:0000C528       AnsiStrPos
 0001:0000C5C8       AnsiStrRScan
 0001:0000C5F0       AnsiStrScan
 0001:0008D4B4       AnsiToNative
 0001:0008D574       AnsiToNativeBuf
 0001:0000508C       AnsiToUtf8
 0001:000074B4       AnsiUpperCase
 0001:0000C49C       AnsiUpperCaseFileName
 0001:0001347C       AnyToIntf
 0001:0000991C       AppendChars
 0001:00009CE0       AppendFormat
 0001:00009980       AppendNumber
 0001:00009960       AppendString
 0002:00003BE0       Application
 0001:0008CBBC       ApplicationHandleException
 0002:000005A8       ApplicationHandleException
 0002:000005B0       ApplicationShowException
 0002:00001064       AppVisible
 0002:00002070       ArrowKey
 0001:0000BA48       AssertErrorHandler
 0002:00003024       AssertErrorProc
 0001:0009B108       AssignFields
 0001:00017820       AssignLongStr
 0001:00017E9C       AssignVariant
 0001:000763A8       AttributeSetStored
 0002:0000360C       avail
 0001:0000800C       BackfillGetDiskFreeSpaceEx
 0001:000461A0       BackgroundClipped
 0001:0000DC98       BackupVarBoolFromStr
 0001:0000DDF8       BackupVarBStrFromBool
 0001:0000DD18       BackupVarBStrFromCy
 0001:0000DD88       BackupVarBStrFromDate
 0001:0000DC2C       BackupVarCyFromStr
 0001:0000DBC0       BackupVarDateFromStr
 0001:0000DA7C       BackupVarI4FromStr
 0001:0000DA28       BackupVariantChangeTypeEx
 0001:0000DAE8       BackupVarR4FromStr
 0001:0000DB54       BackupVarR8FromStr
 0002:000012AC       BaseFieldTypes
 0002:00000458       BaseTypeMap
 0001:0006BDA4       BcdAdd
 0001:0006B980       BcdCompare
 0001:0006CA74       BcdCurrencyFormat
 0001:0006BD38       BcdDivide
 0001:0006BBE8       BcdDivide
 0001:00068F6C       BcdError
 0001:00068EFC       BcdErrorFmt
 0001:0006C424       BcdFixedOrNumberFormat
 0001:0006C3C0       BcdGeneralFormat
 0001:0006BA84       BcdMultiply
 0001:0006BB7C       BcdMultiply
 0001:0006C218       BcdScale
 0001:0006C3D8       BcdScientificFormat
 0001:0006BA48       BcdSubtract
 0001:0006C314       BCDToCurr
 0001:00069960       BcdToDouble
 0001:0006C0D4       BcdToStr
 0001:0006CB60       BcdToStrF
 0001:0008A64C       BDE
 0001:0008D23C       BdeCallBack
 0001:0008A7CC       BdeConst
 0002:00003CD0       BDEInitProcs
 0001:0000C03C       Beep
 0001:0001AD28       BeginGlobalLoading
 0001:00005AA4       BeginPaint
 0001:00029008       BetterSize
 0001:00034174       BevelLine
 0001:00034084       BevelRect
 0001:00056F48       BiDiDraw
 0001:0000583C       BitBlt
 0002:00000B44       BitBtnCaptions
 0002:00003AC0       BitBtnGlyphs
 0002:000008B4       BitmapCanvasList
 0002:000038AC       BitmapImageLock
 0001:0000DA64       BiUnimplemented
 0001:0006A740       BlankArgument
 0002:00001FE0       BlobTypeMap
 0002:000005D0       BlockCode
 0002:000035E4       blockDescBlockList
 0002:000035E8       blockDescFreeList
 0002:0000057C       BooleanIdents
 0002:00000454       BooleanToStringRule
 0002:000012DC       BoolFalse
 0001:00007B1C       BoolToStr
 0001:0001257C       BoolToWStrViaOS
 0002:00000C08       BorderStyles
 0002:000009B8       BorderStyles
 0001:00019C6C       Bounds
 0001:00005434       Bounds
 0002:00000ED0       Breaks
 0002:000038E4       BrushManager
 0002:00002074       BtnHintId
 0001:00074284       BuffersEqual
 0001:00080214       BufferToByteArray
 0001:0009F550       Build
 0001:000596FC       BuildImage
 0002:00000960       ButtonCaptions
 0002:00000934       ButtonNames
 0002:00000F4C       Buttons
 0001:00035814       Buttons
 0002:00000CAC       ButtonStyles
 0002:00003A78       ButtonWidths
 0001:000802C8       ByteArrayToBuffer
 0001:000287E8       BytesPerScanline
 0001:00028B40       ByteSwapColors
 0001:0000C120       ByteToCharIndex
 0001:0000C0F8       ByteToCharLen
 0001:0000C0BC       ByteType
 0001:0000C044       ByteTypeTest
 0002:00003BC8       CachedComCtrlVer
 0001:000A19DC       CalcAxis
 0001:000A2704       CalcAxis
 0001:000A1C20       CalcAxisState
 0001:000A1A68       CalcFixedAxis
 0001:00024E38       CalcJmpOffset
 0001:000A1B7C       CalcMaxCell
 0001:000A3BB0       CalcPageExtents
 0001:0006CD24       CalcPrecisionAndDigits
 0001:000A34AC       CalcScroll
 0001:000A2B14       CalcScrollBar
 0001:000A3810       CalcSizeInfo
 0001:00050A68       CalcSplitterPos
 0001:0007C204       CalcTotalSize
 0001:000763E8       CalculatedStored
 0001:00005AAC       CallNextHookEx
 0001:0000CDF0       CallTerminateProcs
 0001:00005AB4       CallWindowProc
 0001:000942AC       CanBlockRead
 0001:00044644       CancelDrag
 0001:000819B0       CancelNestedDataSets
 0001:0006A6D0       CanUseShort
 0002:00003B90       CanvasList
 0002:000038E8       CanvasList
 0002:0000090C       Captions
 0002:00000DCC       CaptureControl
 0001:0009FB60       CaretPos
 0002:00000E70       cBooleanToItemAutoFlag
 0002:00000488       CBooleanToRelationship
 0002:00002024       CBRetCode
 0002:00003AAE       CF_COMPONENT
 0002:00003AAC       CF_PICTURE
 0002:00003818       ChangeAnyProc
 0001:00042BC4       ChangeBiDiModeAlignment
 0001:00007E88       ChangeFileExt
 0002:00000C30       CharCases
 0002:00000C60       CharCases
 0001:00003128       CharFromWChar
 0001:0000C2F4       CharLength
 0001:00005ABC       CharLowerBuff
 0001:00005AC4       CharNext
 0001:000002D8       CharNext
 0001:00026ED4       CharsetToIdent
 0001:0000C208       CharToByteIndex
 0001:0000C26C       CharToByteLen
 0001:00005ACC       CharToOem
 0001:00005AD4       CharToOemA
 0001:00005ADC       CharToOemBuff
 0001:00005AE4       CharUpperBuff
 0001:0008D8F4       Check
 0001:000295D0       CheckBool
 0001:000B0F24       CheckForPassthroughs
 0001:0009687C       CheckIfParentScrolled
 0001:0008C854       CheckIndexOpen
 0001:000026D4       CheckJmp
 0001:00005AEC       CheckMenuItem
 0001:00080734       CheckNestedBrowseMode
 0002:00000EC0       Checks
 0001:00068AE8       CheckSqlTimeStamp
 0001:0001F0D0       CheckSubComponents
 0001:000235F0       CheckSynchronize
 0001:0005CB20       CheckTaskWindow
 0001:00013BD8       CheckType
 0001:000442F8       CheckUndock
 0001:0000BF30       CheckWin32Version
 0002:00000470       CInvalidCustomVariantType
 0002:00000E74       cItemAutoFlagToBoolean
 0002:00000E6C       cItemAutoFlagToMenu
 0001:00025088       Classes
 0001:0001A718       ClassNotFound
 0002:00001F40       Class_SMClient
 0002:00003814       ClearAnyProc
 0001:00026764       ClearColor
 0001:0006E2DC       ClearExcepInfo
 0001:000B0570       ClearSelection
 0001:000157E8       ClearVariantTypeList
 0001:00005AF4       ClientToScreen
 0001:0004E00C       ClientToWindow
 0001:000355C8       Clipboard
 0002:000008AC       ClipboardFormats
 0001:000356B4       Clipbrd
 0001:00005AFC       CloseClipboard
 0001:0000557C       CloseHandle
 0002:00003980       CloseThemeData
 0002:00003040       CmdLine
 0002:0000303C       CmdShow
 0002:00000E68       cMenuAutoFlagToItem
 0002:00000494       CmpTypeMap
 0001:0000DA70       CmpUnimplemented
 0002:00001124       CoAddRefServerProcess
 0001:0001819C       CoCreateInstance
 0002:0000111C       CoCreateInstanceEx
 0002:00001134       CoInitFlags
 0001:0001818C       CoInitialize
 0002:00001120       CoInitializeEx
 0001:0001AFE4       CollectionsEqual
 0002:0000062C       Colors
 0001:00026CCC       ColorToIdent
 0002:000009CC       ColorToPretyName
 0001:00026CBC       ColorToRGB
 0002:00000C4C       ComboBoxStyles
 0002:00003C20       ComClassManagerVar
 0001:0006D78C       ComConst
 0002:00003B18       ComCtlVersion
 0001:00035BB8       ComCtrls
 0002:00003BDC       CommandPool
 0001:0002E914       CommCtrl
 0001:00031188       CommDlg
 0001:00000764       Commit
 0002:00003628       committedRoot
 0001:0006E5A4       ComObj
 0001:0006B750       CompactBcd
 0001:00069B2C       CompareDigits
 0001:0009F8BC       CompareExtents
 0001:000556B8       CompareFront
 0001:0000741C       CompareMem
 0001:0006B530       CompareNormalizedFractions
 0001:000073EC       CompareStr
 0001:00005584       CompareString
 0001:0000743C       CompareText
 0001:00007A44       CompareWith
 0001:0001F1B0       ComponentCreated
 0001:000293A0       ComputeAldusChecksum
 0001:00035068       ComStrs
 0001:000987B4       ConcatField
 0001:00025404       Consts
 0001:0002E820       Contnrs
 0002:00003B4E       ControlAtom
 0002:00003B54       ControlAtomString
 0001:000618B4       ControlHasHelp
 0001:00051808       Controls
 0001:0000B438       ConvertAddr
 0001:00009A70       ConvertEraString
 0001:000072B4       ConvertError
 0001:000072CC       ConvertErrorFmt
 0001:00009BD8       ConvertYearString
 0001:00004294       CopyArray
 0001:0002B8B0       CopyBitmap
 0001:0002BF78       CopyBitmapAsMask
 0001:0006C3AC       CopyByte
 0001:00005844       CopyEnhMetaFile
 0001:0002BF14       CopyPalette
 0002:00000BA4       Copyright
 0001:000587A8       CopyToBest
 0002:00001128       CoReleaseServerProcess
 0002:0000112C       CoResumeClassObjects
 0002:00001130       CoSuspendClassObjects
 0001:00018194       CoUninitialize
 0001:0000C178       CountChars
 0002:000038C4       CounterLock
 0002:00000474       CRangeToType
 0001:0000B98C       CreateAssertException
 0001:0000BB14       CreateAVObject
 0001:0000584C       CreateBitmap
 0001:00005854       CreateBrushIndirect
 0001:0000585C       CreateCompatibleBitmap
 0001:00005864       CreateCompatibleDC
 0001:0001F230       CreateComponent
 0001:00005874       CreateDIBitmap
 0001:0000586C       CreateDIBSection
 0001:00008080       CreateDir
 0001:0000558C       CreateDirectory
 0001:00005594       CreateEvent
 0001:0007F2A8       CreateFieldDefs
 0001:0000559C       CreateFile
 0001:0000587C       CreateFontIndirect
 0001:00005884       CreateHalftonePalette
 0001:00005B04       CreateIcon
 0001:0000B8B8       CreateInOutError
 0001:00005B0C       CreateMenu
 0001:00031C48       CreateMessageDialog
 0001:000055AC       CreateMutexA
 0001:0000588C       CreatePalette
 0001:00005894       CreatePenIndirect
 0001:00005B14       CreatePopupMenu
 0001:0000589C       CreateSolidBrush
 0001:00028B98       CreateSystemPalette
 0001:000055CC       CreateThread
 0001:00006124       CreateWindow
 0001:000060CC       CreateWindowEx
 0002:00000904       CreationControl
 0002:00000D0C       CreationControl
 0002:00000568       CRelationshipToBoolean
 0002:00000438       CResult
 0002:00003CB8       CSAnsiToNative
 0002:00000CF8       CSHREDRAW
 0002:00000138       cSimpleBoolStrs
 0002:00003CA0       CSNativeToAnsi
 0002:00000510       CText
 0002:00000E08       Ctl3DStyles
 0002:00000CA4       Ctl3DStyles
 0001:0009FB2C       Ctrl
 0002:00003620       curAlloc
 0001:00013E6C       CurrCompare
 0002:0000368C       CurrencyDecimals
 0002:00003688       CurrencyFormat
 0002:00003684       CurrencyString
 0001:00009908       CurrentYear
 0001:0006C288       CurrToBCD
 0001:000091E4       CurrToStr
 0001:0000924C       CurrToStrF
 0001:0001250C       CurrToWStrViaOS
 0002:00000FE8       CursorMap
 0002:00000D1C       Cursors
 0001:00042EE4       CursorToIdent
 0002:00000FD8       cUseAlpha
 0002:00000FE0       cUseColorKey
 0002:00000330       CVarTypeToElementInfo
 0001:00007798       CvtInt
 0001:00007804       CvtInt64
 0002:00000178       CWNear
 0002:00001110       CWNear
 0002:00000D00       Data
 0001:000740F0       DatabaseError
 0001:0007419C       DatabaseErrorFmt
 0002:00001FC4       DataTypeMap
 0001:00013E44       DateCompare
 0002:0000368D       DateSeparator
 0001:000801CC       DateTimeToNative
 0001:00068A18       DateTimeToSQLTimeStamp
 0001:0000A4F0       DateTimeToStr
 0001:0000A494       DateTimeToString
 0001:0000943C       DateTimeToTimeStamp
 0001:00012544       DateToWStrViaOS
 0001:00067A5C       DateUtils
 0001:000098E0       DayOfWeek
 0001:000679F4       DaysInAMonth
 0001:000828FC       DB
 0002:00003C44       DBApplication
 0001:00086948       DBCommon
 0001:00067CDC       DBConsts
 0001:000AAB70       DBCtrls
 0001:000B3900       DBGrids
 0001:00089062       DbiAcqPersistTableLock
 0001:00089074       DbiAcqTableLock
 0001:00088972       DbiActivateFilter
 0001:000882CA       DbiAddAlias
 0001:00088234       DbiAddDriver
 0001:0008897E       DbiAddFilter
 0001:00088E9A       DbiAddIndex
 0001:00089026       DbiAddPassword
 0001:0008854C       DbiAnsiToNative
 0001:00088E40       DbiAppendRecord
 0001:00088378       DbiApplyDelayedUpdates
 0001:00088960       DbiBatchMove
 0001:0008851C       DbiBcdFromFloat
 0001:00088522       DbiBcdToFloat
 0001:000881C8       DbiBeginConstraintLayer
 0001:00088384       DbiBeginDelayedUpdates
 0001:000890B0       DbiBeginLinkMode
 0001:0008894E       DbiBeginTran
 0001:00088D44       DbiCfgAddRecord
 0001:00088D5C       DbiCfgBuildPath
 0001:00088D38       DbiCfgDropRecord
 0001:00088D2C       DbiCfgGetHelp
 0001:00088D50       DbiCfgGetNextNode
 0001:00088D4A       DbiCfgGetRecord
 0001:00088D26       DbiCfgMerge
 0001:00088D3E       DbiCfgModifyRecord
 0001:00088D56       DbiCfgPosition
 0001:00088D62       DbiCfgSave
 0001:00088D32       DbiCfgTranslate
 0001:00088DD4       DbiCheckRefresh
 0001:000881B0       DbiCheckSQLExpression
 0001:00088ECA       DbiCloneCursor
 0001:0008856A       DbiCloseConfigFile
 0001:00089176       DbiCloseCursor
 0001:0008918E       DbiCloseDatabase
 0001:000884CE       DbiCloseFieldXlt
 0001:00088EF4       DbiCloseIndex
 0001:0008902C       DbiCloseSession
 0001:00088ED0       DbiCompareBookMarks
 0001:00088E3A       DbiCompareKeys
 0001:00088EAC       DbiCopyTable
 0001:000890C2       DbiCreateInMemTable
 0001:00088EB2       DbiCreateTable
 0001:00088E10       DbiCreateTempTable
 0001:00088198       DbiDatabaseFlush
 0001:00088F00       DbiDateDecode
 0001:00088F06       DbiDateEncode
 0001:0008896C       DbiDeactivateFilter
 0001:00088CFC       DbiDebugLayerOptions
 0001:000882B2       DbiDeleteAlias
 0001:0008822E       DbiDeleteDriver
 0001:00088E94       DbiDeleteIndex
 0001:00089134       DbiDeleteRecord
 0001:00088EA0       DbiDeleteTable
 0001:0008A5B5       DbiDLLExit
 0001:00088E7C       DbiDoRestructure
 0001:00088258       DbiDRAdd
 0001:0008834E       DbiDRAddAttr
 0001:00088366       DbiDRClose
 0001:000882E8       DbiDRCreate
 0001:000882AC       DbiDRCreateEnumAttrDomain
 0001:00088354       DbiDRCreateObjectType
 0001:00088342       DbiDRCreateRelationType
 0001:000882E2       DbiDRDelete
 0001:000882A0       DbiDRDeleteEnumAttrDomain
 0001:00088336       DbiDRDeleteObjectType
 0001:0008833C       DbiDRDeleteRelationType
 0001:00088252       DbiDRDrop
 0001:00088348       DbiDRDropAttr
 0001:0008835A       DbiDRExportToFile
 0001:00088318       DbiDRGetAttrDescs
 0001:00088372       DbiDRGetDesc
 0001:0008829A       DbiDRGetEnumAttrDomain
 0001:00088300       DbiDRGetObjID
 0001:0008831E       DbiDRGetObjTypeInfo
 0001:0008825E       DbiDRGetRelatedObject
 0001:00088312       DbiDRGetRelTypeInfo
 0001:00088360       DbiDRImportFromFile
 0001:000882EE       DbiDRLoadDBObject
 0001:000882A6       DbiDRModifyEnumAttrDomain
 0001:0008836C       DbiDROpen
 0001:0008832A       DbiDROpenAttrTypeList
 0001:00088330       DbiDROpenObjectTypeList
 0001:0008830C       DbiDROpenObjSet
 0001:00088306       DbiDROpenRelSet
 0001:00088324       DbiDROpenRelTypeList
 0001:00088978       DbiDropFilter
 0001:00089020       DbiDropPassword
 0001:000882FA       DbiDRSetToObjID
 0001:000882F4       DbiDRSetToObjName
 0001:00088E58       DbiEmptyTable
 0001:000881B6       DbiEndConstraintLayer
 0001:0008837E       DbiEndDelayedUpdates
 0001:000890AA       DbiEndLinkMode
 0001:00088948       DbiEndTran
 0001:0008D8D4       DbiError
 0001:0008A535       DbiExit
 0001:00088EE2       DbiExtractKey
 0001:00089044       DbiForceRecordReread
 0001:00089050       DbiForceReread
 0001:00088E04       DbiFormFullName
 0001:00088F90       DbiFreeBlob
 0001:00088420       DbiFreeSQLRequest
 0001:00088FA2       DbiGetBlob
 0001:00088F8A       DbiGetBlobHeading
 0001:00088FA8       DbiGetBlobSize
 0001:00088EDC       DbiGetBookMark
 0001:00088DCE       DbiGetCallBack
 0001:000889A2       DbiGetClientInfo
 0001:00089032       DbiGetCurrSession
 0001:0008904A       DbiGetCursorForTable
 0001:00089182       DbiGetCursorProps
 0001:00088FF0       DbiGetDatabaseDesc
 0001:00088D20       DbiGetDateFormat
 0001:00088276       DbiGetDefaultRepository
 0001:00089116       DbiGetDirectory
 0001:00088FFC       DbiGetDriverDesc
 0001:00088DF8       DbiGetErrorContext
 0001:00088DF2       DbiGetErrorEntry
 0001:00088E28       DbiGetErrorInfo
 0001:00088DFE       DbiGetErrorString
 0001:000888FA       DbiGetExactRecordCount
 0001:00088F12       DbiGetField
 0001:0008917C       DbiGetFieldDescs
 0001:00088FD8       DbiGetFieldTypeDesc
 0001:000884E0       DbiGetFilterInfo
 0001:00088EE8       DbiGetIndexDesc
 0001:0008855E       DbiGetIndexDescs
 0001:00088E8E       DbiGetIndexForField
 0001:00088E88       DbiGetIndexSeqNo
 0001:00088FCC       DbiGetIndexTypeDesc
 0001:0008898A       DbiGetLdName
 0001:0008892A       DbiGetLdNameFromDb
 0001:00088E1C       DbiGetLdObj
 0001:00089098       DbiGetLinkStatus
 0001:00088F60       DbiGetNetUserName
 0001:0008915E       DbiGetNextRecord
 0001:00088D08       DbiGetNumberFormat
 0001:0008853A       DbiGetObjFromName
 0001:000884EC       DbiGetObjFromObj
 0001:00089158       DbiGetPriorRecord
 0001:00088546       DbiGetProp
 0001:00089152       DbiGetRecord
 0001:00089146       DbiGetRecordCount
 0001:00088E34       DbiGetRecordForKey
 0001:0008914C       DbiGetRelativeRecord
 0001:000884A4       DbiGetRintDesc
 0001:0008912E       DbiGetSeqNo
 0001:00088F66       DbiGetSesInfo
 0001:00088426       DbiGetSQLRequest
 0001:00088F78       DbiGetSysConfig
 0001:00088F72       DbiGetSysInfo
 0001:00088F7E       DbiGetSysVersion
 0001:00088FB4       DbiGetTableOpenCount
 0001:00088FE4       DbiGetTableTypeDesc
 0001:00088D14       DbiGetTimeFormat
 0001:00088942       DbiGetTranInfo
 0001:000884AA       DbiGetVchkDesc
 0001:00088228       DbiImportODBC
 0001:00086958       DbiInit
 0001:0008A43A       DbiInitFn
 0001:00088EC4       DbiInitRecord
 0001:00089140       DbiInsertRecord
 0001:00089092       DbiIsRecordLocked
 0001:0008908C       DbiIsTableLocked
 0001:00089086       DbiIsTableShared
 0001:000890A4       DbiLinkDetail
 0001:00089080       DbiLinkDetailToExp
 0001:00088FBA       DbiLoadDriver
 0001:00088558       DbiMakePermanent
 0001:0008913A       DbiModifyRecord
 0001:00088552       DbiNativeToAnsi
 0001:00088FAE       DbiOpenBlob
 0001:00088576       DbiOpenCfgInfoList
 0001:00088570       DbiOpenConfigFile
 0001:00089194       DbiOpenDatabase
 0001:00088FF6       DbiOpenDatabaseList
 0001:00089002       DbiOpenDriverList
 0001:000890E0       DbiOpenFamilyList
 0001:000890F8       DbiOpenFieldList
 0001:00088FDE       DbiOpenFieldTypesList
 0001:000884BC       DbiOpenFieldXlt
 0001:00089104       DbiOpenFileList
 0001:000882D6       DbiOpenFunctionArgList
 0001:000882DC       DbiOpenFunctionList
 0001:00088EFA       DbiOpenIndex
 0001:000890FE       DbiOpenIndexList
 0001:00088FD2       DbiOpenIndexTypesList
 0001:000890F2       DbiOpenLdList
 0001:00089014       DbiOpenLockList
 0001:000881AA       DbiOpenNestedTable
 0001:0008819E       DbiOpenRef
 0001:00088282       DbiOpenRepositoryList
 0001:000890E6       DbiOpenRintList
 0001:000890C8       DbiOpenSecurityList
 0001:00088264       DbiOpenSessionRepository
 0001:0008844A       DbiOpenSPList
 0001:00088444       DbiOpenSPParamList
 0001:00089188       DbiOpenTable
 0001:0008910A       DbiOpenTableList
 0001:00088FEA       DbiOpenTableTypesList
 0001:0008901A       DbiOpenUserList
 0001:000890EC       DbiOpenVchkList
 0001:00088E5E       DbiPackTable
 0001:00088F9C       DbiPutBlob
 0001:00088F0C       DbiPutField
 0001:00088F24       DbiQAlloc
 0001:00088F3C       DbiQExec
 0001:00088F48       DbiQExecDirect
 0001:00088432       DbiQExecProcDirect
 0001:00088F2A       DbiQFree
 0001:00088F1E       DbiQGetBaseDescs
 0001:00088F30       DbiQInstantiateAnswer
 0001:00088F42       DbiQPrepare
 0001:0008842C       DbiQPrepareExt
 0001:0008843E       DbiQPrepareProc
 0001:00088F36       DbiQSetParams
 0001:00088438       DbiQSetProcParams
 0001:000890BC       DbiReadBlock
 0001:00088E52       DbiRegenIndex
 0001:00088E4C       DbiRegenIndexes
 0001:00088F18       DbiRegisterCallBack
 0001:0008905C       DbiRelPersistTableLock
 0001:00089068       DbiRelRecordLock
 0001:0008906E       DbiRelTableLock
 0001:00088EA6       DbiRenameTable
 0001:00089122       DbiResetRange
 0001:00089056       DbiSaveChanges
 0001:0008824C       DbiSchemaCacheFlush
 0001:00089038       DbiSetCurrSession
 0001:00088D1A       DbiSetDateFormat
 0001:0008827C       DbiSetDefaultRepository
 0001:00089110       DbiSetDirectory
 0001:00088E2E       DbiSetFieldMap
 0001:00089008       DbiSetLockRetry
 0001:00088D02       DbiSetNumberFormat
 0001:0008900E       DbiSetPrivateDir
 0001:00088540       DbiSetProp
 0001:00089128       DbiSetRange
 0001:00088D0E       DbiSetTimeFormat
 0001:00089170       DbiSetToBegin
 0001:00088ED6       DbiSetToBookMark
 0001:00089164       DbiSetToCursor
 0001:0008916A       DbiSetToEnd
 0001:0008911C       DbiSetToKey
 0001:00088E82       DbiSetToRecordNo
 0001:00088EBE       DbiSetToSeqNo
 0001:0008893C       DbiSortTable
 0001:000881D4       DbiSQLTextToCanEx
 0001:0008903E       DbiStartSession
 0001:00088EEE       DbiSwitchToIndex
 0001:00088E70       DbiTimeDecode
 0001:00088E76       DbiTimeEncode
 0001:00088E64       DbiTimeStampDecode
 0001:00088E6A       DbiTimeStampEncode
 0001:000884D4       DbiTranslateField
 0001:000884DA       DbiTranslateRecordStructure
 0001:00088F96       DbiTruncateBlob
 0001:00088996       DbiUndeleteRecord
 0001:0008909E       DbiUnlinkDetail
 0001:00088E16       DbiUseIdleTime
 0001:000884C2       DbiValidateProp
 0001:00088EB8       DbiVerifyField
 0001:000890B6       DbiWriteBlock
 0001:000A7588       DBLogDlg
 0001:000A7AF8       DBPWDlg
 0002:00003C40       DBScreen
 0001:0009BD2C       DBTables
 0001:000A8A00       DBUseRightToLeftAlignment
 0002:00000174       DCon10
 0002:00000628       DDBsOnly
 0001:00024FB0       DeallocateHWnd
 0002:00000028       DebugHook
 0002:0000368B       DecimalSeparator
 0001:00015058       DecIndices
 0001:000098C0       DecodeDate
 0001:00009774       DecodeDateFully
 0001:000095E4       DecodeTime
 0001:000007F8       Decommit
 0001:00000E14       DecommitFree
 0002:000035FC       decommittedRoot
 0001:00064C0C       Default
 0001:0005F53C       Default
 0002:00000020       Default8087CW
 0002:0000106C       DefaultBlank
 0002:00000D10       DefaultDockTreeClass
 0002:0000114C       DefaultFieldClasses
 0001:0008C840       DefaultSession
 0002:000035C0       DefaultUserCodePage
 0002:0000087C       DefBrushData
 0002:000005FC       DefFontData
 0001:00005B1C       DefFrameProc
 0002:00000204       DefLongDayNames
 0002:000001B8       DefLongMonthNames
 0001:00005B24       DefMDIChildProc
 0002:0000085C       DefPenData
 0002:000001E8       DefShortDayNames
 0002:00000188       DefShortMonthNames
 0001:00005B2C       DefWindowProc
 0001:00004600       DelayLoadResourceModule
 0001:000004B4       DeleteBlock
 0001:00000424       DeleteCriticalSection
 0001:000055D4       DeleteCriticalSection
 0001:000058A4       DeleteDC
 0001:000058AC       DeleteEnhMetaFile
 0001:00000C5C       DeleteFree
 0001:00005B34       DeleteMenu
 0001:000058B4       DeleteObject
 0001:000B0964       DeletePrompt
 0001:0003C9C0       DeleteSelectedText
 0001:0002B46C       DeselectBitmap
 0001:00005B3C       DestroyCursor
 0001:00005B44       DestroyIcon
 0001:00035744       DestroyLocals
 0001:00005B4C       DestroyMenu
 0001:00005B54       DestroyWindow
 0001:00040150       DialogEnumerationTester
 0001:000324B8       Dialogs
 0002:000008B8       DIBPalSizes
 0002:0000008C       dig
 0002:000020A0       Direction
 0001:00007CFC       DirectoryExists
 0001:0005C974       DisableTaskWindows
 0001:0006DCF0       DispatchInvoke
 0001:0006E2D0       DispatchInvokeError
 0001:00005B5C       DispatchMessage
 0001:00062B94       DispatchShortCut
 0001:0006E2EC       DispCall
 0001:0006E3D0       DispCallByID
 0002:00003000       DispCallByIDProc
 0001:0006E1FC       DispCallError
 0001:00074270       DisposeMem
 0001:00007298       DivMod
 0001:000311C0       Dlgs
 0001:0008D268       DLLDetachCallBack
 0002:00003CDC       dmTabelas
 0001:00048B50       DoAlign
 0001:00063E98       DoAlign
 0001:0007F878       DoBindFields
 0001:000A1874       DoCalc
 0001:0004CCCC       DoCalcConstraints
 0001:000A18DC       DoCalcRightToLeft
 0001:000A2064       DoChange
 0002:00003B84       DockSiteList
 0001:000593C8       DoClick
 0001:000A09E0       DoColWidths
 0001:0004A294       DoControlMsg
 0001:0005C924       DoDisableWindow
 0001:00043C24       DoDragOver
 0001:00007310       DoExitProc
 0001:0004ED3C       DoFindControlZone
 0001:0005CA60       DoFindWindow
 0001:0004F2C8       DoFindZone
 0001:0004EDC0       DoForEach
 0001:000506CC       DoGetNextLimit
 0001:0005C8EC       DoneApplication
 0001:00051530       DoneControls
 0001:0000BE40       DoneExceptions
 0001:00060F10       DoNestedActivation
 0001:000235B0       DoneThreadSynchronization
 0001:00063CE8       DoPosition
 0001:00048710       DoPosition
 0001:0004FCF4       DoPrune
 0001:000338E8       DoRect
 0001:000A0A24       DoRowHeights
 0001:000501CC       DoSaveZone
 0001:000B05A4       DoSelection
 0001:000503D0       DoSetNewBounds
 0001:000A0488       DoSizeAdjust
 0002:00001114       Dot
 0002:00000584       DotSep
 0001:000A377C       DoUpdate
 0001:00029828       DoWrite
 0001:0001C4F0       DoWrite
 0001:00053D18       DoWrite
 0001:0002A588       DoWrite
 0001:0004987C       DoWriteDesignSize
 0001:00024BBC       DoWriteHeight
 0001:00024B54       DoWriteHorizontalOffset
 0001:000472E8       DoWriteIsControl
 0001:00024B88       DoWriteVerticalOffset
 0001:00024B2C       DoWriteWidth
 0002:00003B68       DragCapture
 0002:00003B5C       DragControl
 0001:0004436C       DragDone
 0001:00043BD4       DragFindTarget
 0001:00043BA8       DragFindWindow
 0002:00003B80       DragImageList
 0001:00043FC4       DragInit
 0001:00044134       DragInitControl
 0002:00003B64       DragInternalObject
 0001:00043AF0       DragMessage
 0002:00003B60       DragObject
 0002:00003B8C       DragSave
 0002:00003B74       DragSaveCursor
 0002:00003B6C       DragStartPos
 0002:00003B78       DragThreshold
 0001:00043CF4       DragTo
 0001:00064C48       DrawAppIcon
 0001:000A0DCC       DrawAxisLines
 0002:00003D00       DrawBitmap
 0001:000A1044       DrawCells
 0001:0004F860       DrawCloseButton
 0001:00005B64       DrawEdge
 0001:00005B6C       DrawFocusRect
 0001:00005B74       DrawFrameControl
 0001:0004F8B8       DrawGrabberLine
 0001:00005B7C       DrawIcon
 0001:00005B84       DrawIconEx
 0002:00000E44       DrawingStyles
 0001:000A0FB4       DrawLines
 0001:00005B8C       DrawMenuBar
 0001:0005A708       DrawMenuItem
 0001:00005B94       DrawText
 0002:00003984       DrawThemeBackground
 0002:000039A8       DrawThemeEdge
 0002:000039AC       DrawThemeIcon
 0002:00003A30       DrawThemeParentBackground
 0002:00003988       DrawThemeText
 0001:000AF858       DrawTitleCell
 0001:000881C2       DsProviderGetDataPacket
 0001:000881BC       DsResolver
 0001:00028668       DupBits
 0001:00015004       DynArrayBounds
 0001:000042AC       DynArrayClear
 0001:00014F7C       DynArrayDim
 0001:00014F60       DynArrayElTypeInfo
 0001:000154B4       DynArrayFromVariant
 0001:00014F20       DynArrayIndex
 0001:000042B4       DynArraySetLength
 0001:00014F94       DynArraySize
 0001:00015164       DynArrayToVariant
 0001:000150C4       DynArrayVariantBounds
 0001:0001511C       DynArrayVarType
 0001:0008DA2C       EDBEngineError.Create
 0001:0008DD70       EDBEngineError.Destroy
 0001:0008DDE4       EDBEngineError.GetError
 0002:00000F30       EdgeStyle
 0002:00000DF8       EdgeStyles
 0002:00000C94       EdgeStyles
 0001:0000B88C       EHeapException.FreeInstance
 0001:00005B9C       EmptyClipboard
 0001:00013CD0       EmptyCompare
 0002:00003800       EmptyParam
 0002:000000BC       EmptyStr
 0002:000000C0       EmptyWideStr
 0001:00005BA4       EnableMenuItem
 0002:00000EC8       Enables
 0001:00005BAC       EnableScrollBar
 0001:0005CA28       EnableTaskWindows
 0002:00003A18       EnableThemeDialogTexture
 0002:00003A34       EnableTheming
 0001:00005BB4       EnableWindow
 0001:00009744       EncodeDate
 0001:000095A4       EncodeTime
 0001:0001ADB0       EndGlobalLoading
 0001:00084D0C       EndOfLiteral
 0001:00005BBC       EndPaint
 0002:00002044       EndType
 0001:00000414       EnterCriticalSection
 0001:000055DC       EnterCriticalSection
 0001:000055E4       EnumCalendarInfoA
 0001:00005BC4       EnumClipboardFormats
 0002:00003918       EnumDisplayMonitors
 0001:0000B0AC       EnumEraNames
 0001:0000B0E8       EnumEraYearOffsets
 0001:0005FB00       EnumMonitorsProc
 0001:00005BCC       EnumThreadWindows
 0001:0001E9E0       EnumValue
 0001:00005BD4       EnumWindows
 0001:0006DA20       EOleException.Create
 0001:0006D950       EOleSysError.Create
 0001:00005BDC       EqualRect
 0002:00003754       EraNames
 0001:0000A768       EraToYear
 0002:00003770       EraYearOffsets
 0002:00000064       errCaption
 0001:00086950       ErrCat
 0001:00076010       Error
 0001:0001E1C4       Error
 0001:00055408       Error
 0001:0001A2BC       Error
 0001:000018D4       Error
 0002:00000004       ErrorAddr
 0001:00001888       ErrorAt
 0001:0000B938       ErrorHandler
 0002:00000220       ErrorMap
 0002:00003008       ErrorProc
 0002:000033E8       ErrOutput
 0001:0007401C       EUpdateError.Create
 0001:000740C0       EUpdateError.Destroy
 0002:000012A4       Events
 0001:00001828       ExceptAddr
 0002:0000300C       ExceptClsProc
 0001:0000BDAC       ExceptHandler
 0001:0000B6B8       Exception.Create
 0001:0000B6F4       Exception.CreateFmt
 0001:0000B844       Exception.CreateHelp
 0001:0000B774       Exception.CreateRes
 0001:0000B7B0       Exception.CreateResFmt
 0002:0000301C       ExceptionClass
 0001:0000B444       ExceptionErrorMessage
 0002:00000258       ExceptMap
 0001:00001808       ExceptObject
 0002:00003010       ExceptObjProc
 0002:00003004       ExceptProc
 0001:000058BC       ExcludeClipRect
 0001:0000C3A0       ExcludeTrailingPathDelimiter
 0002:00000000       ExitCode
 0001:00002E5C       ExitDll
 0002:00003048       ExitProc
 0001:000002E0       ExitProcess
 0002:00003028       ExitProcessProc
 0002:00000134       ExitProcList
 0001:00007FD0       ExpandFileName
 0001:00035A00       ExtActns
 0001:000058C4       ExtCreatePen
 0001:00035008       ExtCtrls
 0001:0003586C       ExtDlgs
 0002:00000CD8       ExtendSelects
 0001:00074298       ExtractFieldName
 0001:00007F88       ExtractFileExt
 0001:00007F50       ExtractFileName
 0001:00007F1C       ExtractFilePath
 0001:0006CFC8       ExtractLiterals
 0001:0006CC1C       ExtractMoneySymbol
 0002:0000205C       Exts
 0001:000058CC       ExtTextOut
 0002:00003790       FalseBoolStrs
 0001:000055EC       FatalAppExitA
 0002:00003AB4       FClipboard
 0002:00000168       FCon1E18
 0002:0000110C       FConst10
 0002:00003C88       FCSect
 0001:000B0ED0       FieldIsMapped
 0002:000011E4       FieldTypeNames
 0001:00007C84       FileAge
 0001:00007C7C       FileClose
 0001:00007BC0       FileCreate
 0001:00007BE4       FileCreate
 0001:00007CEC       FileExists
 0002:000008B0       FileFormats
 0002:00000008       FileMode
 0001:00007B68       FileOpen
 0001:00007BEC       FileRead
 0002:000005C0       FilerSignature
 0001:00007C44       FileSeek
 0001:000055F4       FileTimeToDosDateTime
 0001:000055FC       FileTimeToLocalFileTime
 0001:00007C18       FileWrite
 0001:00000D44       FillAfterGap
 0001:00000CF0       FillBeforeGap
 0001:000A0D78       FillDWord
 0001:00000DDC       FillerSizeAfterGap
 0001:00000D6C       FillerSizeBeforeGap
 0001:00005BE4       FillRect
 0001:00005450       Finalization
 0001:000053D8       Finalization
 0001:000403C8       Finalization
 0001:0009BCA0       Finalization
 0001:0009C2BC       Finalization
 0001:000167F4       Finalization
 0001:000051A8       Finalization
 0001:0009ECA4       Finalization
 0001:00086918       Finalization
 0001:0002E358       Finalization
 0001:00018100       Finalization
 0001:000181C0       Finalization
 0001:000828A0       Finalization
 0001:00030F60       Finalization
 0001:00030FD0       Finalization
 0001:00031008       Finalization
 0001:00031040       Finalization
 0001:0003F744       Finalization
 0001:0006E524       Finalization
 0001:00031078       Finalization
 0001:000310B0       Finalization
 0001:000310E8       Finalization
 0001:0002E538       Finalization
 0001:00031120       Finalization
 0001:000A6DC4       Finalization
 0001:00031158       Finalization
 0001:0003F5DC       Finalization
 0001:000A6E7C       Finalization
 0001:000305DC       Finalization
 0001:0006D75C       Finalization
 0001:0006D6E4       Finalization
 0001:00030430       Finalization
 0001:000A7558       Finalization
 0001:000A7ABC       Finalization
 0001:00036694       Finalization
 0001:00035B40       Finalization
 0001:000AAB2C       Finalization
 0001:00035A08       Finalization
 0001:000359B0       Finalization
 0001:00068BF4       Finalization
 0001:0003010C       Finalization
 0001:00035958       Finalization
 0001:000358F4       Finalization
 0001:0000E1E4       Finalization
 0001:0003588C       Finalization
 0001:00067CAC       Finalization
 0001:000300D4       Finalization
 0001:00024FD8       Finalization
 0001:00067A2C       Finalization
 0001:0003008C       Finalization
 0001:000253D4       Finalization
 0001:000679BC       Finalization
 0001:00066EF4       Finalization
 0001:00031190       Finalization
 0001:0003245C       Finalization
 0001:00034FC0       Finalization
 0001:0002E7F0       Finalization
 0001:0008A79C       Finalization
 0001:0008A684       Finalization
 0001:0008A61C       Finalization
 0001:00035038       Finalization
 0001:00006274       Finalization
 0001:000062AC       Finalization
 0001:0000D800       Finalization
 0001:0000663C       Finalization
 0001:0002F0A4       Finalization
 0001:00035678       Finalization
 0001:0003583C       Finalization
 0001:0002F064       Finalization
 0001:0005A9E4       Finalization
 0001:000357DC       Finalization
 0001:000B38D0       Finalization
 0001:000B41D4       Finalization
 0001:000517A0       Finalization
 0001:00052AD0       Finalization
 0001:0003570C       Finalization
 0001:0002E8E4       Finalization
 0001:000B4E98       Finalization
 0001:000B4ED0       Finalization
 0001:00054468       Finalization
 0001:000165A8       Finalization
 0001:000042A4       FinalizeArray
 0001:00002C90       FinalizeUnits
 0001:00059188       Find
 0001:00021514       FindAncestor
 0001:00004670       FindBS
 0001:0001A7D8       FindClass
 0001:000045F8       FindClassHInstance
 0001:00005604       FindClose
 0001:000002F0       FindClose
 0001:00000CC0       FindCommitted
 0001:00042CC4       FindControl
 0001:0004F4F4       FindControlAtPos
 0001:000163B8       FindCustomVariantType
 0001:00016470       FindCustomVariantType
 0001:00044690       FindDragTarget
 0001:0001F3E0       FindExistingComponent
 0001:0000560C       FindFirstFile
 0001:000002F8       FindFirstFile
 0001:00005614       FindFirstFileA
 0001:0005CB6C       FindGlobalComponent
 0001:0001AC40       FindGlobalComponent
 0002:00003864       FindGlobalComponentProcs
 0001:000045D0       FindHInstance
 0001:0001AAE8       FindIdentToInt
 0001:0001AA6C       FindIntToIdent
 0002:00003A74       FindMsg
 0001:0001E570       FindNestedComponent
 0001:000553D0       FindPopupControl
 0001:0000DEAC       FindProc
 0001:0000561C       FindResource
 0001:00004648       FindResourceHInstance
 0001:00066748       FindScanline
 0001:0003F1D8       FindString
 0001:0005CAC4       FindTopMostWindow
 0001:000202C4       FindUniqueName
 0001:00014810       FindVarData
 0001:0004465C       FindVCLWindow
 0001:00005BEC       FindWindow
 0001:000401A8       FindWinHelp
 0001:0002B864       FixupBitFields
 0002:00000F40       Flags
 0002:000037A0       FLanguages
 0001:00030460       FlatSB
 0002:00003944       FlatSB_EnableScrollBar
 0002:00003950       FlatSB_GetScrollInfo
 0002:00003954       FlatSB_GetScrollPos
 0002:0000394C       FlatSB_GetScrollRange
 0002:0000395C       FlatSB_SetScrollInfo
 0002:00003958       FlatSB_SetScrollPos
 0001:00030150       FlatSB_SetScrollProp
 0002:00003960       FlatSB_SetScrollRange
 0002:00003948       FlatSB_ShowScrollBar
 0002:00001F78       FldSubTypeMap
 0002:00001F50       FldTypeMap
 0001:00008E74       FloatToDecimal
 0001:000091B4       FloatToStr
 0001:00009214       FloatToStrF
 0001:000088AC       FloatToText
 0001:00008B80       FloatToTextFmt
 0001:00001A70       Flush
 0002:0000017C       FMSecsPerDay
 0001:0006D720       FMTBcd
 0002:000010D8       FMTBcdVariantType
 0001:000087A8       FmtStr
 0002:00000F5C       FocusCount
 0002:00000F58       FocusMessages
 0002:000007CC       FontCharsets
 0002:000038DC       FontManager
 0001:00007D20       ForceDirectories
 0001:0005CB40       ForegroundTask
 0002:00000184       Format
 0001:00008794       Format
 0001:0006D61C       FormatBcd
 0001:0000839C       FormatBuf
 0001:00008390       FormatClearStr
 0001:000092DC       FormatCurr
 0001:00008314       FormatError
 0002:00000160       FormatErrorStrs
 0001:00009284       FormatFloat
 0001:00067988       FormatMaskText
 0001:00005624       FormatMessage
 0001:0006D264       FormatOneBcd
 0001:0000836C       FormatVarToStr
 0001:00066F50       Forms
 0001:0009FB10       ForwardMovement
 0001:00001DC4       FPower10
 0002:00000900       FPrinter
 0001:0006BF8C       FractionToStr
 0001:000339AC       Frame3D
 0001:00005BF4       FrameRect
 0002:00003D10       frCadastro
 0002:00003D08       frConsultaEmpresas
 0001:0000D3E0       FreeAndNil
 0001:00094328       FreeBuffer
 0001:00000A2C       FreeCommitted
 0001:00000F4C       FreeCurAlloc
 0001:00044750       FreeDeviceContext
 0001:0004480C       FreeDeviceContexts
 0001:00024784       FreeIntConstList
 0001:00000300       FreeLibrary
 0001:0000562C       FreeLibrary
 0001:0002B3C0       FreeMemoryContexts
 0001:0005CBEC       FreeObjectInstance
 0001:00024ED8       FreeObjectInstance
 0001:0000564C       FreeResource
 0001:000006AC       FreeSpace
 0001:0008CE9C       FreeStatementLocale
 0001:0000CE0C       FreeTerminateProcs
 0001:00030614       FreeThemeLibrary
 0001:0008D1C8       FreeTimer
 0002:00003B14       FRichEditModule
 0001:0000CEDC       GDAL
 0001:00028658       GDICheck
 0001:000285B0       GDIError
 0001:000019D4       Get8087CW
 0001:00005654       GetACP
 0001:00005BFC       GetActiveWindow
 0001:00064374       GetAnimation
 0001:000315A4       GetAveCharSize
 0001:000058D4       GetBitmapBits
 0001:0000042C       GetBlockDesc
 0001:000058DC       GetBrushOrgEx
 0001:00005C04       GetCapture
 0001:00042F8C       GetCaptureControl
 0001:00005C0C       GetCaretPos
 0001:0001A784       GetClass
 0001:00005C14       GetClassInfo
 0001:00005C1C       GetClassName
 0001:00005C24       GetClientRect
 0001:00005C2C       GetClipboardData
 0001:0002A02C       GetClipboardFormats
 0001:000058E4       GetClipBox
 0001:000003C8       GetCmdShow
 0001:00052D28       GetColor
 0001:00035AE0       GetComCtlVersion
 0001:00000308       GetCommandLine
 0001:00000878       GetCommitted
 0001:00000908       GetCommittedAt
 0001:000228A4       GetComponentValue
 0001:00049E48       GetControlAtPos
 0001:000099CC       GetCount
 0001:0000565C       GetCPInfo
 0001:00005664       GetCurrentDirectoryA
 0001:000058EC       GetCurrentPositionEx
 0001:0000566C       GetCurrentProcessId
 0002:00003A28       GetCurrentThemeName
 0001:00005674       GetCurrentThreadId
 0001:000003B8       GetCurrentThreadId
 0001:00006030       GetCurrentTime
 0001:00005C34       GetCursor
 0001:00066758       GetCursorHeightMargin
 0001:00005C3C       GetCursorPos
 0001:000099F8       GetDate
 0001:0000567C       GetDateFormat
 0001:0000A680       GetDateOrder
 0001:00005C44       GetDC
 0001:00005C4C       GetDCEx
 0001:000058F4       GetDCOrgEx
 0001:00096038       GetDefaultExpression
 0001:0002DF68       GetDefFontCharSet
 0001:0001BAF0       GetDesigner
 0001:00005C54       GetDesktopWindow
 0001:0000590C       GetDeviceCaps
 0001:000295B8       GetDIB
 0001:000058FC       GetDIBColorTable
 0001:00005904       GetDIBits
 0001:00029500       GetDIBSizes
 0001:000287C8       GetDInColors
 0001:00005684       GetDiskFreeSpaceA
 0002:00000130       GetDiskFreeSpaceEx
 0001:000507AC       GetDockAlign
 0001:00043934       GetDockSiteAtPos
 0001:00005C5C       GetDoubleClickTime
 0001:00043C60       GetDropCtl
 0001:00002444       GetDynaMethod
 0001:00005914       GetEnhMetaFileBits
 0001:0000591C       GetEnhMetaFileHeader
 0001:00005924       GetEnhMetaFilePaletteEntries
 0001:000170E0       GetEnumName
 0001:000171B8       GetEnumNameValue
 0001:00017464       GetEnumProp
 0001:00017204       GetEnumValue
 0001:0000B160       GetEraNamesAndYearOffsets
 0001:0000A714       GetEraYearOffset
 0001:000181AC       GetErrorInfo
 0001:0008D9AC       GetErrorString
 0001:0000BAFC       GetExceptionClass
 0001:0000BCE0       GetExceptionObject
 0001:0001A70C       GetFieldClassTable
 0001:00095E40       GetFieldConstraint
 0001:000834E8       GetFieldInfo
 0001:000741F8       GetFieldProperty
 0001:0008CA60       GetFieldSource
 0001:0000568C       GetFileAttributes
 0001:0002A00C       GetFileFormats
 0001:0000BF50       GetFileVersion
 0001:00005824       GetFileVersionInfo
 0001:0000582C       GetFileVersionInfoSize
 0001:00017B8C       GetFloatProp
 0001:00005C64       GetFocus
 0001:00026EF4       GetFontData
 0001:00005C6C       GetForegroundWindow
 0001:0006D558       GetFormat
 0001:0000C890       GetFormatSettings
 0001:00005694       GetFullPathName
 0001:000909F8       GetHashCode
 0001:00026460       GetHashCode
 0001:000618EC       GetHelpInfo
 0001:0002F524       GetHelpSystem
 0001:00064158       GetHint
 0001:00064190       GetHintControl
 0001:0005A884       GetHotkey
 0001:00005C74       GetIconInfo
 0001:0006E068       GetIDsOfNames
 0001:0009AE60       GetIdx
 0001:00017FA8       GetInt64Prop
 0001:0001800C       GetInterfaceProp
 0001:0008D6E8       GetIntProp
 0001:00005C8C       GetKeyboardLayout
 0001:00005C94       GetKeyboardLayoutList
 0001:00005C9C       GetKeyboardState
 0001:000020B0       GetKeyboardType
 0001:00005C7C       GetKeyNameText
 0001:00005C84       GetKeyState
 0001:00005CA4       GetLastActivePopup
 0001:0004EA74       GetLastChildZone
 0001:0000569C       GetLastError
 0001:0000AF24       GetLocaleChar
 0001:000056AC       GetLocaleInfo
 0001:00000310       GetLocaleInfo
 0001:0000AED8       GetLocaleStr
 0001:000056A4       GetLocalTime
 0001:00042F48       GetLongHint
 0001:00017834       GetLongStrProp
 0001:00005CAC       GetMenu
 0001:00061874       GetMenuHelpContext
 0001:00005CB4       GetMenuItemCount
 0001:00005CBC       GetMenuItemID
 0001:00005CC4       GetMenuItemInfo
 0001:000579D4       GetMenuSize
 0001:00005CCC       GetMenuState
 0001:00005CD4       GetMenuString
 0001:00005CDC       GetMessageTime
 0001:00017F30       GetMethodProp
 0001:00000318       GetModuleFileName
 0001:000056B4       GetModuleFileName
 0001:000052D0       GetModuleHandle
 0001:000056BC       GetModuleHandle
 0001:00000320       GetModuleHandle
 0001:000056C4       GetModuleHandleA
 0002:0000390C       GetMonitorInfo
 0002:00003910       GetMonitorInfoA
 0002:00003914       GetMonitorInfoW
 0001:0000AF88       GetMonthDayNames
 0001:0000592C       GetNearestColor
 0001:00005CE4       GetNextWindow
 0001:00005934       GetObject
 0002:00003C80       GetObjectContextProc
 0001:00017394       GetOrdProp
 0001:0000593C       GetPaletteEntries
 0001:0008CC8C       GetParamData
 0001:0008CBE4       GetParamDataSize
 0001:00005CEC       GetParent
 0001:0005CD40       GetParentForm
 0001:0008C878       GetPChar
 0001:00095E14       GetPChar
 0001:00083378       GetPChar
 0001:00005944       GetPixel
 0001:000056CC       GetProcAddress
 0001:00000328       GetProcAddress
 0001:00005CF4       GetProp
 0001:00016A80       GetPropInfo
 0001:00017268       GetPropInfo
 0001:00016A60       GetPropInfo
 0001:000172D8       GetPropInfo
 0001:00017310       GetPropInfos
 0001:00016AA0       GetPropValue
 0001:0005D200       GetRealScrollPosition
 0001:00052D08       GetRGBColor
 0001:00005CFC       GetScrollInfo
 0001:00005D04       GetScrollPos
 0001:00005D0C       GetScrollRange
 0001:000174D8       GetSetProp
 0001:00042F04       GetShortHint
 0001:0001772C       GetShortStrProp
 0001:000177C4       GetShortStrPropAsLongStr
 0001:000005D0       GetSpace
 0001:00000634       GetSpaceAt
 0001:00055460       GetSpecialName
 0001:00082BC4       GetSQLToken
 0001:00000330       GetStartupInfo
 0001:00090B88       GetStatementHandle
 0001:0008CE50       GetStatementLocale
 0001:000002B0       GetStdHandle
 0001:000056D4       GetStdHandle
 0001:00090A94       GetStmtInfo
 0001:0000594C       GetStockObject
 0001:000056DC       GetStringTypeEx
 0001:00017964       GetStrProp
 0001:00005D14       GetSubMenu
 0001:00005D1C       GetSysColor
 0001:00005D24       GetSysColorBrush
 0001:000056E4       GetSystemInfo
 0001:00005D2C       GetSystemMenu
 0002:000038FC       GetSystemMetrics
 0001:00005D34       GetSystemMetrics
 0001:00005954       GetSystemPaletteEntries
 0001:00095F88       GetTableConstraint
 0001:00005964       GetTextExtentPoint
 0001:0000595C       GetTextExtentPoint32
 0001:0000596C       GetTextMetrics
 0002:00003A20       GetThemeAppProperties
 0002:0000398C       GetThemeBackgroundContentRect
 0002:00003990       GetThemeBackgroundExtent
 0002:000039A0       GetThemeBackgroundRegion
 0002:000039C4       GetThemeBool
 0002:000039B8       GetThemeColor
 0002:00003A2C       GetThemeDocumentationProperty
 0002:000039CC       GetThemeEnumValue
 0002:000039EC       GetThemeFilename
 0002:000039D4       GetThemeFont
 0002:000039C8       GetThemeInt
 0002:000039E0       GetThemeIntList
 0002:000039DC       GetThemeMargins
 0002:000039BC       GetThemeMetric
 0002:00003994       GetThemePartSize
 0002:000039D0       GetThemePosition
 0002:000039E4       GetThemePropertyOrigin
 0002:000039D8       GetThemeRect
 0002:000039C0       GetThemeString
 0002:000039F8       GetThemeSysBool
 0002:000039F0       GetThemeSysColor
 0002:000039F4       GetThemeSysColorBrush
 0002:00003A00       GetThemeSysFont
 0002:00003A08       GetThemeSysInt
 0002:000039FC       GetThemeSysSize
 0002:00003A04       GetThemeSysString
 0002:00003998       GetThemeTextExtent
 0002:0000399C       GetThemeTextMetrics
 0001:000056EC       GetThreadLocale
 0001:00000338       GetThreadLocale
 0001:000056F4       GetTickCount
 0001:00009A30       GetTime
 0001:000052FC       GetTlsSize
 0001:00064924       GetTopMostWindows
 0001:00043094       GetTopParent
 0001:00005D3C       GetTopWindow
 0001:000170D4       GetTypeData
 0001:00069BE0       GetValueAndMultiplyOrder
 0001:00014A78       GetVarDataArrayInfo
 0001:00017EB0       GetVariantProp
 0001:000056FC       GetVersion
 0001:000003C0       GetVersion
 0001:00005704       GetVersionEx
 0001:000179D0       GetWideStrProp
 0001:000178B4       GetWideStrPropAsLongStr
 0001:00005D44       GetWindow
 0001:00005D4C       GetWindowDC
 0001:00005D54       GetWindowLong
 0001:0000597C       GetWindowOrgEx
 0001:00005D5C       GetWindowPlacement
 0001:00005D64       GetWindowRect
 0001:00005D6C       GetWindowText
 0002:00003A14       GetWindowTheme
 0001:00005D74       GetWindowThreadProcessId
 0001:00005D7C       GetWindowThreadProcessId
 0001:00005974       GetWinMetaFileBits
 0001:0000570C       GlobalAddAtom
 0001:00005714       GlobalAlloc
 0001:0000603C       GlobalAllocPtr
 0001:0000571C       GlobalDeleteAtom
 0001:00005724       GlobalFindAtom
 0002:00003868       GlobalFixupList
 0001:0001E6B8       GlobalFixupReferences
 0001:0000572C       GlobalFree
 0001:00006068       GlobalFreePtr
 0001:0000573C       GlobalHandle
 0001:00005734       GlobalLock
 0002:0000384C       GlobalNameSpace
 0001:00005744       GlobalReAlloc
 0001:0000604C       GlobalReAllocPtr
 0001:0000574C       GlobalUnlock
 0001:0002E42C       Graphics
 0001:0009F464       GridRect
 0001:000A6DF4       Grids
 0001:0001A900       GroupDescendentsWith
 0002:00000588       GUID_NULL
 0001:0000EEF4       HandleConversionException
 0001:00061AF4       HandleEdge
 0001:0001FB1C       HandleException
 0001:00039DC4       HasPopup
 0001:0003C994       HasSelectedText
 0002:00000024       HeapAllocFlags
 0002:000035C8       heapErrorCode
 0002:000035CC       heapLock
 0001:000300CC       HelpIntfs
 0002:00003938       HelpManager
 0002:00003A70       HelpMsg
 0002:00003B38       HelpViewer
 0002:00003B3C       HelpViewerIntf
 0002:0000012C       HexDisplayPrefix
 0002:00000C3C       HideSelections
 0001:00050828       HideZone
 0002:00003668       HInstance
 0002:00003BF4       HintDoneEvent
 0001:00064260       HintGetMsgHook
 0002:00003BF8       HintHook
 0001:00064204       HintMouseThread
 0002:00003BFC       HintThread
 0002:00003BF0       HintThreadID
 0001:000641B0       HintTimerProc
 0002:00000F50       HintWindowClass
 0002:000039A4       HitTestThemeBackground
 0001:000642A4       HookHintHooks
 0001:0000617C       HwndMSWheel
 0002:00000EE4       IBreaks
 0002:00000EF0       IChecks
 0002:00000920       IconIDs
 0002:00000EF8       IDefaults
 0001:00026EE4       IdentToCharset
 0001:00026CDC       IdentToColor
 0001:00042EF4       IdentToCursor
 0001:0001AB64       IdentToInt
 0002:00000F00       IEnables
 0001:00058778       IfHotkeyAvailable
 0002:00003BCC       ImageListWriteExProc
 0001:0002E840       ImageList_Add
 0001:0002E860       ImageList_AddIcon
 0001:0002E884       ImageList_BeginDrag
 0001:0002E828       ImageList_Create
 0001:0002E830       ImageList_Destroy
 0001:0002E894       ImageList_DragEnter
 0001:0002E89C       ImageList_DragLeave
 0001:0002E8A4       ImageList_DragMove
 0001:0002E8B4       ImageList_DragShowNolock
 0001:0002E86C       ImageList_Draw
 0001:0002E874       ImageList_DrawEx
 0001:0002E88C       ImageList_EndDrag
 0001:0002E858       ImageList_GetBkColor
 0001:0002E8BC       ImageList_GetDragImage
 0001:0002E8D4       ImageList_GetIconSize
 0001:0002E838       ImageList_GetImageCount
 0001:0002E8C4       ImageList_Read
 0001:0002E87C       ImageList_Remove
 0001:0002E848       ImageList_ReplaceIcon
 0001:0002E850       ImageList_SetBkColor
 0001:0002E8AC       ImageList_SetDragCursorImage
 0001:0002E8DC       ImageList_SetIconSize
 0001:0002E8CC       ImageList_Write
 0002:00000E54       Images
 0001:00054498       ImgList
 0001:0002F0D4       Imm
 0002:00000E38       IMM32DLL
 0001:000514C0       Imm32GetContext
 0001:0005151C       Imm32IsIME
 0001:000514D4       Imm32ReleaseContext
 0001:00051504       Imm32SetCompositionFont
 0001:000514EC       Imm32SetCompositionWindow
 0002:00000180       IMSecsPerDay
 0001:0000EFE0       InBounds
 0001:0000F280       InBounds
 0001:0009F504       Includes
 0001:0000F2B0       Increment
 0001:0000F010       Increment
 0002:00001088       IncrementAmount
 0001:00098A6C       IndexFieldOfs
 0001:00005D84       InflateRect
 0002:00001E34       INFO_IDAPI32
 0001:000358D4       IniFiles
 0001:00000AB8       InitAllocator
 0001:0002E91C       InitAnApi
 0002:00003924       InitApis
 0001:0006E4AC       InitComObj
 0001:0001AE0C       InitComponent
 0002:00003638       InitContext
 0001:000515B8       InitControls
 0001:0009BC78       InitDBTables
 0001:0002DFAC       InitDefFontData
 0001:0000CF6C       InitDriveSpacePtr
 0001:0000BDBC       InitExceptions
 0001:0009A21C       InitFieldDescriptors
 0001:000301AC       InitFlatSB
[...]
  6781 0001:00097F5F  6783 0001:00097F6E  6784 0001:00097F90  6788 0001:00097FA6
  6790 0001:00097FB5  6791 0001:00097FC1  6792 0001:00097FDE  6793 0001:00098000
  6794 0001:00098015  6796 0001:0009805E  6805 0001:00098064  6806 0001:0009808D
  6807 0001:00098094  6808 0001:000980A9  6809 0001:000980B7  6811 0001:000980CA
  6812 0001:000980F4  6813 0001:00098135  6816 0001:00098152  6817 0001:00098176
  6820 0001:00098181  6821 0001:0009819D  6823 0001:000981BC  6825 0001:000981D7
  6826 0001:00098212  6832 0001:00098228  6833 0001:00098247  6835 0001:00098259
  6836 0001:00098265  6837 0001:00098270  6838 0001:0009828D  6839 0001:0009829B
  6840 0001:000982A8  6843 0001:000982B3  6844 0001:000982D6  6846 0001:000982FC
  6849 0001:00098300  6850 0001:0009830C  6852 0001:00098326  6853 0001:00098334
  6855 0001:0009833F  6860 0001:00098344  6861 0001:0009835E  6863 0001:0009836A
  6864 0001:0009838C  6866 0001:000983A9  6867 0001:000983D3  6870 0001:000983D8
  6871 0001:000983E4  6872 0001:000983EE  6882 0001:000983F4  6883 0001:0009841A
  6885 0001:00098436  6886 0001:00098448  6887 0001:00098456  6888 0001:00098480
  6889 0001:0009848D  6890 0001:0009849B  6892 0001:000984CF  6893 0001:000984DD
  6894 0001:000984EF  6896 0001:00098509  6897 0001:0009851C  6896 0001:00098542
  6899 0001:00098547  6900 0001:00098556  6901 0001:00098564  6902 0001:0009857B
  6903 0001:00098598  6904 0001:000985A4  6906 0001:000985D1  6908 0001:000985E1
  6911 0001:000985F5  6912 0001:00098607  6913 0001:00098618  6907 0001:00098629
  6916 0001:0009864F  6919 0001:00098660  6920 0001:0009866B  6921 0001:00098679
  6922 0001:00098684  6923 0001:00098689  6924 0001:00098690  6925 0001:00098698
  6924 0001:000986B5  6927 0001:000986CA  6930 0001:000986EA  6933 0001:00098707
  6936 0001:00098725  6939 0001:00098745  6942 0001:0009878D  6945 0001:00098794
  6946 0001:0009879B  6947 0001:000987A6  6948 0001:000987AE  6957 0001:000987B4
  6958 0001:000987D3  6959 0001:000987DB  6960 0001:000987E8  6961 0001:0009883C
  6969 0001:00098850  6972 0001:00098879  6974 0001:00098885  6975 0001:0009888B
  6978 0001:00098895  6979 0001:0009889B  6980 0001:000988A6  6982 0001:000988B3
  6983 0001:000988C7  6984 0001:000988DF  6985 0001:000988F7  6986 0001:000988FF
  6987 0001:00098910  6988 0001:00098921  6989 0001:00098932  6990 0001:00098943
  6991 0001:00098954  6993 0001:00098961  6994 0001:0009897B  6997 0001:00098984
  6998 0001:0009898C  6999 0001:00098994  7001 0001:000989AE  7002 0001:000989D3
  7003 0001:000989E0  7004 0001:000989F1  7005 0001:000989FE  6999 0001:00098A01
  7006 0001:00098A06  7007 0001:00098A24  7009 0001:00098A2C  7011 0001:00098A5E
  7020 0001:00098A6C  7021 0001:00098A88  7022 0001:00098AA1  7023 0001:00098ABE
  7022 0001:00098AD7  7024 0001:00098ADC  7025 0001:00098B09  7026 0001:00098B30
  7030 0001:00098B34  7031 0001:00098B5A  7034 0001:00098B69  7035 0001:00098B7E
  7036 0001:00098B93  7037 0001:00098BB3  7039 0001:00098BCA  7040 0001:00098BDE
  7042 0001:00098BEA  7043 0001:00098BF7  7044 0001:00098C15  7046 0001:00098C30
  7047 0001:00098C49  7049 0001:00098C4F  7050 0001:00098C5B  7053 0001:00098C7F
  7056 0001:00098C88  7058 0001:00098CBE  7059 0001:00098CDD  7054 0001:00098CE7
  7061 0001:00098D01  7063 0001:00098D07  7064 0001:00098D13  7066 0001:00098D1C
  7065 0001:00098D41  7070 0001:00098D70  7129 0001:00098D78  7130 0001:00098D84
  7131 0001:00098DAB  7134 0001:00098DB0  7135 0001:00098DBC  7136 0001:00098DE3
  7152 0001:00098DE8  7153 0001:00098E20  7154 0001:00098E27  7155 0001:00098E2E
  7157 0001:00098E38  7158 0001:00098E46  7159 0001:00098E51  7160 0001:00098E5E
  7161 0001:00098E6C  7162 0001:00098E72  7164 0001:00098E81  7165 0001:00098E97
  7164 0001:00098EB7  7166 0001:00098EBC  7168 0001:00098ECE  7169 0001:00098EEA
  7171 0001:00098F2F  7172 0001:00098F48  7174 0001:00098F54  7175 0001:00098F62
  7176 0001:00098F68  7177 0001:00098F80  7178 0001:00098FB9  7181 0001:00098FCD
  7183 0001:00098FF3  7186 0001:00099006  7187 0001:00099019  7188 0001:00099059
  7191 0001:0009907C  7192 0001:00099088  7193 0001:00099099  7198 0001:000990A0
  7199 0001:000990C6  7200 0001:000990DA  7202 0001:000990FB  7204 0001:00099107
  7205 0001:0009911D  7206 0001:0009912B  7208 0001:00099133  7209 0001:00099143
  7210 0001:0009914F  7212 0001:0009918E  7215 0001:00099198  7216 0001:000991A4
  7217 0001:000991B6  7220 0001:000991BC  7221 0001:000991C8  7222 0001:000991D5
  7225 0001:000991DC  7226 0001:000991E8  7227 0001:000991F9  7232 0001:00099200
  7233 0001:0009920C  7235 0001:00099238  7241 0001:0009923C  7242 0001:00099264
  7243 0001:00099286  7244 0001:000992AB  7245 0001:000992B5  7247 0001:00099310
  7261 0001:00099314  7262 0001:00099330  7263 0001:0009933F  7265 0001:0009934E
  7268 0001:00099360  7270 0001:00099382  7271 0001:00099390  7272 0001:0009939E
  7273 0001:000993AE  7275 0001:000993BC  7276 0001:000993DA  7277 0001:000993E7
  7279 0001:00099402  7280 0001:0009943B  7282 0001:0009944F  7283 0001:0009945D
  7284 0001:0009946B  7285 0001:00099479  7286 0001:00099487  7287 0001:00099490
  7289 0001:0009949E  7277 0001:000994A1  7292 0001:000994B7  7293 0001:000994D6
  7295 0001:00099520  7301 0001:00099524  7302 0001:0009952D  7304 0001:0009956B
  7306 0001:0009957E  7308 0001:00099588  7309 0001:000995BB  7311 0001:000995CF
  7312 0001:000995DD  7313 0001:000995EB  7314 0001:000995F9  7305 0001:00099607
  7318 0001:00099631  7320 0001:00099642  7322 0001:00099648  7323 0001:00099665
  7324 0001:00099677  7325 0001:00099685  7326 0001:00099690  7327 0001:0009969E
  7328 0001:000996BC  7329 0001:000996C5  7331 0001:000996D9  7333 0001:00099715
  7336 0001:0009971C  7337 0001:0009973F  7338 0001:00099743  7339 0001:00099759
  7340 0001:0009977E  7341 0001:00099784  7343 0001:000997FC  7349 0001:00099810
  7350 0001:0009982D  7351 0001:00099838  7352 0001:00099852  7353 0001:00099864
  7354 0001:00099872  7357 0001:00099881  7358 0001:000998A4  7359 0001:000998AD
  7360 0001:000998BE  7361 0001:000998D9  7363 0001:000998FC  7365 0001:00099936
  7368 0001:0009993C  7369 0001:0009994B  7370 0001:00099953  7371 0001:0009995B
  7372 0001:0009996C  7373 0001:0009997A  7388 0001:00099980  7389 0001:00099989
  7390 0001:00099991  7391 0001:0009999C  7392 0001:000999A4  7393 0001:000999B1
  7394 0001:000999C3  7395 0001:000999D1  7396 0001:000999DA  7397 0001:000999F7
  7398 0001:00099A03  7400 0001:00099A30  7401 0001:00099A47  7403 0001:00099A65
  7405 0001:00099A82  7444 0001:00099A8C  7445 0001:00099A93  7446 0001:00099A9B
  7447 0001:00099AAF  7450 0001:00099AB4  7451 0001:00099ABB  7452 0001:00099AC3
  7453 0001:00099ACB  7454 0001:00099AE8  7465 0001:00099AF0  7466 0001:00099AF7
  7467 0001:00099B03  7470 0001:00099B08  7471 0001:00099B0F  7472 0001:00099B1B
  7485 0001:00099B20  7486 0001:00099B27  7487 0001:00099B3B  7495 0001:00099B40
  7496 0001:00099B69  7499 0001:00099B8E  7500 0001:00099B99  7501 0001:00099B9D
  7503 0001:00099BA1  7506 0001:00099BC5  7508 0001:00099BD4  7510 0001:00099BDA
  7511 0001:00099BE5  7512 0001:00099BE9  7516 0001:00099BEF  7517 0001:00099C06
  7520 0001:00099C1B  7521 0001:00099C29  7522 0001:00099C2D  7525 0001:00099C31
  7527 0001:00099C44  7528 0001:00099C64  7529 0001:00099C7A  7532 0001:00099CA3
  7533 0001:00099CB3  7536 0001:00099CBF  7537 0001:00099CF0  7540 0001:00099CF8
  7541 0001:00099CFF  7543 0001:00099D0B  7544 0001:00099D19  7545 0001:00099D24
  7547 0001:00099D31  7567 0001:00099D34  7568 0001:00099D5F  7569 0001:00099D67
  7570 0001:00099D6F  7573 0001:00099DAC  7574 0001:00099DB1  7575 0001:00099DD7
  7576 0001:00099DE2  7577 0001:00099DF3  7578 0001:00099E17  7579 0001:00099E28
  7581 0001:00099E4B  7582 0001:00099E69  7584 0001:00099E80  7585 0001:00099E94
  7586 0001:00099E96  7581 0001:00099E99  7587 0001:00099E9E  7588 0001:00099EA4
  7590 0001:00099EDF  7595 0001:00099EE4  7596 0001:00099EEB  7598 0001:00099F0C
  7599 0001:00099F20  7601 0001:00099F28  7604 0001:00099F2C  7605 0001:00099F38
  7606 0001:00099F40  7607 0001:00099F48  7608 0001:00099F50  7611 0001:00099F54
  7612 0001:00099F60  7613 0001:00099F68  7616 0001:00099F6C  7617 0001:00099F75
  7618 0001:00099F87  7621 0001:00099F8C  7622 0001:00099FAB  7623 0001:00099FD2
  7624 0001:0009A000  7627 0001:0009A004  7628 0001:0009A010  7629 0001:0009A024
  7632 0001:0009A028  7633 0001:0009A034  7634 0001:0009A045  7639 0001:0009A04C
  7640 0001:0009A055  7641 0001:0009A076  7642 0001:0009A095  7641 0001:0009A0B9
  7643 0001:0009A0BE  7644 0001:0009A0C6  7678 0001:0009A0CC  7679 0001:0009A0E5
  7682 0001:0009A0F9  7683 0001:0009A12A  7684 0001:0009A13B  7685 0001:0009A151
  7687 0001:0009A167  7688 0001:0009A170  7689 0001:0009A19E  7690 0001:0009A1AC
  7691 0001:0009A1BE  7692 0001:0009A1D6  7693 0001:0009A1E2  7696 0001:0009A20D
  7702 0001:0009A21C  7705 0001:0009A235  7706 0001:0009A243  7707 0001:0009A25B
  7708 0001:0009A279  7709 0001:0009A29A  7711 0001:0009A2B1  7712 0001:0009A2EC
  7713 0001:0009A2FF  7708 0001:0009A302  7714 0001:0009A307  7715 0001:0009A32A
  7716 0001:0009A339  7717 0001:0009A344  7718 0001:0009A359  7719 0001:0009A37D
  7720 0001:0009A38E  7723 0001:0009A3F4  7728 0001:0009A3F8  7729 0001:0009A3FE
  7730 0001:0009A419  7731 0001:0009A43C  7732 0001:0009A44B  7733 0001:0009A46F
  7734 0001:0009A489  7732 0001:0009A4C7  7735 0001:0009A4CC  7740 0001:0009A4D0
  7742 0001:0009A4D6  7744 0001:0009A4E4  7745 0001:0009A507  7746 0001:0009A50C
  7747 0001:0009A52D  7749 0001:0009A54A  7750 0001:0009A563  7751 0001:0009A57A
  7752 0001:0009A57D  7746 0001:0009A580  7753 0001:0009A585  7755 0001:0009A594
  7757 0001:0009A598  7758 0001:0009A5CA  7759 0001:0009A5D8  7760 0001:0009A5ED
  7761 0001:0009A5FB  7762 0001:0009A602  7763 0001:0009A615  7764 0001:0009A623
  7765 0001:0009A62A  7766 0001:0009A631  7767 0001:0009A638  7769 0001:0009A664
  7772 0001:0009A68A  7774 0001:0009A6EF  7845 0001:0009A6F4  7848 0001:0009A703
  7849 0001:0009A71C  7850 0001:0009A72F  7851 0001:0009A743  7853 0001:0009A77E
  7857 0001:0009A78B  7858 0001:0009A797  7859 0001:0009A7A4  7860 0001:0009A7AD
  7864 0001:0009A7B8  7867 0001:0009A7C0  7868 0001:0009A7CF  7869 0001:0009A7EE
  7870 0001:0009A7FC  7875 0001:0009A800  7876 0001:0009A809  7877 0001:0009A82D
  7882 0001:0009A834  7883 0001:0009A840  7884 0001:0009A846  7886 0001:0009A868
  7888 0001:0009A879  7889 0001:0009A884  7891 0001:0009A89B  7894 0001:0009A8AC
  7895 0001:0009A8B5  7896 0001:0009A8CB  7897 0001:0009A8E3  7907 0001:0009A8E8
  7908 0001:0009A8F1  7909 0001:0009A918  7912 0001:0009A91C  7913 0001:0009A925
  7914 0001:0009A94F  7917 0001:0009A954  7918 0001:0009A970  7920 0001:0009A9CA
  7927 0001:0009AA0C  7928 0001:0009AA2F  7929 0001:0009AA44  7930 0001:0009AA52
  7931 0001:0009AA63  7932 0001:0009AA85  7933 0001:0009AA95  7934 0001:0009AAAC
  7935 0001:0009AADE  7937 0001:0009AAFF  7939 0001:0009AB3C  7945 0001:0009AB50
  7946 0001:0009AB6E  7947 0001:0009AB72  7948 0001:0009AB87  7949 0001:0009AB95
  7950 0001:0009ABA8  7952 0001:0009ABB8  7953 0001:0009ABC9  7954 0001:0009ABE3
  7956 0001:0009ABF4  7957 0001:0009ABFF  7959 0001:0009AC37  7960 0001:0009AC3D
  7962 0001:0009AC43  7963 0001:0009AC5A  7965 0001:0009AC73  7967 0001:0009ACC5
  7970 0001:0009AD18  7971 0001:0009AD21  7972 0001:0009AD2D  7973 0001:0009AD51
  7974 0001:0009AD5F  7977 0001:0009AD64  7978 0001:0009AD70  7979 0001:0009AD7B
  7980 0001:0009AD87  7983 0001:0009AD8C  7984 0001:0009AD98  7985 0001:0009ADA3
  7986 0001:0009ADAF  7989 0001:0009ADB4  7990 0001:0009ADC1  7991 0001:0009ADCA
  7992 0001:0009ADDC  7994 0001:0009ADEF  7995 0001:0009ADFA  7996 0001:0009AE08
  7997 0001:0009AE18  7998 0001:0009AE22  8000 0001:0009AE31  8003 0001:0009AE38
  8004 0001:0009AE44  8005 0001:0009AE4F  8006 0001:0009AE5B  8015 0001:0009AE60
  8016 0001:0009AE7F  8017 0001:0009AE84  8018 0001:0009AEA9  8019 0001:0009AECE
  8020 0001:0009AEDC  8021 0001:0009AEF3  8022 0001:0009AF0E  8024 0001:0009AF25
  8025 0001:0009AF2F  8017 0001:0009AF32  8026 0001:0009AF5B  8030 0001:0009AF64
  8031 0001:0009AF85  8032 0001:0009AF8A  8033 0001:0009AF98  8034 0001:0009AFA6
  8035 0001:0009AFB7  8036 0001:0009AFD8  8037 0001:0009AFE9  8038 0001:0009B008
  8039 0001:0009B00E  8041 0001:0009B035  8043 0001:0009B03F  8044 0001:0009B045
  8045 0001:0009B051  8046 0001:0009B057  8047 0001:0009B063  8049 0001:0009B069
  8050 0001:0009B07A  8052 0001:0009B087  8053 0001:0009B0B1  8056 0001:0009B0B8
  8057 0001:0009B0C4  8058 0001:0009B0DE  8061 0001:0009B0E4  8062 0001:0009B0F0
  8063 0001:0009B101  8070 0001:0009B108  8071 0001:0009B125  8072 0001:0009B144
  8073 0001:0009B158  8074 0001:0009B199  8071 0001:0009B1CD  8075 0001:0009B1FE
  8077 0001:0009B204  8078 0001:0009B210  8080 0001:0009B21C  8081 0001:0009B224
  8082 0001:0009B22C  8083 0001:0009B233  8084 0001:0009B23B  8085 0001:0009B242
  8087 0001:0009B24C  8088 0001:0009B260  8089 0001:0009B268  8092 0001:0009B26C
  8093 0001:0009B278  8094 0001:0009B27E  8095 0001:0009B289  8101 0001:0009B290
  8102 0001:0009B2AF  8103 0001:0009B2BA  8105 0001:0009B2C6  8106 0001:0009B2D6
  8107 0001:0009B2DA  8108 0001:0009B2E8  8109 0001:0009B30A  8111 0001:0009B321
  8112 0001:0009B33A  8113 0001:0009B348  8115 0001:0009B34E  8118 0001:0009B357
  8119 0001:0009B378  8116 0001:0009B37E  8122 0001:0009B38D  8123 0001:0009B393
  8108 0001:0009B396  8124 0001:0009B39F  8125 0001:0009B3A5  8127 0001:0009B3CA
  9162 0001:0009B3D0  9163 0001:0009B40E  9164 0001:0009B417  9165 0001:0009B420
  9166 0001:0009B43A  9167 0001:0009B44B  9168 0001:0009B464  9169 0001:0009B473
  9170 0001:0009B4AE  9172 0001:0009B4C1  9174 0001:0009B4C7  9176 0001:0009B528
  9179 0001:0009B534  9180 0001:0009B54D  9182 0001:0009B594  9183 0001:0009B5A6
  9184 0001:0009B5C1  9186 0001:0009B5C6  9188 0001:0009B5CF  9189 0001:0009B5DE
  9190 0001:0009B5F9  9193 0001:0009B623  9194 0001:0009B62A  9195 0001:0009B675
  9198 0001:0009B67C  9199 0001:0009B690  9201 0001:0009B699  9202 0001:0009B6AF
  9203 0001:0009B6C7  9205 0001:0009B6E8  9206 0001:0009B6F1  9207 0001:0009B6FF
  9209 0001:0009B724  9211 0001:0009B73F  9216 0001:0009B748  9217 0001:0009B76B
  9218 0001:0009B770  9220 0001:0009B77D  9222 0001:0009B78A  9223 0001:0009B7BC
  9224 0001:0009B7CE  9225 0001:0009B7D4  9227 0001:0009B7DE  9228 0001:0009B814
  9232 0001:0009B822  9234 0001:0009B85A  9237 0001:0009B879  9238 0001:0009B888
  9239 0001:0009B8A3  9242 0001:0009B8FF  9243 0001:0009B90E  9244 0001:0009B91F
  9245 0001:0009B93E  9247 0001:0009B95B  9248 0001:0009B979  9249 0001:0009B984
  9250 0001:0009B98B  9253 0001:0009B9AC  9258 0001:0009B9B7  9262 0001:0009B9E0
  9267 0001:0009B9E8  9268 0001:0009B9F7  9269 0001:0009B9FC  9271 0001:0009BA09
  9273 0001:0009BA1C  9274 0001:0009BA27  9275 0001:0009BA35  9276 0001:0009BA50
  9279 0001:0009BA92  9282 0001:0009BAA5  9284 0001:0009BADA  9285 0001:0009BAE3
  9286 0001:0009BAE9  9287 0001:0009BAF0  9289 0001:0009BB0C  9292 0001:0009BB10
  9293 0001:0009BB20  9294 0001:0009BB33  9295 0001:0009BB3E  9296 0001:0009BB49
  9298 0001:0009BB5A  9299 0001:0009BB66  9302 0001:0009BB6C  9303 0001:0009BB73
  9305 0001:0009BB7C  9306 0001:0009BBA9  9307 0001:0009BBB0  9309 0001:0009BBC9
  9312 0001:0009BBCC  9313 0001:0009BBE8  9314 0001:0009BBED  9315 0001:0009BBF6
  9316 0001:0009BBFF  9317 0001:0009BC27  9318 0001:0009BC71  9325 0001:0009BC78
  9326 0001:0009BC7B  9327 0001:0009BC8A  9328 0001:0009BC9B  9344 0001:0009BCA0
  9345 0001:0009BCC3  9346 0001:0009BCCD  9347 0001:0009BCD7  9348 0001:0009BCDE
  9349 0001:0009BCE8  9350 0001:0009BCEF  9351 0001:0009BD27  9330 0001:0009BD2C
  9331 0001:0009BD38  9333 0001:0009BD42  9334 0001:0009BD4E  9336 0001:0009BD59
  9337 0001:0009BD6A  9338 0001:0009BD7D  9339 0001:0009BD8C  9340 0001:0009BD96
  9341 0001:0009BDA0  9343 0001:0009BDA7

Line numbers for uDataModule(uDataModule.pas) segment .text

    47 0001:0009C074    48 0001:0009C077    49 0001:0009C083    52 0001:0009C0C4
    53 0001:0009C0DF    54 0001:0009C0F5    56 0001:0009C107    57 0001:0009C114
    58 0001:0009C129    59 0001:0009C136    61 0001:0009C140    62 0001:0009C15E
    63 0001:0009C17C    65 0001:0009C19A    66 0001:0009C1C7    68 0001:0009C1CF
    69 0001:0009C1DC    70 0001:0009C206    72 0001:0009C2EC    72 0001:0009C2F3

Line numbers for uConsultaEmpresas(uConsultaEmpresas.pas) segment .text

    35 0001:000B3B60    36 0001:000B3B7A    37 0001:000B3B94    39 0001:000B3BAA
    40 0001:000B3BC4    42 0001:000B3BDA    43 0001:000B3BF4    44 0001:000B3C2A
    47 0001:000B3CB4    48 0001:000B3CD0    49 0001:000B3CE4    50 0001:000B3D26
    51 0001:000B3D52    56 0001:000B3D6C    57 0001:000B3D89    59 0001:000B3D97
    64 0001:000B3DAF    66 0001:000B3E48    60 0001:000B3E57    69 0001:000B3E72
    70 0001:000B3E8D    72 0001:000B3EB3    73 0001:000B3EDF    77 0001:000B3FC4
    78 0001:000B3FEA    80 0001:000B401B    82 0001:000B4033    85 0001:000B4048
    88 0001:000B409D    83 0001:000B40B0    91 0001:000B4109    95 0001:000B4128
    96 0001:000B4145    97 0001:000B4151    99 0001:000B415E   100 0001:000B4164
   101 0001:000B41CC   103 0001:000B4204   103 0001:000B420B

Line numbers for uCadastro(uCadastro.pas) segment .text

    70 0001:000B4674    71 0001:000B469B    72 0001:000B46AA    74 0001:000B46D9
    75 0001:000B46F4    76 0001:000B470F    77 0001:000B472A    78 0001:000B4748
    79 0001:000B4763    80 0001:000B477E    81 0001:000B4799    82 0001:000B47B4
    83 0001:000B47CF    84 0001:000B47EC    85 0001:000B480A    86 0001:000B4828
    87 0001:000B4845    88 0001:000B4863    89 0001:000B4880    91 0001:000B489E
    95 0001:000B48AD    97 0001:000B48E4   100 0001:000B4900   101 0001:000B4928
   102 0001:000B4937   103 0001:000B4962   105 0001:000B496E   107 0001:000B4978
   108 0001:000B4996   109 0001:000B49B4   110 0001:000B49D2   111 0001:000B49F0
   112 0001:000B4A11   113 0001:000B4A2F   114 0001:000B4A4D   115 0001:000B4A6B
   116 0001:000B4A89   117 0001:000B4AA7   118 0001:000B4AC7   119 0001:000B4AE8
   120 0001:000B4B09   121 0001:000B4B29   122 0001:000B4B4A   123 0001:000B4B6A
   124 0001:000B4B8B   126 0001:000B4B98   127 0001:000B4BF4   130 0001:000B4C20
   131 0001:000B4C4A   132 0001:000B4C50   134 0001:000B4C68   135 0001:000B4C75
   136 0001:000B4C82   137 0001:000B4C8F   138 0001:000B4C9C   139 0001:000B4CA9
   140 0001:000B4CB6   141 0001:000B4CC3   142 0001:000B4CD0   143 0001:000B4CDD
   144 0001:000B4CED   145 0001:000B4CFA   146 0001:000B4D07   147 0001:000B4D17
   148 0001:000B4D24   149 0001:000B4D34   151 0001:000B4D41   152 0001:000B4D45
   153 0001:000B4D78   156 0001:000B4D98   157 0001:000B4DB4   158 0001:000B4DC8
   159 0001:000B4DF8   161 0001:000B4E07   162 0001:000B4E34   166 0001:000B4E64
   167 0001:000B4E71   171 0001:000B4E74   172 0001:000B4E80   178 0001:000B4E84
   179 0001:000B4E92   180 0001:000B4E97   182 0001:000B4EC8   182 0001:000B4ECF

Line numbers for Project1(C:\Users\progvisual14\Desktop\curso\06-04\Project1.dpr) segment .text

    11 0001:000B5188    12 0001:000B5198    13 0001:000B51A4    14 0001:000B51BC
    15 0001:000B51D4    16 0001:000B51EC    17 0001:000B51F8

Bound resource files

c:\program files (x86)\borland\delphi7\Lib\Buttons.res
c:\program files (x86)\borland\delphi7\Lib\ExtDlgs.res
c:\program files (x86)\borland\delphi7\Lib\Controls.res
uDataModule.dfm
c:\program files (x86)\borland\delphi7\Lib\DBLogDlg.dfm
c:\program files (x86)\borland\delphi7\Lib\DBPWDlg.dfm
c:\program files (x86)\borland\delphi7\Lib\DBCtrls.res
c:\program files (x86)\borland\delphi7\Lib\DBGrids.res
uConsultaEmpresas.dfm
uCadastro.dfm
Project1.res
Project1.drf


Program entry point at 0001:000B5188
