
 Start         Length     Name                   Class
 0001:00000000 000B25F4H .text                   CODE
 0002:00000000 000027D4H .data                   DATA
 0002:000027D4 00000D15H .bss                    BSS


Detailed map of segments

 0001:00000000 000052CF C=CODE     S=.text    G=(none)   M=System   ACBP=A9
 0001:000052D0 00000140 C=CODE     S=.text    G=(none)   M=SysInit  ACBP=A9
 0001:00005410 00000078 C=CODE     S=.text    G=(none)   M=Types    ACBP=A9
 0001:00005488 00000E24 C=CODE     S=.text    G=(none)   M=Windows  ACBP=A9
 0001:000062AC 00000038 C=CODE     S=.text    G=(none)   M=Messages ACBP=A9
 0001:000062E4 00000390 C=CODE     S=.text    G=(none)   M=SysConst ACBP=A9
 0001:00006674 0000738C C=CODE     S=.text    G=(none)   M=SysUtils ACBP=A9
 0001:0000DA00 00000823 C=CODE     S=.text    G=(none)   M=VarUtils ACBP=A9
 0001:0000E224 000084A6 C=CODE     S=.text    G=(none)   M=Variants ACBP=A9
 0001:000166CC 00000160 C=CODE     S=.text    G=(none)   M=RTLConsts ACBP=A9
 0001:0001682C 0000192C C=CODE     S=.text    G=(none)   M=TypInfo  ACBP=A9
 0001:00018158 000000A0 C=CODE     S=.text    G=(none)   M=ActiveX  ACBP=A9
 0001:000181F8 0000CF4A C=CODE     S=.text    G=(none)   M=Classes  ACBP=A9
 0001:00025144 000002F0 C=CODE     S=.text    G=(none)   M=Consts   ACBP=A9
 0001:00025434 0000911B C=CODE     S=.text    G=(none)   M=Graphics ACBP=A9
 0001:0002E550 00000048 C=CODE     S=.text    G=(none)   M=Math     ACBP=A9
 0001:0002E598 000002B8 C=CODE     S=.text    G=(none)   M=Contnrs  ACBP=A9
 0001:0002E850 000000F4 C=CODE     S=.text    G=(none)   M=CommCtrl ACBP=A9
 0001:0002E944 00000787 C=CODE     S=.text    G=(none)   M=MultiMon ACBP=A9
 0001:0002F0CC 00000038 C=CODE     S=.text    G=(none)   M=Imm      ACBP=A9
 0001:0002F104 00000FF8 C=CODE     S=.text    G=(none)   M=HelpIntfs ACBP=A9
 0001:000300FC 00000038 C=CODE     S=.text    G=(none)   M=WinSpool ACBP=A9
 0001:00030134 00000044 C=CODE     S=.text    G=(none)   M=Printers ACBP=A9
 0001:00030178 0000031F C=CODE     S=.text    G=(none)   M=FlatSB   ACBP=A9
 0001:00030498 000001A4 C=CODE     S=.text    G=(none)   M=SyncObjs ACBP=A9
 0001:0003063C 000009BB C=CODE     S=.text    G=(none)   M=UxTheme  ACBP=A9
 0001:00030FF8 00000038 C=CODE     S=.text    G=(none)   M=RichEdit ACBP=A9
 0001:00031030 00000038 C=CODE     S=.text    G=(none)   M=ToolWin  ACBP=A9
 0001:00031068 00000038 C=CODE     S=.text    G=(none)   M=ShellAPI ACBP=A9
 0001:000310A0 00000038 C=CODE     S=.text    G=(none)   M=RegStr   ACBP=A9
 0001:000310D8 00000038 C=CODE     S=.text    G=(none)   M=WinInet  ACBP=A9
 0001:00031110 00000038 C=CODE     S=.text    G=(none)   M=UrlMon   ACBP=A9
 0001:00031148 00000038 C=CODE     S=.text    G=(none)   M=ShlObj   ACBP=A9
 0001:00031180 00000038 C=CODE     S=.text    G=(none)   M=CommDlg  ACBP=A9
 0001:000311B8 00000038 C=CODE     S=.text    G=(none)   M=Dlgs     ACBP=A9
 0001:000311F0 0000132D C=CODE     S=.text    G=(none)   M=Dialogs  ACBP=A9
 0001:00032520 00002B3E C=CODE     S=.text    G=(none)   M=ExtCtrls ACBP=A9
 0001:00035060 00000038 C=CODE     S=.text    G=(none)   M=ComStrs  ACBP=A9
 0001:00035098 0000069C C=CODE     S=.text    G=(none)   M=Clipbrd  ACBP=A9
 0001:00035734 00000038 C=CODE     S=.text    G=(none)   M=StrUtils ACBP=A9
 0001:0003576C 000000F5 C=CODE     S=.text    G=(none)   M=Buttons  ACBP=A9
 0001:00035864 00000038 C=CODE     S=.text    G=(none)   M=ExtDlgs  ACBP=A9
 0001:0003589C 00000068 C=CODE     S=.text    G=(none)   M=IniFiles ACBP=A9
 0001:00035904 00000068 C=CODE     S=.text    G=(none)   M=Registry ACBP=A9
 0001:0003596C 0000006C C=CODE     S=.text    G=(none)   M=Mapi     ACBP=A9
 0001:000359D8 00000058 C=CODE     S=.text    G=(none)   M=ExtActns ACBP=A9
 0001:00035A30 00000038 C=CODE     S=.text    G=(none)   M=ListActns ACBP=A9
 0001:00035A68 00000180 C=CODE     S=.text    G=(none)   M=ComCtrls ACBP=A9
 0001:00035BE8 00000B20 C=CODE     S=.text    G=(none)   M=Themes   ACBP=A9
 0001:00036708 00009B5C C=CODE     S=.text    G=(none)   M=StdCtrls ACBP=A9
 0001:00040264 00000168 C=CODE     S=.text    G=(none)   M=StdActns ACBP=A9
 0001:000403CC 00000D1F C=CODE     S=.text    G=(none)   M=WinHelpViewer ACBP=A9
 0001:000410EC 000113FB C=CODE     S=.text    G=(none)   M=Controls ACBP=A9
 0001:000524E8 00001292 C=CODE     S=.text    G=(none)   M=ActnList ACBP=A9
 0001:0005377C 00001974 C=CODE     S=.text    G=(none)   M=ImgList  ACBP=A9
 0001:000550F0 00006639 C=CODE     S=.text    G=(none)   M=Menus    ACBP=A9
 0001:0005B72C 0000C4B8 C=CODE     S=.text    G=(none)   M=Forms    ACBP=A9
 0001:00067BE4 00000A4C C=CODE     S=.text    G=(none)   M=MaskUtils ACBP=A9
 0001:00068630 00000070 C=CODE     S=.text    G=(none)   M=DateUtils ACBP=A9
 0001:000686A0 00000280 C=CODE     S=.text    G=(none)   M=DBConsts ACBP=A9
 0001:00068920 00000F67 C=CODE     S=.text    G=(none)   M=SqlTimSt ACBP=A9
 0001:00069888 00004AEF C=CODE     S=.text    G=(none)   M=FMTBcd   ACBP=A9
 0001:0006E378 00000058 C=CODE     S=.text    G=(none)   M=ComConst ACBP=A9
 0001:0006E3D0 00000E65 C=CODE     S=.text    G=(none)   M=ComObj   ACBP=A9
 0001:0006F238 00014318 C=CODE     S=.text    G=(none)   M=DB       ACBP=A9
 0001:00083550 00003FC8 C=CODE     S=.text    G=(none)   M=DBCommon ACBP=A9
 0001:00087518 00003D04 C=CODE     S=.text    G=(none)   M=BDE      ACBP=A9
 0001:0008B21C 00000068 C=CODE     S=.text    G=(none)   M=SMINTF   ACBP=A9
 0001:0008B284 00000118 C=CODE     S=.text    G=(none)   M=bdeconst ACBP=A9
 0001:0008B39C 0000F3CC C=CODE     S=.text    G=(none)   M=DBTables ACBP=A9
 0001:0009A768 0000033C C=CODE     S=.text    G=(none)   M=uDataModule ACBP=A9
 0001:0009AAA4 00002108 C=CODE     S=.text    G=(none)   M=Mask     ACBP=A9
 0001:0009CBAC 00008120 C=CODE     S=.text    G=(none)   M=Grids    ACBP=A9
 0001:000A4CCC 000000B8 C=CODE     S=.text    G=(none)   M=VDBConsts ACBP=A9
 0001:000A4D84 00000728 C=CODE     S=.text    G=(none)   M=DBLogDlg ACBP=A9
 0001:000A54AC 00000531 C=CODE     S=.text    G=(none)   M=DBPWDlg  ACBP=A9
 0001:000A59E0 000030D0 C=CODE     S=.text    G=(none)   M=DBCtrls  ACBP=A9
 0001:000A8AB0 00008D28 C=CODE     S=.text    G=(none)   M=DBGrids  ACBP=A9
 0001:000B17D8 000001D0 C=CODE     S=.text    G=(none)   M=uConsultaCadastro ACBP=A9
 0001:000B19A8 0000091C C=CODE     S=.text    G=(none)   M=uCadastro ACBP=A9
 0001:000B22C4 0000032D C=CODE     S=.text    G=(none)   M=Project1 ACBP=A9
 0002:00000000 0000009C C=DATA     S=.data    G=DGROUP   M=System   ACBP=A9
 0002:0000009C 00000020 C=DATA     S=.data    G=DGROUP   M=SysInit  ACBP=A9
 0002:000000BC 00000274 C=DATA     S=.data    G=DGROUP   M=SysUtils ACBP=A9
 0002:00000330 00000110 C=DATA     S=.data    G=DGROUP   M=VarUtils ACBP=A9
 0002:00000440 0000013A C=DATA     S=.data    G=DGROUP   M=Variants ACBP=A9
 0002:0000057C 0000000C C=DATA     S=.data    G=DGROUP   M=TypInfo  ACBP=A9
 0002:00000588 00000010 C=DATA     S=.data    G=DGROUP   M=ActiveX  ACBP=A9
 0002:00000598 00000064 C=DATA     S=.data    G=DGROUP   M=Classes  ACBP=A9
 0002:000005FC 00000304 C=DATA     S=.data    G=DGROUP   M=Graphics ACBP=A9
 0002:00000900 00000004 C=DATA     S=.data    G=DGROUP   M=Printers ACBP=A9
 0002:00000904 000000B4 C=DATA     S=.data    G=DGROUP   M=Dialogs  ACBP=A9
 0002:000009B8 0000018C C=DATA     S=.data    G=DGROUP   M=ExtCtrls ACBP=A9
 0002:00000B44 0000002C C=DATA     S=.data    G=DGROUP   M=Buttons  ACBP=A9
 0002:00000B70 00000008 C=DATA     S=.data    G=DGROUP   M=IniFiles ACBP=A9
 0002:00000B78 00000008 C=DATA     S=.data    G=DGROUP   M=Registry ACBP=A9
 0002:00000B80 00000008 C=DATA     S=.data    G=DGROUP   M=Mapi     ACBP=A9
 0002:00000B88 00000018 C=DATA     S=.data    G=DGROUP   M=ComCtrls ACBP=A9
 0002:00000BA0 00000068 C=DATA     S=.data    G=DGROUP   M=Themes   ACBP=A9
 0002:00000C08 00000110 C=DATA     S=.data    G=DGROUP   M=StdCtrls ACBP=A9
 0002:00000D18 0000013C C=DATA     S=.data    G=DGROUP   M=Controls ACBP=A9
 0002:00000E54 00000020 C=DATA     S=.data    G=DGROUP   M=ImgList  ACBP=A9
 0002:00000E74 000000EC C=DATA     S=.data    G=DGROUP   M=Menus    ACBP=A9
 0002:00000F60 0000011C C=DATA     S=.data    G=DGROUP   M=Forms    ACBP=A9
 0002:0000107C 00000009 C=DATA     S=.data    G=DGROUP   M=MaskUtils ACBP=A9
 0002:00001088 0000003C C=DATA     S=.data    G=DGROUP   M=SqlTimSt ACBP=A9
 0002:000010C4 00000065 C=DATA     S=.data    G=DGROUP   M=FMTBcd   ACBP=A9
 0002:0000112C 00000030 C=DATA     S=.data    G=DGROUP   M=ComObj   ACBP=A9
 0002:0000115C 00000186 C=DATA     S=.data    G=DGROUP   M=DB       ACBP=A9
 0002:000012E4 0000001C C=DATA     S=.data    G=DGROUP   M=DBCommon ACBP=A9
 0002:00001300 00000C50 C=DATA     S=.data    G=DGROUP   M=BDE      ACBP=A9
 0002:00001F50 00000010 C=DATA     S=.data    G=DGROUP   M=SMINTF   ACBP=A9
 0002:00001F60 00000120 C=DATA     S=.data    G=DGROUP   M=DBTables ACBP=A9
 0002:00002080 00000004 C=DATA     S=.data    G=DGROUP   M=Mask     ACBP=A9
 0002:00002084 0000002C C=DATA     S=.data    G=DGROUP   M=DBCtrls  ACBP=A9
 0002:000020B0 00000028 C=DATA     S=.data    G=DGROUP   M=DBGrids  ACBP=A9
 0002:00003000 00000664 C=BSS      S=.bss     G=DGROUP   M=System   ACBP=A9
 0002:00003664 00000010 C=BSS      S=.bss     G=DGROUP   M=SysInit  ACBP=A9
 0002:00003674 00000004 C=BSS      S=.bss     G=DGROUP   M=Types    ACBP=A9
 0002:00003678 00000004 C=BSS      S=.bss     G=DGROUP   M=Windows  ACBP=A9
 0002:0000367C 00000004 C=BSS      S=.bss     G=DGROUP   M=Messages ACBP=A9
 0002:00003680 00000004 C=BSS      S=.bss     G=DGROUP   M=SysConst ACBP=A9
 0002:00003684 00000120 C=BSS      S=.bss     G=DGROUP   M=SysUtils ACBP=A9
 0002:000037A4 0000005C C=BSS      S=.bss     G=DGROUP   M=VarUtils ACBP=A9
 0002:00003800 00000040 C=BSS      S=.bss     G=DGROUP   M=Variants ACBP=A9
 0002:00003840 00000004 C=BSS      S=.bss     G=DGROUP   M=RTLConsts ACBP=A9
 0002:00003844 00000004 C=BSS      S=.bss     G=DGROUP   M=TypInfo  ACBP=A9
 0002:00003848 00000004 C=BSS      S=.bss     G=DGROUP   M=ActiveX  ACBP=A9
 0002:0000384C 00000040 C=BSS      S=.bss     G=DGROUP   M=Classes  ACBP=A9
 0002:0000388C 00000004 C=BSS      S=.bss     G=DGROUP   M=Consts   ACBP=A9
 0002:00003890 00000060 C=BSS      S=.bss     G=DGROUP   M=Graphics ACBP=A9
 0002:000038F0 00000004 C=BSS      S=.bss     G=DGROUP   M=Math     ACBP=A9
 0002:000038F4 00000004 C=BSS      S=.bss     G=DGROUP   M=Contnrs  ACBP=A9
 0002:000038F8 00000004 C=BSS      S=.bss     G=DGROUP   M=CommCtrl ACBP=A9
 0002:000038FC 00000031 C=BSS      S=.bss     G=DGROUP   M=MultiMon ACBP=A9
 0002:00003930 00000004 C=BSS      S=.bss     G=DGROUP   M=Imm      ACBP=A9
 0002:00003934 00000008 C=BSS      S=.bss     G=DGROUP   M=HelpIntfs ACBP=A9
 0002:0000393C 00000004 C=BSS      S=.bss     G=DGROUP   M=WinSpool ACBP=A9
 0002:00003940 00000004 C=BSS      S=.bss     G=DGROUP   M=Printers ACBP=A9
 0002:00003944 00000034 C=BSS      S=.bss     G=DGROUP   M=FlatSB   ACBP=A9
 0002:00003978 00000004 C=BSS      S=.bss     G=DGROUP   M=SyncObjs ACBP=A9
 0002:0000397C 000000CC C=BSS      S=.bss     G=DGROUP   M=UxTheme  ACBP=A9
 0002:00003A48 00000004 C=BSS      S=.bss     G=DGROUP   M=RichEdit ACBP=A9
 0002:00003A4C 00000004 C=BSS      S=.bss     G=DGROUP   M=ToolWin  ACBP=A9
 0002:00003A50 00000004 C=BSS      S=.bss     G=DGROUP   M=ShellAPI ACBP=A9
 0002:00003A54 00000004 C=BSS      S=.bss     G=DGROUP   M=RegStr   ACBP=A9
 0002:00003A58 00000004 C=BSS      S=.bss     G=DGROUP   M=WinInet  ACBP=A9
 0002:00003A5C 00000004 C=BSS      S=.bss     G=DGROUP   M=UrlMon   ACBP=A9
 0002:00003A60 00000004 C=BSS      S=.bss     G=DGROUP   M=ShlObj   ACBP=A9
 0002:00003A64 00000004 C=BSS      S=.bss     G=DGROUP   M=CommDlg  ACBP=A9
 0002:00003A68 00000004 C=BSS      S=.bss     G=DGROUP   M=Dlgs     ACBP=A9
 0002:00003A6C 00000038 C=BSS      S=.bss     G=DGROUP   M=Dialogs  ACBP=A9
 0002:00003AA4 00000004 C=BSS      S=.bss     G=DGROUP   M=ExtCtrls ACBP=A9
 0002:00003AA8 00000004 C=BSS      S=.bss     G=DGROUP   M=ComStrs  ACBP=A9
 0002:00003AAC 0000000C C=BSS      S=.bss     G=DGROUP   M=Clipbrd  ACBP=A9
 0002:00003AB8 00000004 C=BSS      S=.bss     G=DGROUP   M=StrUtils ACBP=A9
 0002:00003ABC 00000030 C=BSS      S=.bss     G=DGROUP   M=Buttons  ACBP=A9
 0002:00003AEC 00000004 C=BSS      S=.bss     G=DGROUP   M=ExtDlgs  ACBP=A9
 0002:00003AF0 00000004 C=BSS      S=.bss     G=DGROUP   M=IniFiles ACBP=A9
 0002:00003AF4 00000004 C=BSS      S=.bss     G=DGROUP   M=Registry ACBP=A9
 0002:00003AF8 00000004 C=BSS      S=.bss     G=DGROUP   M=Mapi     ACBP=A9
 0002:00003AFC 00000009 C=BSS      S=.bss     G=DGROUP   M=ExtActns ACBP=A9
 0002:00003B08 00000004 C=BSS      S=.bss     G=DGROUP   M=ListActns ACBP=A9
 0002:00003B0C 00000010 C=BSS      S=.bss     G=DGROUP   M=ComCtrls ACBP=A9
 0002:00003B1C 00000008 C=BSS      S=.bss     G=DGROUP   M=Themes   ACBP=A9
 0002:00003B24 00000004 C=BSS      S=.bss     G=DGROUP   M=StdCtrls ACBP=A9
 0002:00003B28 00000004 C=BSS      S=.bss     G=DGROUP   M=StdActns ACBP=A9
 0002:00003B2C 00000014 C=BSS      S=.bss     G=DGROUP   M=WinHelpViewer ACBP=A9
 0002:00003B40 00000080 C=BSS      S=.bss     G=DGROUP   M=Controls ACBP=A9
 0002:00003BC0 00000004 C=BSS      S=.bss     G=DGROUP   M=ActnList ACBP=A9
 0002:00003BC4 0000000C C=BSS      S=.bss     G=DGROUP   M=ImgList  ACBP=A9
 0002:00003BD0 00000010 C=BSS      S=.bss     G=DGROUP   M=Menus    ACBP=A9
 0002:00003BE0 00000020 C=BSS      S=.bss     G=DGROUP   M=Forms    ACBP=A9
 0002:00003C00 00000004 C=BSS      S=.bss     G=DGROUP   M=MaskUtils ACBP=A9
 0002:00003C04 00000004 C=BSS      S=.bss     G=DGROUP   M=DateUtils ACBP=A9
 0002:00003C08 00000004 C=BSS      S=.bss     G=DGROUP   M=DBConsts ACBP=A9
 0002:00003C0C 00000004 C=BSS      S=.bss     G=DGROUP   M=SqlTimSt ACBP=A9
 0002:00003C10 00000004 C=BSS      S=.bss     G=DGROUP   M=FMTBcd   ACBP=A9
 0002:00003C14 00000004 C=BSS      S=.bss     G=DGROUP   M=ComConst ACBP=A9
 0002:00003C18 00000011 C=BSS      S=.bss     G=DGROUP   M=ComObj   ACBP=A9
 0002:00003C2C 00000020 C=BSS      S=.bss     G=DGROUP   M=DB       ACBP=A9
 0002:00003C4C 00000004 C=BSS      S=.bss     G=DGROUP   M=DBCommon ACBP=A9
 0002:00003C50 0000001C C=BSS      S=.bss     G=DGROUP   M=BDE      ACBP=A9
 0002:00003C6C 00000004 C=BSS      S=.bss     G=DGROUP   M=SMINTF   ACBP=A9
 0002:00003C70 00000004 C=BSS      S=.bss     G=DGROUP   M=bdeconst ACBP=A9
 0002:00003C74 00000061 C=BSS      S=.bss     G=DGROUP   M=DBTables ACBP=A9
 0002:00003CD8 00000008 C=BSS      S=.bss     G=DGROUP   M=uDataModule ACBP=A9
 0002:00003CE0 00000004 C=BSS      S=.bss     G=DGROUP   M=Mask     ACBP=A9
 0002:00003CE4 00000004 C=BSS      S=.bss     G=DGROUP   M=Grids    ACBP=A9
 0002:00003CE8 00000004 C=BSS      S=.bss     G=DGROUP   M=VDBConsts ACBP=A9
 0002:00003CEC 00000004 C=BSS      S=.bss     G=DGROUP   M=DBLogDlg ACBP=A9
 0002:00003CF0 00000004 C=BSS      S=.bss     G=DGROUP   M=DBPWDlg  ACBP=A9
 0002:00003CF4 00000004 C=BSS      S=.bss     G=DGROUP   M=DBCtrls  ACBP=A9
 0002:00003CF8 0000000C C=BSS      S=.bss     G=DGROUP   M=DBGrids  ACBP=A9
 0002:00003D04 00000008 C=BSS      S=.bss     G=DGROUP   M=uConsultaCadastro ACBP=A9
 0002:00003D0C 00000008 C=BSS      S=.bss     G=DGROUP   M=uCadastro ACBP=A9


  Address         Publics by Name

 0002:00003C54       ..
 0002:00001300       ..
 0001:0008A89C       ..
 0001:00087538       ..
 0002:00001E74       ..
 0002:00003A54       .1
 0002:00003A50       .1
 0002:0000367C       .1
 0002:00003680       .1
 0002:00003A48       .1
 0002:00003AF8       .1
 0002:00003C08       .1
 0002:00003C50       .1
 0002:0000388C       .1
 0002:00003CE8       .1
 0002:00003B34       .1
 0002:00003A38       .1
 0002:0000391C       .1
 0002:00003930       .1
 0002:000038F8       .1
 0002:00003C0C       .1
 0002:00003C14       .1
 0002:00003C04       .1
 0002:00003964       .1
 0002:00003AB8       .1
 0002:00003840       .1
 0002:00003C70       .1
 0002:00003C6C       .1
 0002:00003AA8       .1
 0002:0000366C       .1
 0002:00003674       .1
 0002:00003A68       .1
 0002:00003A58       .1
 0002:00003A64       .1
 0002:00003A60       .1
 0002:00003A5C       .1
 0002:00003A6C       .11
 0002:00003CE4       .11
 0002:00003894       .12
 0002:00003AA4       .12
 0002:00003CDC       .2
 0002:00003D08       .2
 0002:00003AB0       .2
 0002:00003C00       .2
 0002:00003934       .2
 0002:00003D10       .2
 0002:00003CF0       .2
 0002:00003B1C       .2
 0002:000038F0       .2
 0002:00003CEC       .2
 0002:000038F4       .21
 0002:00003CF4       .22
 0002:00003C80       .22
 0002:00003AEC       .3
 0002:00003BC4       .3
 0002:00003848       .3
 0002:0000393C       .3
 0002:00003C4C       .3
 0002:00003C10       .3
 0002:00003940       .3
 0002:00003678       .3
 0002:00003794       .35
 0002:00003C48       .36
 0002:00003B0C       .36
 0002:00003ABC       .4
 0002:00003A4C       .4
 0002:00003BE8       .41
 0002:00003C18       .41
 0002:00003B24       .42
 0002:00003858       .45
 0002:000035BC       .5
 0002:00003AF4       .5
 0002:000037FC       .5
 0002:00003CE0       .5
 0002:00003844       .6
 0002:00003978       .6
 0002:00003B48       .72
 0002:00003AFC       .72
 0002:00003B28       .73
 0002:00003AF0       .8
 0002:00003BC0       .8
 0002:00003B08       .8
 0002:00003820       .81
 0002:00003BD8       .9
 0002:00003CF8       .9
 0001:00001A0C       @AbstractError
 0001:00002634       @AfterConstruction
 0001:00002428       @AsClass
 0001:00001BB0       @AStrCmp
 0001:00002644       @BeforeDestruction
 0001:000021B8       @BoundErr
 0001:00002474       @CallDynaInst
 0001:000025DC       @ClassCreate
 0001:0000262C       @ClassDestroy
 0001:00001A7C       @Close
 0001:00001910       @Copy
 0001:00003CE8       @CopyArray
 0001:00003BCC       @CopyRecord
 0001:00003E54       @DispCallByIDError
 0001:0000EF78       @DispInvokeError
 0001:00003DF0       @Dispose
 0001:00002AC0       @DoneExcept
 0001:000045C4       @DynArrayAddRef
 0001:0000459C       @DynArrayAsg
 0001:00004560       @DynArrayClear
 0001:0000444C       @DynArrayCopy
 0001:0000446C       @DynArrayCopyRange
 0001:0000428C       @DynArrayHigh
 0001:00004284       @DynArrayLength
 0001:00004440       @DynArraySetLength
 0001:00002BA8       @ExceptionHandler
 0001:00001C20       @FillChar
 0001:00003BA8       @Finalize
 0001:00003ABC       @FinalizeArray
 0001:00003A70       @FinalizeRecord
 0001:0000248C       @FindDynaInst
 0001:000021AC       @FpuInit
 0001:000020E8       @FpuMaskInit
 0001:00001798       @FreeMem
 0001:00001778       @GetMem
 0001:00005348       @GetTls
 0001:00002FF0       @Halt
 0001:00002F18       @Halt0
 0001:00002758       @HandleAnyException
 0001:00002A0C       @HandleFinally
 0001:00002884       @HandleOnException
 0001:00005394       @InitExe
 0001:00003A64       @Initialize
 0001:000039D0       @InitializeArray
 0001:000039A0       @InitializeRecord
 0001:00002DDC       @InitImports
 0001:00002DB4       @InitResStringImports
 0001:00002D90       @InitResStrings
 0001:00004C8C       @IntfAddRef
 0001:00004C5C       @IntfCast
 0001:00004C18       @IntfClear
 0001:00004C30       @IntfCopy
 0001:00002404       @IsClass
 0001:000020B8       @isNECWindows
 0001:000034B8       @LStrAddRef
 0001:0000302C       @LStrArrayClr
 0001:0000305C       @LStrAsg
 0001:000032D0       @LStrCat
 0001:00003314       @LStrCat3
 0001:00003388       @LStrCatN
 0001:00003008       @LStrClr
 0001:00003414       @LStrCmp
 0001:00003528       @LStrCopy
 0001:00003568       @LStrDelete
 0001:00003278       @LStrFromArray
 0001:000031F0       @LStrFromChar
 0001:00003200       @LStrFromPChar
 0001:000030F8       @LStrFromPCharLen
 0001:00003230       @LStrFromPWChar
 0001:00003164       @LStrFromPWCharLen
 0001:0000326C       @LStrFromString
 0001:00003290       @LStrFromWStr
 0001:000035B0       @LStrInsert
 0001:000030A0       @LStrLAsg
 0001:000032C8       @LStrLen
 0001:000036B8       @LStrOfChar
 0001:0000360C       @LStrPos
 0001:00003654       @LStrSetLength
 0001:000034C8       @LStrToPChar
 0001:000032A4       @LStrToString
 0001:00003DDC       @New
 0001:000030CC       @NewAnsiString
 0001:000036EC       @NewWideString
 0001:000136C8       @OleVarFromInt
 0001:000139CC       @OleVarFromLStr
 0001:00013A88       @OleVarFromVar
 0001:00001DCC       @Pow10
 0001:00001B2C       @PStrCmp
 0001:00001B04       @PStrCpy
 0001:00001AD4       @PStrNCat
 0001:00001B10       @PStrNCpy
 0001:00002A6C       @RaiseAgain
 0001:00002A44       @RaiseExcept
 0001:000017B8       @ReallocMem
 0001:000019DC       @ROUND
 0001:00002FFC       @RunError
 0001:00001DB0       @SetEq
 0001:000019B4       @SetLength
 0001:00002D50       @StartExe
 0001:00004038       @Str0Int64
 0001:00001CA0       @Str0Long
 0001:00003F78       @StrInt64
 0001:00000358       @strlen
 0001:00001C40       @StrLong
 0001:000019E8       @TRUNC
 0001:00002AF0       @TryFinallyExit
 0001:00003520       @UniqueStringA
 0001:00004054       @ValInt64
 0001:00001CAC       @ValLong
 0001:00014518       @VarAddRef
 0001:00014CC0       @VarArrayGet
 0001:00014DB0       @VarArrayPut
 0001:0000FAD0       @VarCast
 0001:0000F264       @VarClear
 0001:0000F278       @VarClr
 0001:00003AA4       @VarClr
 0001:00016568       @VarCmpEQ
 0001:00016598       @VarCmpGT
 0001:00016588       @VarCmpLT
 0001:00016578       @VarCmpNE
 0001:00003BB4       @VarCopy
 0001:0000F58C       @VarCopy
 0001:0000F80C       @VarCopyNoInd
 0001:0001385C       @VarFromBool
 0001:000136E8       @VarFromByte
 0001:000138AC       @VarFromCurr
 0001:00013804       @VarFromCurrency
 0001:00013830       @VarFromDate
 0001:000139A0       @VarFromDisp
 0001:000137D8       @VarFromDouble
 0001:0001366C       @VarFromInt
 0001:00013788       @VarFromInt64
 0001:000136A8       @VarFromInteger
 0001:00013974       @VarFromIntf
 0001:00013728       @VarFromLongWord
 0001:000138C0       @VarFromLStr
 0001:000138EC       @VarFromPStr
 0001:00013884       @VarFromReal
 0001:00013748       @VarFromShortInt
 0001:000137B4       @VarFromSingle
 0001:00013768       @VarFromSmallInt
 0001:00013898       @VarFromTDateTime
 0001:00013708       @VarFromWord
 0001:0001393C       @VarFromWStr
 0001:0000EFCC       @VarNull
 0001:0000F820       @VarStringToOleStr
 0001:0001129C       @VarToBool
 0001:00010F54       @VarToBoolean
 0001:00010394       @VarToByte
 0001:00012140       @VarToCurrency
 0001:00011BD8       @VarToDate
 0001:000135C0       @VarToDisp
 0001:00011468       @VarToDouble
 0001:00010958       @VarToInt64
 0001:0000FE94       @VarToInteger
 0001:000134F4       @VarToIntf
 0001:0001060C       @VarToLongWord
 0001:000127F4       @VarToLStr
 0001:000117E4       @VarToReal
 0001:000102E4       @VarToShortInt
 0001:00011800       @VarToSingle
 0001:0001043C       @VarToSmallInt
 0001:00010534       @VarToWord
 0001:00012F1C       @VarToWStr
 0001:0000372C       @WStrArrayClr
 0001:00003750       @WStrAsg
 0001:00003714       @WStrClr
 0001:0000388C       @WStrCmp
 0001:00003910       @WStrCopy
 0001:00003860       @WStrFromLStr
 0001:00003774       @WStrFromPCharLen
 0001:00003824       @WStrFromPWChar
 0001:00003800       @WStrFromPWCharLen
 0001:00003880       @WStrLen
 0001:0000395C       @WStrSetLength
 0001:00003870       @WStrToPWChar
 0001:00001D8C       @_CLenToPasStr
 0001:00001D80       @_CToPasStr
 0001:000018E0       @_IOTest
 0001:00003E80       @_lldiv
 0001:00003EFC       @_llmod
 0001:00003E5C       @_llmul
 0001:0000B698       Abort
 0001:0004425C       AbsMin
 0001:0000BA64       AbstractErrorHandler
 0002:0000302C       AbstractErrorProc
 0002:00000140       AccessMode
 0001:00001848       AcquireExceptionObject
 0001:0001A97C       ActivateClassGroup
 0001:00005A8C       ActivateKeyboardLayout
 0002:00003B7C       ActiveDrag
 0001:000181F0       ActiveX
 0001:00053750       ActnList
 0001:00000484       AddBlockAfter
 0001:0006A9C8       AddChars
 0001:0006DA70       AddCurrency
 0001:0006D240       AddCurrencySymbol
 0002:00000598       AddDataModule
 0001:0006CB4C       AddDigit
 0001:0000733C       AddExitProc
 0001:00076284       AddFieldDefs
 0001:000AC074       AddFields
 0001:000764E0       AddFields
 0001:0001E660       AddFinished
 0001:00056D24       AddIn
 0001:0006DD60       AddLiterals
 0001:0008E2B0       AddMessage
 0001:00004AAC       AddModuleUnloadProc
 0001:00004ABC       AddModuleUnloadProc
 0001:0006D320       AddNegCurrencySymbol
 0001:0006C0B4       AddNormalizedFractions
 0001:0001E698       AddNotFinished
 0001:0006CB30       AddOneChar
 0001:0006AA84       AddStrings
 0001:0001F0BC       AddSubComponentsToLoaded
 0002:000010AC       AdjustAmt
 0002:000010A4       AdjustAmt
 0002:000010B4       AdjustAmt
 0002:000010BC       AdjustAmt
 0001:00029024       AdjustColor
 0001:000348AC       AdjustColors
 0001:0006B4E0       AdjustDecimalPosition
 0001:00081784       AdjustFirstRecord
 0001:0005DD3C       Adjustment
 0001:0006C40C       AdjustNibbles
 0001:00005A94       AdjustWindowRectEx
 0001:0000CE2C       AL1
 0002:00000310       AL1s
 0001:0000CE3C       AL2
 0002:00000320       AL2s
 0002:000020B4       AlignFlags
 0002:00000F48       Alignments
 0002:00000F38       Alignments
 0002:000009C0       Alignments
 0002:00000CB4       Alignments
 0002:00000C10       Alignments
 0001:00064C34       AlignWork
 0001:00049910       AlignWork
 0001:00024F24       AllocateHWnd
 0001:000072F0       AllocMem
 0002:000035B4       AllocMemCount
 0002:000035B8       AllocMemSize
 0001:0002E348       AllocPatternBitmap
 0001:000052F0       AllocTlsBuffer
 0001:0000CE6C       ALR
 0001:0000CE54       ALV
 0001:00021E1C       AncestorIsValid
 0002:00000D24       AnchorAlign
 0002:00000D18       AnimateWindowProc
 0002:00000E20       AnimationStyle
 0001:0000751C       AnsiCompareStr
 0001:00007554       AnsiCompareText
 0001:00007634       AnsiExtractQuotedStr
 0001:00007E08       AnsiLastChar
 0001:00005A9C       AnsiLower
 0001:000074E8       AnsiLowerCase
 0001:0000C410       AnsiLowerCaseFileName
 0001:0000C3D8       AnsiPos
 0001:0005B538       AnsiSameCaption
 0001:0000758C       AnsiSameText
 0001:000075A4       AnsiStrIComp
 0001:000075C4       AnsiStrLIComp
 0001:0000C528       AnsiStrPos
 0001:0000C5C8       AnsiStrRScan
 0001:0000C5F0       AnsiStrScan
 0001:0008DEA8       AnsiToNative
 0001:0008DF34       AnsiToNativeBuf
 0001:0000508C       AnsiToUtf8
 0001:000074B4       AnsiUpperCase
 0001:0000C49C       AnsiUpperCaseFileName
 0001:0001347C       AnyToIntf
 0001:0000991C       AppendChars
 0001:00009CE0       AppendFormat
 0001:00009980       AppendNumber
 0001:00009960       AppendString
 0002:00003BE0       Application
 0001:0008D6D4       ApplicationHandleException
 0002:000005A8       ApplicationHandleException
 0002:000005B0       ApplicationShowException
 0002:00001074       AppVisible
 0002:00002080       ArrowKey
 0001:0000BA48       AssertErrorHandler
 0002:00003024       AssertErrorProc
 0001:00099C9C       AssignFields
 0001:00017820       AssignLongStr
 0001:00017E9C       AssignVariant
 0001:00076FE4       AttributeSetStored
 0002:0000360C       avail
 0001:0000800C       BackfillGetDiskFreeSpaceEx
 0001:00046DF0       BackgroundClipped
 0001:0000DC98       BackupVarBoolFromStr
 0001:0000DDF8       BackupVarBStrFromBool
 0001:0000DD18       BackupVarBStrFromCy
 0001:0000DD88       BackupVarBStrFromDate
 0001:0000DC2C       BackupVarCyFromStr
 0001:0000DBC0       BackupVarDateFromStr
 0001:0000DA7C       BackupVarI4FromStr
 0001:0000DA28       BackupVariantChangeTypeEx
 0001:0000DAE8       BackupVarR4FromStr
 0001:0000DB54       BackupVarR8FromStr
 0002:000012BC       BaseFieldTypes
 0002:00000458       BaseTypeMap
 0001:0006C9E0       BcdAdd
 0001:0006C5BC       BcdCompare
 0001:0006D6B0       BcdCurrencyFormat
 0001:0006C824       BcdDivide
 0001:0006C974       BcdDivide
 0001:00069BA8       BcdError
 0001:00069B38       BcdErrorFmt
 0001:0006D060       BcdFixedOrNumberFormat
 0001:0006CFFC       BcdGeneralFormat
 0001:0006C6C0       BcdMultiply
 0001:0006C7B8       BcdMultiply
 0001:0006CE54       BcdScale
 0001:0006D014       BcdScientificFormat
 0001:0006C684       BcdSubtract
 0001:0006CF50       BCDToCurr
 0001:0006A59C       BcdToDouble
 0001:0006CD10       BcdToStr
 0001:0006D79C       BcdToStrF
 0001:0008B214       BDE
 0001:0008DCB4       BdeCallBack
 0001:0008B394       bdeconst
 0002:00003CCC       BDEInitProcs
 0001:0000C03C       Beep
 0001:0001AD50       BeginGlobalLoading
 0001:00005AA4       BeginPaint
 0001:00029030       BetterSize
 0001:0003419C       BevelLine
 0001:000340AC       BevelRect
 0001:00057B98       BiDiDraw
 0001:0000583C       BitBlt
 0002:00000B44       BitBtnCaptions
 0002:00003AC0       BitBtnGlyphs
 0002:000008B4       BitmapCanvasList
 0002:000038AC       BitmapImageLock
 0001:0000DA64       BiUnimplemented
 0001:0006B37C       BlankArgument
 0002:00001FF0       BlobTypeMap
 0002:000005D0       BlockCode
 0002:000035E4       blockDescBlockList
 0002:000035E8       blockDescFreeList
 0002:0000057C       BooleanIdents
 0002:00000454       BooleanToStringRule
 0002:000012EC       BoolFalse
 0001:00007B1C       BoolToStr
 0001:0001257C       BoolToWStrViaOS
 0002:000009B8       BorderStyles
 0002:00000C08       BorderStyles
 0001:00019C94       Bounds
 0001:00005434       Bounds
 0002:00000EE0       Breaks
 0002:000038E4       BrushManager
 0002:00002084       BtnHintId
 0001:00074EC0       BuffersEqual
 0001:00080E50       BufferToByteArray
 0001:0009D420       Build
 0001:0005A34C       BuildImage
 0002:00000960       ButtonCaptions
 0002:00000934       ButtonNames
 0002:00000F5C       Buttons
 0001:0003583C       Buttons
 0002:00000CAC       ButtonStyles
 0002:00003A78       ButtonWidths
 0001:00080F04       ByteArrayToBuffer
 0001:00028810       BytesPerScanline
 0001:00028B68       ByteSwapColors
 0001:0000C120       ByteToCharIndex
 0001:0000C0F8       ByteToCharLen
 0001:0000C0BC       ByteType
 0001:0000C044       ByteTypeTest
 0002:00003BC8       CachedComCtrlVer
 0001:000A05D4       CalcAxis
 0001:0009F8AC       CalcAxis
 0001:0009FAF0       CalcAxisState
 0001:0009F938       CalcFixedAxis
 0001:00024E60       CalcJmpOffset
 0001:0009FA4C       CalcMaxCell
 0001:000A1A80       CalcPageExtents
 0001:0006D960       CalcPrecisionAndDigits
 0001:000A137C       CalcScroll
 0001:000A09E4       CalcScrollBar
 0001:000A16E0       CalcSizeInfo
 0001:000516B8       CalcSplitterPos
 0001:0007CE40       CalcTotalSize
 0001:00077024       CalculatedStored
 0001:00005AAC       CallNextHookEx
 0001:0000CDF0       CallTerminateProcs
 0001:00005AB4       CallWindowProc
 0001:00093D80       CanBlockRead
 0001:00045294       CancelDrag
 0001:00082578       CancelNestedDataSets
 0001:0006B30C       CanUseShort
 0002:00003B90       CanvasList
 0002:000038E8       CanvasList
 0002:0000090C       Captions
 0002:00000DDC       CaptureControl
 0001:0009DA30       CaretPos
 0002:00000E80       cBooleanToItemAutoFlag
 0002:00000488       CBooleanToRelationship
 0002:00002034       CBRetCode
 0002:00003AAE       CF_COMPONENT
 0002:00003AAC       CF_PICTURE
 0002:00003818       ChangeAnyProc
 0001:00043814       ChangeBiDiModeAlignment
 0001:00007E88       ChangeFileExt
 0002:00000C60       CharCases
 0002:00000C30       CharCases
 0001:00003128       CharFromWChar
 0001:0000C2F4       CharLength
 0001:00005ABC       CharLowerBuff
 0001:00005AC4       CharNext
 0001:000002D8       CharNext
 0001:00026EFC       CharsetToIdent
 0001:0000C208       CharToByteIndex
 0001:0000C26C       CharToByteLen
 0001:00005ACC       CharToOem
 0001:00005AD4       CharToOemA
 0001:00005ADC       CharToOemBuff
 0001:00005AE4       CharUpperBuff
 0001:0008E24C       Check
 0001:000295F8       CheckBool
 0001:000AEDF4       CheckForPassthroughs
 0001:00095D48       CheckIfParentScrolled
 0001:0008D410       CheckIndexOpen
 0001:000026D4       CheckJmp
 0001:00005AEC       CheckMenuItem
 0001:00081370       CheckNestedBrowseMode
 0002:00000ED0       Checks
 0001:00069724       CheckSqlTimeStamp
 0001:0001F0F8       CheckSubComponents
 0001:00023618       CheckSynchronize
 0001:0005D770       CheckTaskWindow
 0001:00013BD8       CheckType
 0001:00044F48       CheckUndock
 0001:0000BF30       CheckWin32Version
 0002:00000470       CInvalidCustomVariantType
 0002:00000E84       cItemAutoFlagToBoolean
 0002:00000E7C       cItemAutoFlagToMenu
 0001:000250B0       Classes
 0001:0001A740       ClassNotFound
 0002:00001F50       Class_SMClient
 0002:00003814       ClearAnyProc
 0001:0002678C       ClearColor
 0001:0006EF18       ClearExcepInfo
 0001:000AE440       ClearSelection
 0001:000157E8       ClearVariantTypeList
 0001:00005AF4       ClientToScreen
 0001:0004EC5C       ClientToWindow
 0001:000355F0       Clipboard
 0002:000008AC       ClipboardFormats
 0001:000356DC       Clipbrd
 0001:00005AFC       CloseClipboard
 0001:0000557C       CloseHandle
 0002:00003980       CloseThemeData
 0002:00003040       CmdLine
 0002:0000303C       CmdShow
 0002:00000E78       cMenuAutoFlagToItem
 0002:00000494       CmpTypeMap
 0001:0000DA70       CmpUnimplemented
 0002:00001134       CoAddRefServerProcess
 0001:0001819C       CoCreateInstance
 0002:0000112C       CoCreateInstanceEx
 0002:00001144       CoInitFlags
 0001:0001818C       CoInitialize
 0002:00001130       CoInitializeEx
 0001:0001B00C       CollectionsEqual
 0002:0000062C       Colors
 0001:00026CF4       ColorToIdent
 0002:000009CC       ColorToPretyName
 0001:00026CE4       ColorToRGB
 0002:00000C4C       ComboBoxStyles
 0002:00003C20       ComClassManagerVar
 0001:0006E3C8       ComConst
 0002:00003B18       ComCtlVersion
 0001:00035BE0       ComCtrls
 0002:00003BDC       CommandPool
 0001:0002E93C       CommCtrl
 0001:000311B0       CommDlg
 0001:00000764       Commit
 0002:00003628       committedRoot
 0001:0006F1E0       ComObj
 0001:0006C38C       CompactBcd
 0001:0006A768       CompareDigits
 0001:0009D78C       CompareExtents
 0001:00056308       CompareFront
 0001:0000741C       CompareMem
 0001:0006C16C       CompareNormalizedFractions
 0001:000073EC       CompareStr
 0001:00005584       CompareString
 0001:0000743C       CompareText
 0001:00007A44       CompareWith
 0001:0001F1D8       ComponentCreated
 0001:000293C8       ComputeAldusChecksum
 0001:00035090       ComStrs
 0001:000977F4       ConcatField
 0001:0002542C       Consts
 0001:0002E848       Contnrs
 0002:00003B4E       ControlAtom
 0002:00003B54       ControlAtomString
 0001:00062504       ControlHasHelp
 0001:00052458       Controls
 0001:0000B438       ConvertAddr
 0001:00009A70       ConvertEraString
 0001:000072B4       ConvertError
 0001:000072CC       ConvertErrorFmt
 0001:00009BD8       ConvertYearString
 0001:00004294       CopyArray
 0001:0002B8D8       CopyBitmap
 0001:0002BFA0       CopyBitmapAsMask
 0001:0006CFE8       CopyByte
 0001:00005844       CopyEnhMetaFile
 0001:0002BF3C       CopyPalette
 0002:00000BA4       Copyright
 0001:000593F8       CopyToBest
 0002:00001138       CoReleaseServerProcess
 0002:0000113C       CoResumeClassObjects
 0002:00001140       CoSuspendClassObjects
 0001:00018194       CoUninitialize
 0001:0000C178       CountChars
 0002:000038C4       CounterLock
 0002:00000474       CRangeToType
 0001:0000B98C       CreateAssertException
 0001:0000BB14       CreateAVObject
 0001:0000584C       CreateBitmap
 0001:00005854       CreateBrushIndirect
 0001:0000585C       CreateCompatibleBitmap
 0001:00005864       CreateCompatibleDC
 0001:0001F258       CreateComponent
 0001:00005874       CreateDIBitmap
 0001:0000586C       CreateDIBSection
 0001:00008080       CreateDir
 0001:0000558C       CreateDirectory
 0001:00005594       CreateEvent
 0001:0007FEE4       CreateFieldDefs
 0001:0000559C       CreateFile
 0001:0000587C       CreateFontIndirect
 0001:00005884       CreateHalftonePalette
 0001:00005B04       CreateIcon
 0001:0000B8B8       CreateInOutError
 0001:00005B0C       CreateMenu
 0001:00031C70       CreateMessageDialog
 0001:000055AC       CreateMutexA
 0001:0000588C       CreatePalette
 0001:00005894       CreatePenIndirect
 0001:00005B14       CreatePopupMenu
 0001:0000589C       CreateSolidBrush
 0001:00028BC0       CreateSystemPalette
 0001:000055CC       CreateThread
 0001:00006124       CreateWindow
 0001:000060CC       CreateWindowEx
 0002:00000D1C       CreationControl
 0002:00000904       CreationControl
 0002:00000568       CRelationshipToBoolean
 0002:00000438       CResult
 0002:00003CB4       CSAnsiToNative
 0002:00000D08       CSHREDRAW
 0002:00000138       cSimpleBoolStrs
 0002:00003C9C       CSNativeToAnsi
 0002:00000510       CText
 0002:00000CA4       Ctl3DStyles
 0002:00000E18       Ctl3DStyles
 0001:0009D9FC       Ctrl
 0002:00003620       curAlloc
 0001:00013E6C       CurrCompare
 0002:0000368C       CurrencyDecimals
 0002:00003688       CurrencyFormat
 0002:00003684       CurrencyString
 0001:00009908       CurrentYear
 0001:0006CEC4       CurrToBCD
 0001:000091E4       CurrToStr
 0001:0000924C       CurrToStrF
 0001:0001250C       CurrToWStrViaOS
 0002:00000FF8       CursorMap
 0002:00000D2C       Cursors
 0001:00043B34       CursorToIdent
 0002:00000FE8       cUseAlpha
 0002:00000FF0       cUseColorKey
 0002:00000330       CVarTypeToElementInfo
 0001:00007798       CvtInt
 0001:00007804       CvtInt64
 0002:00001120       CWNear
 0002:00000178       CWNear
 0002:00000D10       Data
 0001:00074D2C       DatabaseError
 0001:00074DD8       DatabaseErrorFmt
 0002:00001FD4       DataTypeMap
 0001:00013E44       DateCompare
 0002:0000368D       DateSeparator
 0001:00080E08       DateTimeToNative
 0001:00069654       DateTimeToSQLTimeStamp
 0001:0000A4F0       DateTimeToStr
 0001:0000A494       DateTimeToString
 0001:0000943C       DateTimeToTimeStamp
 0001:00012544       DateToWStrViaOS
 0001:00068698       DateUtils
 0001:000098E0       DayOfWeek
 0001:00068630       DaysInAMonth
 0001:000834C4       DB
 0002:00003C44       DBApplication
 0001:00087510       DBCommon
 0001:00068918       DBConsts
 0001:000A8A40       DBCtrls
 0001:000B17D0       DBGrids
 0001:00089C2A       DbiAcqPersistTableLock
 0001:00089C3C       DbiAcqTableLock
 0001:0008953A       DbiActivateFilter
 0001:00088E92       DbiAddAlias
 0001:00088DFC       DbiAddDriver
 0001:00089546       DbiAddFilter
 0001:00089A62       DbiAddIndex
 0001:00089BEE       DbiAddPassword
 0001:00089114       DbiAnsiToNative
 0001:00089A08       DbiAppendRecord
 0001:00088F40       DbiApplyDelayedUpdates
 0001:00089528       DbiBatchMove
 0001:000890E4       DbiBcdFromFloat
 0001:000890EA       DbiBcdToFloat
 0001:00088D90       DbiBeginConstraintLayer
 0001:00088F4C       DbiBeginDelayedUpdates
 0001:00089C78       DbiBeginLinkMode
 0001:00089516       DbiBeginTran
 0001:0008990C       DbiCfgAddRecord
 0001:00089924       DbiCfgBuildPath
 0001:00089900       DbiCfgDropRecord
 0001:000898F4       DbiCfgGetHelp
 0001:00089918       DbiCfgGetNextNode
 0001:00089912       DbiCfgGetRecord
 0001:000898EE       DbiCfgMerge
 0001:00089906       DbiCfgModifyRecord
 0001:0008991E       DbiCfgPosition
 0001:0008992A       DbiCfgSave
 0001:000898FA       DbiCfgTranslate
 0001:0008999C       DbiCheckRefresh
 0001:00088D78       DbiCheckSQLExpression
 0001:00089A92       DbiCloneCursor
 0001:00089132       DbiCloseConfigFile
 0001:00089D3E       DbiCloseCursor
 0001:00089D56       DbiCloseDatabase
 0001:00089096       DbiCloseFieldXlt
 0001:00089ABC       DbiCloseIndex
 0001:00089BF4       DbiCloseSession
 0001:00089A98       DbiCompareBookMarks
 0001:00089A02       DbiCompareKeys
 0001:00089A74       DbiCopyTable
 0001:00089C8A       DbiCreateInMemTable
 0001:00089A7A       DbiCreateTable
 0001:000899D8       DbiCreateTempTable
 0001:00088D60       DbiDatabaseFlush
 0001:00089AC8       DbiDateDecode
 0001:00089ACE       DbiDateEncode
 0001:00089534       DbiDeactivateFilter
 0001:000898C4       DbiDebugLayerOptions
 0001:00088E7A       DbiDeleteAlias
 0001:00088DF6       DbiDeleteDriver
 0001:00089A5C       DbiDeleteIndex
 0001:00089CFC       DbiDeleteRecord
 0001:00089A68       DbiDeleteTable
 0001:0008B17D       DbiDLLExit
 0001:00089A44       DbiDoRestructure
 0001:00088E20       DbiDRAdd
 0001:00088F16       DbiDRAddAttr
 0001:00088F2E       DbiDRClose
 0001:00088EB0       DbiDRCreate
 0001:00088E74       DbiDRCreateEnumAttrDomain
 0001:00088F1C       DbiDRCreateObjectType
 0001:00088F0A       DbiDRCreateRelationType
 0001:00088EAA       DbiDRDelete
 0001:00088E68       DbiDRDeleteEnumAttrDomain
 0001:00088EFE       DbiDRDeleteObjectType
 0001:00088F04       DbiDRDeleteRelationType
 0001:00088E1A       DbiDRDrop
 0001:00088F10       DbiDRDropAttr
 0001:00088F22       DbiDRExportToFile
 0001:00088EE0       DbiDRGetAttrDescs
 0001:00088F3A       DbiDRGetDesc
 0001:00088E62       DbiDRGetEnumAttrDomain
 0001:00088EC8       DbiDRGetObjID
 0001:00088EE6       DbiDRGetObjTypeInfo
 0001:00088E26       DbiDRGetRelatedObject
 0001:00088EDA       DbiDRGetRelTypeInfo
 0001:00088F28       DbiDRImportFromFile
 0001:00088EB6       DbiDRLoadDBObject
 0001:00088E6E       DbiDRModifyEnumAttrDomain
 0001:00088F34       DbiDROpen
 0001:00088EF2       DbiDROpenAttrTypeList
 0001:00088EF8       DbiDROpenObjectTypeList
 0001:00088ED4       DbiDROpenObjSet
 0001:00088ECE       DbiDROpenRelSet
 0001:00088EEC       DbiDROpenRelTypeList
 0001:00089540       DbiDropFilter
 0001:00089BE8       DbiDropPassword
 0001:00088EC2       DbiDRSetToObjID
 0001:00088EBC       DbiDRSetToObjName
 0001:00089A20       DbiEmptyTable
 0001:00088D7E       DbiEndConstraintLayer
 0001:00088F46       DbiEndDelayedUpdates
 0001:00089C72       DbiEndLinkMode
 0001:00089510       DbiEndTran
 0001:0008E234       DbiError
 0001:0008B0FD       DbiExit
 0001:00089AAA       DbiExtractKey
 0001:00089C0C       DbiForceRecordReread
 0001:00089C18       DbiForceReread
 0001:000899CC       DbiFormFullName
 0001:00089B58       DbiFreeBlob
 0001:00088FE8       DbiFreeSQLRequest
 0001:00089B6A       DbiGetBlob
 0001:00089B52       DbiGetBlobHeading
 0001:00089B70       DbiGetBlobSize
 0001:00089AA4       DbiGetBookMark
 0001:00089996       DbiGetCallBack
 0001:0008956A       DbiGetClientInfo
 0001:00089BFA       DbiGetCurrSession
 0001:00089C12       DbiGetCursorForTable
 0001:00089D4A       DbiGetCursorProps
 0001:00089BB8       DbiGetDatabaseDesc
 0001:000898E8       DbiGetDateFormat
 0001:00088E3E       DbiGetDefaultRepository
 0001:00089CDE       DbiGetDirectory
 0001:00089BC4       DbiGetDriverDesc
 0001:000899C0       DbiGetErrorContext
 0001:000899BA       DbiGetErrorEntry
 0001:000899F0       DbiGetErrorInfo
 0001:000899C6       DbiGetErrorString
 0001:000894C2       DbiGetExactRecordCount
 0001:00089ADA       DbiGetField
 0001:00089D44       DbiGetFieldDescs
 0001:00089BA0       DbiGetFieldTypeDesc
 0001:000890A8       DbiGetFilterInfo
 0001:00089AB0       DbiGetIndexDesc
 0001:00089126       DbiGetIndexDescs
 0001:00089A56       DbiGetIndexForField
 0001:00089A50       DbiGetIndexSeqNo
 0001:00089B94       DbiGetIndexTypeDesc
 0001:00089552       DbiGetLdName
 0001:000894F2       DbiGetLdNameFromDb
 0001:000899E4       DbiGetLdObj
 0001:00089C60       DbiGetLinkStatus
 0001:00089B28       DbiGetNetUserName
 0001:00089D26       DbiGetNextRecord
 0001:000898D0       DbiGetNumberFormat
 0001:00089102       DbiGetObjFromName
 0001:000890B4       DbiGetObjFromObj
 0001:00089D20       DbiGetPriorRecord
 0001:0008910E       DbiGetProp
 0001:00089D1A       DbiGetRecord
 0001:00089D0E       DbiGetRecordCount
 0001:000899FC       DbiGetRecordForKey
 0001:00089D14       DbiGetRelativeRecord
 0001:0008906C       DbiGetRintDesc
 0001:00089CF6       DbiGetSeqNo
 0001:00089B2E       DbiGetSesInfo
 0001:00088FEE       DbiGetSQLRequest
 0001:00089B40       DbiGetSysConfig
 0001:00089B3A       DbiGetSysInfo
 0001:00089B46       DbiGetSysVersion
 0001:00089B7C       DbiGetTableOpenCount
 0001:00089BAC       DbiGetTableTypeDesc
 0001:000898DC       DbiGetTimeFormat
 0001:0008950A       DbiGetTranInfo
 0001:00089072       DbiGetVchkDesc
 0001:00088DF0       DbiImportODBC
 0001:00087520       DbiInit
 0001:0008B002       DbiInitFn
 0001:00089A8C       DbiInitRecord
 0001:00089D08       DbiInsertRecord
 0001:00089C5A       DbiIsRecordLocked
 0001:00089C54       DbiIsTableLocked
 0001:00089C4E       DbiIsTableShared
 0001:00089C6C       DbiLinkDetail
 0001:00089C48       DbiLinkDetailToExp
 0001:00089B82       DbiLoadDriver
 0001:00089120       DbiMakePermanent
 0001:00089D02       DbiModifyRecord
 0001:0008911A       DbiNativeToAnsi
 0001:00089B76       DbiOpenBlob
 0001:0008913E       DbiOpenCfgInfoList
 0001:00089138       DbiOpenConfigFile
 0001:00089D5C       DbiOpenDatabase
 0001:00089BBE       DbiOpenDatabaseList
 0001:00089BCA       DbiOpenDriverList
 0001:00089CA8       DbiOpenFamilyList
 0001:00089CC0       DbiOpenFieldList
 0001:00089BA6       DbiOpenFieldTypesList
 0001:00089084       DbiOpenFieldXlt
 0001:00089CCC       DbiOpenFileList
 0001:00088E9E       DbiOpenFunctionArgList
 0001:00088EA4       DbiOpenFunctionList
 0001:00089AC2       DbiOpenIndex
 0001:00089CC6       DbiOpenIndexList
 0001:00089B9A       DbiOpenIndexTypesList
 0001:00089CBA       DbiOpenLdList
 0001:00089BDC       DbiOpenLockList
 0001:00088D72       DbiOpenNestedTable
 0001:00088D66       DbiOpenRef
 0001:00088E4A       DbiOpenRepositoryList
 0001:00089CAE       DbiOpenRintList
 0001:00089C90       DbiOpenSecurityList
 0001:00088E2C       DbiOpenSessionRepository
 0001:00089012       DbiOpenSPList
 0001:0008900C       DbiOpenSPParamList
 0001:00089D50       DbiOpenTable
 0001:00089CD2       DbiOpenTableList
 0001:00089BB2       DbiOpenTableTypesList
 0001:00089BE2       DbiOpenUserList
 0001:00089CB4       DbiOpenVchkList
 0001:00089A26       DbiPackTable
 0001:00089B64       DbiPutBlob
 0001:00089AD4       DbiPutField
 0001:00089AEC       DbiQAlloc
 0001:00089B04       DbiQExec
 0001:00089B10       DbiQExecDirect
 0001:00088FFA       DbiQExecProcDirect
 0001:00089AF2       DbiQFree
 0001:00089AE6       DbiQGetBaseDescs
 0001:00089AF8       DbiQInstantiateAnswer
 0001:00089B0A       DbiQPrepare
 0001:00088FF4       DbiQPrepareExt
 0001:00089006       DbiQPrepareProc
 0001:00089AFE       DbiQSetParams
 0001:00089000       DbiQSetProcParams
 0001:00089C84       DbiReadBlock
 0001:00089A1A       DbiRegenIndex
 0001:00089A14       DbiRegenIndexes
 0001:00089AE0       DbiRegisterCallBack
 0001:00089C24       DbiRelPersistTableLock
 0001:00089C30       DbiRelRecordLock
 0001:00089C36       DbiRelTableLock
 0001:00089A6E       DbiRenameTable
 0001:00089CEA       DbiResetRange
 0001:00089C1E       DbiSaveChanges
 0001:00088E14       DbiSchemaCacheFlush
 0001:00089C00       DbiSetCurrSession
 0001:000898E2       DbiSetDateFormat
 0001:00088E44       DbiSetDefaultRepository
 0001:00089CD8       DbiSetDirectory
 0001:000899F6       DbiSetFieldMap
 0001:00089BD0       DbiSetLockRetry
 0001:000898CA       DbiSetNumberFormat
 0001:00089BD6       DbiSetPrivateDir
 0001:00089108       DbiSetProp
 0001:00089CF0       DbiSetRange
 0001:000898D6       DbiSetTimeFormat
 0001:00089D38       DbiSetToBegin
 0001:00089A9E       DbiSetToBookMark
 0001:00089D2C       DbiSetToCursor
 0001:00089D32       DbiSetToEnd
 0001:00089CE4       DbiSetToKey
 0001:00089A4A       DbiSetToRecordNo
 0001:00089A86       DbiSetToSeqNo
 0001:00089504       DbiSortTable
 0001:00088D9C       DbiSQLTextToCanEx
 0001:00089C06       DbiStartSession
 0001:00089AB6       DbiSwitchToIndex
 0001:00089A38       DbiTimeDecode
 0001:00089A3E       DbiTimeEncode
 0001:00089A2C       DbiTimeStampDecode
 0001:00089A32       DbiTimeStampEncode
 0001:0008909C       DbiTranslateField
 0001:000890A2       DbiTranslateRecordStructure
 0001:00089B5E       DbiTruncateBlob
 0001:0008955E       DbiUndeleteRecord
 0001:00089C66       DbiUnlinkDetail
 0001:000899DE       DbiUseIdleTime
 0001:0008908A       DbiValidateProp
 0001:00089A80       DbiVerifyField
 0001:00089C7E       DbiWriteBlock
 0001:000A5458       DBLogDlg
 0001:000A59C8       DBPWDlg
 0002:00003C40       DBScreen
 0001:0009A6E4       DBTables
 0001:000A68D0       DBUseRightToLeftAlignment
 0002:00000174       DCon10
 0002:00000628       DDBsOnly
 0001:00024FD8       DeallocateHWnd
 0002:00000028       DebugHook
 0002:0000368B       DecimalSeparator
 0001:00015058       DecIndices
 0001:000098C0       DecodeDate
 0001:00009774       DecodeDateFully
 0001:000095E4       DecodeTime
 0001:000007F8       Decommit
 0001:00000E14       DecommitFree
 0002:000035FC       decommittedRoot
 0001:0006018C       Default
 0001:0006585C       Default
 0002:00000020       Default8087CW
 0002:0000107C       DefaultBlank
 0002:00000D20       DefaultDockTreeClass
 0002:0000115C       DefaultFieldClasses
 0001:0008D408       DefaultSession
 0002:000035C0       DefaultUserCodePage
 0002:0000087C       DefBrushData
 0002:000005FC       DefFontData
 0001:00005B1C       DefFrameProc
 0002:00000204       DefLongDayNames
 0002:000001B8       DefLongMonthNames
 0001:00005B24       DefMDIChildProc
 0002:0000085C       DefPenData
 0002:000001E8       DefShortDayNames
 0002:00000188       DefShortMonthNames
 0001:00005B2C       DefWindowProc
 0001:00004600       DelayLoadResourceModule
 0001:000004B4       DeleteBlock
 0001:00000424       DeleteCriticalSection
 0001:000055D4       DeleteCriticalSection
 0001:000058A4       DeleteDC
 0001:000058AC       DeleteEnhMetaFile
 0001:00000C5C       DeleteFree
 0001:00005B34       DeleteMenu
 0001:000058B4       DeleteObject
 0001:000AE834       DeletePrompt
 0001:0003D32C       DeleteSelectedText
 0001:0002B494       DeselectBitmap
 0001:00005B3C       DestroyCursor
 0001:00005B44       DestroyIcon
 0001:0003576C       DestroyLocals
 0001:00005B4C       DestroyMenu
 0001:00005B54       DestroyWindow
 0001:00040DA0       DialogEnumerationTester
 0001:000324E0       Dialogs
 0002:000008B8       DIBPalSizes
 0002:0000008C       dig
 0002:000020B0       Direction
 0001:00007CFC       DirectoryExists
 0001:0005D5C4       DisableTaskWindows
 0001:0006E92C       DispatchInvoke
 0001:0006EF0C       DispatchInvokeError
 0001:00005B5C       DispatchMessage
 0001:000637E4       DispatchShortCut
 0001:0006EF28       DispCall
 0001:0006F00C       DispCallByID
 0002:00003000       DispCallByIDProc
 0001:0006EE38       DispCallError
 0001:00074EAC       DisposeMem
 0001:00007298       DivMod
 0001:000311E8       Dlgs
 0001:0008DCD4       DLLDetachCallBack
 0002:00003CD8       dmTabelas
 0001:000497A0       DoAlign
 0001:00064AE8       DoAlign
 0001:000804B4       DoBindFields
 0001:0009F744       DoCalc
 0001:0004D91C       DoCalcConstraints
 0001:0009F7AC       DoCalcRightToLeft
 0001:0009FF34       DoChange
 0002:00003B84       DockSiteList
 0001:0005A018       DoClick
 0001:0009E8B0       DoColWidths
 0001:0004AEE4       DoControlMsg
 0001:0005D574       DoDisableWindow
 0001:00044874       DoDragOver
 0001:00007310       DoExitProc
 0001:0004F98C       DoFindControlZone
 0001:0005D6B0       DoFindWindow
 0001:0004FF18       DoFindZone
 0001:0004FA10       DoForEach
 0001:0005131C       DoGetNextLimit
 0001:0005D53C       DoneApplication
 0001:00052180       DoneControls
 0001:0000BE40       DoneExceptions
 0001:00061B60       DoNestedActivation
 0001:000235D8       DoneThreadSynchronization
 0001:00049360       DoPosition
 0001:00064938       DoPosition
 0001:00050944       DoPrune
 0001:00033910       DoRect
 0001:0009E8F4       DoRowHeights
 0001:00050E1C       DoSaveZone
 0001:000AE474       DoSelection
 0001:00051020       DoSetNewBounds
 0001:0009E358       DoSizeAdjust
 0002:00001124       Dot
 0002:00000584       DotSep
 0001:000A164C       DoUpdate
 0001:0001C518       DoWrite
 0001:0002A5B0       DoWrite
 0001:00054968       DoWrite
 0001:00029850       DoWrite
 0001:0004A4CC       DoWriteDesignSize
 0001:00024BE4       DoWriteHeight
 0001:00024B7C       DoWriteHorizontalOffset
 0001:00047F38       DoWriteIsControl
 0001:00024BB0       DoWriteVerticalOffset
 0001:00024B54       DoWriteWidth
 0002:00003B68       DragCapture
 0002:00003B5C       DragControl
 0001:00044FBC       DragDone
 0001:00044824       DragFindTarget
 0001:000447F8       DragFindWindow
 0002:00003B80       DragImageList
 0001:00044C14       DragInit
 0001:00044D84       DragInitControl
 0002:00003B64       DragInternalObject
 0001:00044740       DragMessage
 0002:00003B60       DragObject
 0002:00003B8C       DragSave
 0002:00003B74       DragSaveCursor
 0002:00003B6C       DragStartPos
 0002:00003B78       DragThreshold
 0001:00044944       DragTo
 0001:00065898       DrawAppIcon
 0001:0009EC9C       DrawAxisLines
 0002:00003CFC       DrawBitmap
 0001:0009EF14       DrawCells
 0001:000504B0       DrawCloseButton
 0001:00005B64       DrawEdge
 0001:00005B6C       DrawFocusRect
 0001:00005B74       DrawFrameControl
 0001:00050508       DrawGrabberLine
 0001:00005B7C       DrawIcon
 0001:00005B84       DrawIconEx
 0002:00000E54       DrawingStyles
 0001:0009EE84       DrawLines
 0001:00005B8C       DrawMenuBar
 0001:0005B358       DrawMenuItem
 0001:00005B94       DrawText
 0002:00003984       DrawThemeBackground
 0002:000039A8       DrawThemeEdge
 0002:000039AC       DrawThemeIcon
 0002:00003A30       DrawThemeParentBackground
 0002:00003988       DrawThemeText
 0001:000AD728       DrawTitleCell
 0001:00088D8A       DsProviderGetDataPacket
 0001:00088D84       DsResolver
 0001:00028690       DupBits
 0001:00015004       DynArrayBounds
 0001:000042AC       DynArrayClear
 0001:00014F7C       DynArrayDim
 0001:00014F60       DynArrayElTypeInfo
 0001:000154B4       DynArrayFromVariant
 0001:00014F20       DynArrayIndex
 0001:000042B4       DynArraySetLength
 0001:00014F94       DynArraySize
 0001:00015164       DynArrayToVariant
 0001:000150C4       DynArrayVariantBounds
 0001:0001511C       DynArrayVarType
 0001:0008E34C       EDBEngineError.Create
 0001:0008E668       EDBEngineError.Destroy
 0001:0008E6BC       EDBEngineError.GetError
 0002:00000F40       EdgeStyle
 0002:00000E08       EdgeStyles
 0002:00000C94       EdgeStyles
 0001:0000B88C       EHeapException.FreeInstance
 0001:00005B9C       EmptyClipboard
 0001:00013CD0       EmptyCompare
 0002:00003800       EmptyParam
 0002:000000BC       EmptyStr
 0002:000000C0       EmptyWideStr
 0001:00005BA4       EnableMenuItem
 0002:00000ED8       Enables
 0001:00005BAC       EnableScrollBar
 0001:0005D678       EnableTaskWindows
 0002:00003A18       EnableThemeDialogTexture
 0002:00003A34       EnableTheming
 0001:00005BB4       EnableWindow
 0001:00009744       EncodeDate
 0001:000095A4       EncodeTime
 0001:0001ADD8       EndGlobalLoading
 0001:000858D4       EndOfLiteral
 0001:00005BBC       EndPaint
 0002:00002054       EndType
 0001:00000414       EnterCriticalSection
 0001:000055DC       EnterCriticalSection
 0001:000055E4       EnumCalendarInfoA
 0001:00005BC4       EnumClipboardFormats
 0002:00003918       EnumDisplayMonitors
 0001:0000B0AC       EnumEraNames
 0001:0000B0E8       EnumEraYearOffsets
 0001:00060750       EnumMonitorsProc
 0001:00005BCC       EnumThreadWindows
 0001:0001EA08       EnumValue
 0001:00005BD4       EnumWindows
 0001:0006E65C       EOleException.Create
 0001:0006E58C       EOleSysError.Create
 0001:00005BDC       EqualRect
 0002:00003754       EraNames
 0001:0000A768       EraToYear
 0002:00003770       EraYearOffsets
 0002:00000064       errCaption
 0001:00087518       ErrCat
 0001:000018D4       Error
 0001:00056058       Error
 0001:0001E1EC       Error
 0001:00076C4C       Error
 0001:0001A2E4       Error
 0002:00000004       ErrorAddr
 0001:00001888       ErrorAt
 0001:0000B938       ErrorHandler
 0002:00000220       ErrorMap
 0002:00003008       ErrorProc
 0002:000033E8       ErrOutput
 0001:00074C58       EUpdateError.Create
 0001:00074CFC       EUpdateError.Destroy
 0002:000012B4       Events
 0001:00001828       ExceptAddr
 0002:0000300C       ExceptClsProc
 0001:0000BDAC       ExceptHandler
 0001:0000B6B8       Exception.Create
 0001:0000B6F4       Exception.CreateFmt
 0001:0000B844       Exception.CreateHelp
 0001:0000B774       Exception.CreateRes
 0001:0000B7B0       Exception.CreateResFmt
 0002:0000301C       ExceptionClass
 0001:0000B444       ExceptionErrorMessage
 0002:00000258       ExceptMap
 0001:00001808       ExceptObject
 0002:00003010       ExceptObjProc
 0002:00003004       ExceptProc
 0001:000058BC       ExcludeClipRect
 0001:0000C3A0       ExcludeTrailingPathDelimiter
 0002:00000000       ExitCode
 0001:00002E5C       ExitDll
 0002:00003048       ExitProc
 0001:000002E0       ExitProcess
 0002:00003028       ExitProcessProc
 0002:00000134       ExitProcList
 0001:00007FD0       ExpandFileName
 0001:00035A28       ExtActns
 0001:000058C4       ExtCreatePen
 0001:00035030       ExtCtrls
 0001:00035894       ExtDlgs
 0002:00000CE8       ExtendSelects
 0001:00074ED4       ExtractFieldName
 0001:00007F88       ExtractFileExt
 0001:00007F50       ExtractFileName
 0001:00007F1C       ExtractFilePath
 0001:0006DC04       ExtractLiterals
 0001:0006D858       ExtractMoneySymbol
 0002:0000206C       Exts
 0001:000058CC       ExtTextOut
 0002:00003790       FalseBoolStrs
 0001:000055EC       FatalAppExitA
 0002:00003AB4       FClipboard
 0002:00000168       FCon1E18
 0002:0000111C       FConst10
 0002:00003C84       FCSect
 0001:000AEDA0       FieldIsMapped
 0002:000011F4       FieldTypeNames
 0001:00007C84       FileAge
 0001:00007C7C       FileClose
 0001:00007BE4       FileCreate
 0001:00007BC0       FileCreate
 0001:00007CEC       FileExists
 0002:000008B0       FileFormats
 0002:00000008       FileMode
 0001:00007B68       FileOpen
 0001:00007BEC       FileRead
 0002:000005C0       FilerSignature
 0001:00007C44       FileSeek
 0001:000055F4       FileTimeToDosDateTime
 0001:000055FC       FileTimeToLocalFileTime
 0001:00007C18       FileWrite
 0001:00000D44       FillAfterGap
 0001:00000CF0       FillBeforeGap
 0001:0009EC48       FillDWord
 0001:00000DDC       FillerSizeAfterGap
 0001:00000D6C       FillerSizeBeforeGap
 0001:00005BE4       FillRect
 0001:000685F8       Finalization
 0001:00068668       Finalization
 0001:00030F88       Finalization
 0001:000688E8       Finalization
 0001:0009A658       Finalization
 0001:00030FF8       Finalization
 0001:00031030       Finalization
 0001:000053D8       Finalization
 0001:00031068       Finalization
 0001:00069830       Finalization
 0001:00005450       Finalization
 0001:000310A0       Finalization
 0001:000310D8       Finalization
 0001:0004022C       Finalization
 0001:000B17A0       Finalization
 0001:0000663C       Finalization
 0001:00040394       Finalization
 0001:000062AC       Finalization
 0001:00031110       Finalization
 0001:00031148       Finalization
 0001:000A4C94       Finalization
 0001:000358B4       Finalization
 0001:00041018       Finalization
 0001:0002F0CC       Finalization
 0001:0002F08C       Finalization
 0001:00006274       Finalization
 0001:000253FC       Finalization
 0001:00025000       Finalization
 0001:00031180       Finalization
 0001:0008B364       Finalization
 0001:0008B24C       Finalization
 0001:000B1970       Finalization
 0001:0006E320       Finalization
 0001:0008B1E4       Finalization
 0001:0003591C       Finalization
 0001:0006E398       Finalization
 0001:000311B8       Finalization
 0001:0000D800       Finalization
 0001:0006F160       Finalization
 0001:00035980       Finalization
 0001:000359D8       Finalization
 0001:000A598C       Finalization
 0001:00035A30       Finalization
 0001:00083468       Finalization
 0001:0009AA6C       Finalization
 0001:00067B44       Finalization
 0001:000A89FC       Finalization
 0001:000A4D4C       Finalization
 0001:000051A8       Finalization
 0001:000523F0       Finalization
 0001:00053720       Finalization
 0001:0009CB74       Finalization
 0001:000550B8       Finalization
 0001:000181C0       Finalization
 0001:00035864       Finalization
 0001:00018100       Finalization
 0001:00032484       Finalization
 0001:000B228C       Finalization
 0001:000B22C4       Finalization
 0001:00030604       Finalization
 0001:0002E90C       Finalization
 0001:000366BC       Finalization
 0001:00035804       Finalization
 0001:0002E380       Finalization
 0001:0005B634       Finalization
 0001:00035734       Finalization
 0001:0000E1E4       Finalization
 0001:00030458       Finalization
 0001:00034FE8       Finalization
 0001:000356A0       Finalization
 0001:000A5428       Finalization
 0001:0002E560       Finalization
 0001:000874E0       Finalization
 0001:000165A8       Finalization
 0001:0002E818       Finalization
 0001:00030134       Finalization
 0001:00035B68       Finalization
 0001:00035060       Finalization
 0001:000300FC       Finalization
 0001:000300B4       Finalization
 0001:000167F4       Finalization
 0001:000042A4       FinalizeArray
 0001:00002C90       FinalizeUnits
 0001:00059DD8       Find
 0001:0002153C       FindAncestor
 0001:00004670       FindBS
 0001:0001A800       FindClass
 0001:000045F8       FindClassHInstance
 0001:00005604       FindClose
 0001:000002F0       FindClose
 0001:00000CC0       FindCommitted
 0001:00043914       FindControl
 0001:00050144       FindControlAtPos
 0001:00016470       FindCustomVariantType
 0001:000163B8       FindCustomVariantType
 0001:000452E0       FindDragTarget
 0001:0001F408       FindExistingComponent
 0001:000002F8       FindFirstFile
 0001:0000560C       FindFirstFile
 0001:00005614       FindFirstFileA
 0001:0001AC68       FindGlobalComponent
 0001:0005D7BC       FindGlobalComponent
 0002:00003864       FindGlobalComponentProcs
 0001:000045D0       FindHInstance
 0001:0001AB10       FindIdentToInt
 0001:0001AA94       FindIntToIdent
 0002:00003A74       FindMsg
 0001:0001E598       FindNestedComponent
 0001:00056020       FindPopupControl
 0001:0000DEAC       FindProc
 0001:0000561C       FindResource
 0001:00004648       FindResourceHInstance
 0001:00067398       FindScanline
 0001:0003FE28       FindString
 0001:0005D714       FindTopMostWindow
 0001:000202EC       FindUniqueName
 0001:00014810       FindVarData
 0001:000452AC       FindVCLWindow
 0001:00005BEC       FindWindow
 0001:00040DF8       FindWinHelp
 0001:0002B88C       FixupBitFields
 0002:00000F50       Flags
 0002:000037A0       FLanguages
 0001:00030488       FlatSB
 0002:00003944       FlatSB_EnableScrollBar
 0002:00003950       FlatSB_GetScrollInfo
 0002:00003954       FlatSB_GetScrollPos
 0002:0000394C       FlatSB_GetScrollRange
 0002:0000395C       FlatSB_SetScrollInfo
 0002:00003958       FlatSB_SetScrollPos
 0001:00030178       FlatSB_SetScrollProp
 0002:00003960       FlatSB_SetScrollRange
 0002:00003948       FlatSB_ShowScrollBar
 0002:00001F88       FldSubTypeMap
 0002:00001F60       FldTypeMap
 0001:00008E74       FloatToDecimal
 0001:000091B4       FloatToStr
 0001:00009214       FloatToStrF
 0001:000088AC       FloatToText
 0001:00008B80       FloatToTextFmt
 0001:00001A70       Flush
 0002:0000017C       FMSecsPerDay
 0001:0006E35C       FMTBcd
 0002:000010E8       FMTBcdVariantType
 0001:000087A8       FmtStr
 0002:00000F6C       FocusCount
 0002:00000F68       FocusMessages
 0002:000007CC       FontCharsets
 0002:000038DC       FontManager
 0001:00007D20       ForceDirectories
 0001:0005D790       ForegroundTask
 0001:00008794       Format
 0002:00000184       Format
 0001:0006E258       FormatBcd
 0001:0000839C       FormatBuf
 0001:00008390       FormatClearStr
 0001:000092DC       FormatCurr
 0001:00008314       FormatError
 0002:00000160       FormatErrorStrs
 0001:00009284       FormatFloat
 0001:000685C4       FormatMaskText
 0001:00005624       FormatMessage
 0001:0006DEA0       FormatOneBcd
 0001:0000836C       FormatVarToStr
 0001:00067BA0       Forms
 0001:0009D9E0       ForwardMovement
 0001:00001DC4       FPower10
 0002:00000900       FPrinter
 0001:0006CBC8       FractionToStr
 0001:000339D4       Frame3D
 0001:00005BF4       FrameRect
 0002:00003D0C       frCadastro
 0002:00003D04       frConsulta
 0001:0000D3E0       FreeAndNil
 0001:00093DE8       FreeBuffer
 0001:00000A2C       FreeCommitted
 0001:00000F4C       FreeCurAlloc
 0001:000453A0       FreeDeviceContext
 0001:0004545C       FreeDeviceContexts
 0001:000247AC       FreeIntConstList
 0001:0000562C       FreeLibrary
 0001:00000300       FreeLibrary
 0001:0002B3E8       FreeMemoryContexts
 0001:0005D83C       FreeObjectInstance
 0001:00024F00       FreeObjectInstance
 0001:0000564C       FreeResource
 0001:000006AC       FreeSpace
 0001:0008D97C       FreeStatementLocale
 0001:0000CE0C       FreeTerminateProcs
 0001:0003063C       FreeThemeLibrary
 0001:0008DC44       FreeTimer
 0002:00003B14       FRichEditModule
 0001:0000CEDC       GDAL
 0001:00028680       GDICheck
 0001:000285D8       GDIError
 0001:000019D4       Get8087CW
 0001:00005654       GetACP
 0001:00005BFC       GetActiveWindow
 0001:00064FC4       GetAnimation
 0001:000315CC       GetAveCharSize
 0001:000058D4       GetBitmapBits
 0001:0000042C       GetBlockDesc
 0001:000058DC       GetBrushOrgEx
 0001:00005C04       GetCapture
 0001:00043BDC       GetCaptureControl
 0001:00005C0C       GetCaretPos
 0001:0001A7AC       GetClass
 0001:00005C14       GetClassInfo
 0001:00005C1C       GetClassName
 0001:00005C24       GetClientRect
 0001:00005C2C       GetClipboardData
 0001:0002A054       GetClipboardFormats
 0001:000058E4       GetClipBox
 0001:000003C8       GetCmdShow
 0001:00053978       GetColor
 0001:00035B08       GetComCtlVersion
 0001:00000308       GetCommandLine
 0001:00000878       GetCommitted
 0001:00000908       GetCommittedAt
 0001:000228CC       GetComponentValue
 0001:0004AA98       GetControlAtPos
 0001:000099CC       GetCount
 0001:0000565C       GetCPInfo
 0001:00005664       GetCurrentDirectoryA
 0001:000058EC       GetCurrentPositionEx
 0001:0000566C       GetCurrentProcessId
 0002:00003A28       GetCurrentThemeName
 0001:00005674       GetCurrentThreadId
 0001:000003B8       GetCurrentThreadId
 0001:00006030       GetCurrentTime
 0001:00005C34       GetCursor
 0001:000673A8       GetCursorHeightMargin
 0001:00005C3C       GetCursorPos
 0001:000099F8       GetDate
 0001:0000567C       GetDateFormat
 0001:0000A680       GetDateOrder
 0001:00005C44       GetDC
 0001:00005C4C       GetDCEx
 0001:000058F4       GetDCOrgEx
 0001:00095658       GetDefaultExpression
 0001:0002DF90       GetDefFontCharSet
 0001:0001BB18       GetDesigner
 0001:00005C54       GetDesktopWindow
 0001:0000590C       GetDeviceCaps
 0001:000295E0       GetDIB
 0001:000058FC       GetDIBColorTable
 0001:00005904       GetDIBits
 0001:00029528       GetDIBSizes
 0001:000287F0       GetDInColors
 0001:00005684       GetDiskFreeSpaceA
 0002:00000130       GetDiskFreeSpaceEx
 0001:000513FC       GetDockAlign
 0001:00044584       GetDockSiteAtPos
 0001:00005C5C       GetDoubleClickTime
 0001:000448B0       GetDropCtl
 0001:00002444       GetDynaMethod
 0001:00005914       GetEnhMetaFileBits
 0001:0000591C       GetEnhMetaFileHeader
 0001:00005924       GetEnhMetaFilePaletteEntries
 0001:000170E0       GetEnumName
 0001:000171B8       GetEnumNameValue
 0001:00017464       GetEnumProp
 0001:00017204       GetEnumValue
 0001:0000B160       GetEraNamesAndYearOffsets
 0001:0000A714       GetEraYearOffset
 0001:000181AC       GetErrorInfo
 0001:0008E2DC       GetErrorString
 0001:0000BAFC       GetExceptionClass
 0001:0000BCE0       GetExceptionObject
 0001:0001A734       GetFieldClassTable
 0001:000954B8       GetFieldConstraint
 0001:000840B0       GetFieldInfo
 0001:00074E34       GetFieldProperty
 0001:0008D594       GetFieldSource
 0001:0000568C       GetFileAttributes
 0001:0002A034       GetFileFormats
 0001:0000BF50       GetFileVersion
 0001:00005824       GetFileVersionInfo
 0001:0000582C       GetFileVersionInfoSize
 0001:00017B8C       GetFloatProp
 0001:00005C64       GetFocus
 0001:00026F1C       GetFontData
 0001:00005C6C       GetForegroundWindow
 0001:0006E194       GetFormat
 0001:0000C890       GetFormatSettings
 0001:00005694       GetFullPathName
 0001:00026488       GetHashCode
 0001:00090E68       GetHashCode
 0001:0006253C       GetHelpInfo
 0001:0002F54C       GetHelpSystem
 0001:00064DA8       GetHint
 0001:00064DE0       GetHintControl
 0001:0005B4D4       GetHotkey
 0001:00005C74       GetIconInfo
 0001:0006ECA4       GetIDsOfNames
 0001:00099A3C       GetIdx
 0001:00017FA8       GetInt64Prop
 0001:0001800C       GetInterfaceProp
 0001:0008E070       GetIntProp
 0001:00005C8C       GetKeyboardLayout
 0001:00005C94       GetKeyboardLayoutList
 0001:00005C9C       GetKeyboardState
 0001:000020B0       GetKeyboardType
 0001:00005C7C       GetKeyNameText
 0001:00005C84       GetKeyState
 0001:00005CA4       GetLastActivePopup
 0001:0004F6C4       GetLastChildZone
 0001:0000569C       GetLastError
 0001:0000AF24       GetLocaleChar
 0001:00000310       GetLocaleInfo
 0001:000056AC       GetLocaleInfo
 0001:0000AED8       GetLocaleStr
 0001:000056A4       GetLocalTime
 0001:00043B98       GetLongHint
 0001:00017834       GetLongStrProp
 0001:00005CAC       GetMenu
 0001:000624C4       GetMenuHelpContext
 0001:00005CB4       GetMenuItemCount
 0001:00005CBC       GetMenuItemID
 0001:00005CC4       GetMenuItemInfo
 0001:00058624       GetMenuSize
 0001:00005CCC       GetMenuState
 0001:00005CD4       GetMenuString
 0001:00005CDC       GetMessageTime
 0001:00017F30       GetMethodProp
 0001:00000318       GetModuleFileName
 0001:000056B4       GetModuleFileName
 0001:000052D0       GetModuleHandle
 0001:000056BC       GetModuleHandle
 0001:00000320       GetModuleHandle
 0001:000056C4       GetModuleHandleA
 0002:0000390C       GetMonitorInfo
 0002:00003910       GetMonitorInfoA
 0002:00003914       GetMonitorInfoW
 0001:0000AF88       GetMonthDayNames
 0001:0000592C       GetNearestColor
 0001:00005CE4       GetNextWindow
 0001:00005934       GetObject
 0002:00003C7C       GetObjectContextProc
 0001:00017394       GetOrdProp
 0001:0000593C       GetPaletteEntries
 0001:0008D794       GetParamData
 0001:0008D6F4       GetParamDataSize
 0001:00005CEC       GetParent
 0001:0005D990       GetParentForm
 0001:000954A0       GetPChar
 0001:00083F40       GetPChar
 0001:0008D424       GetPChar
 0001:00005944       GetPixel
 0001:00000328       GetProcAddress
 0001:000056CC       GetProcAddress
 0001:00005CF4       GetProp
 0001:00016A80       GetPropInfo
 0001:00016A60       GetPropInfo
 0001:000172D8       GetPropInfo
 0001:00017268       GetPropInfo
 0001:00017310       GetPropInfos
 0001:00016AA0       GetPropValue
 0001:0005DE50       GetRealScrollPosition
 0001:00053958       GetRGBColor
 0001:00005CFC       GetScrollInfo
 0001:00005D04       GetScrollPos
 0001:00005D0C       GetScrollRange
 0001:000174D8       GetSetProp
 0001:00043B54       GetShortHint
 0001:0001772C       GetShortStrProp
 0001:000177C4       GetShortStrPropAsLongStr
 0001:000005D0       GetSpace
 0001:00000634       GetSpaceAt
 0001:000560B0       GetSpecialName
 0001:0008378C       GetSQLToken
 0001:00000330       GetStartupInfo
 0001:00090FB8       GetStatementHandle
 0001:0008D938       GetStatementLocale
 0001:000056D4       GetStdHandle
 0001:000002B0       GetStdHandle
 0001:00090ED4       GetStmtInfo
 0001:0000594C       GetStockObject
 0001:000056DC       GetStringTypeEx
 0001:00017964       GetStrProp
 0001:00005D14       GetSubMenu
 0001:00005D1C       GetSysColor
 0001:00005D24       GetSysColorBrush
 0001:000056E4       GetSystemInfo
 0001:00005D2C       GetSystemMenu
 0002:000038FC       GetSystemMetrics
 0001:00005D34       GetSystemMetrics
 0001:00005954       GetSystemPaletteEntries
 0001:000955CC       GetTableConstraint
 0001:00005964       GetTextExtentPoint
 0001:0000595C       GetTextExtentPoint32
 0001:0000596C       GetTextMetrics
 0002:00003A20       GetThemeAppProperties
 0002:0000398C       GetThemeBackgroundContentRect
 0002:00003990       GetThemeBackgroundExtent
 0002:000039A0       GetThemeBackgroundRegion
 0002:000039C4       GetThemeBool
 0002:000039B8       GetThemeColor
 0002:00003A2C       GetThemeDocumentationProperty
 0002:000039CC       GetThemeEnumValue
 0002:000039EC       GetThemeFilename
 0002:000039D4       GetThemeFont
 0002:000039C8       GetThemeInt
 0002:000039E0       GetThemeIntList
 0002:000039DC       GetThemeMargins
 0002:000039BC       GetThemeMetric
 0002:00003994       GetThemePartSize
 0002:000039D0       GetThemePosition
 0002:000039E4       GetThemePropertyOrigin
 0002:000039D8       GetThemeRect
 0002:000039C0       GetThemeString
 0002:000039F8       GetThemeSysBool
 0002:000039F0       GetThemeSysColor
 0002:000039F4       GetThemeSysColorBrush
 0002:00003A00       GetThemeSysFont
 0002:00003A08       GetThemeSysInt
 0002:000039FC       GetThemeSysSize
 0002:00003A04       GetThemeSysString
 0002:00003998       GetThemeTextExtent
 0002:0000399C       GetThemeTextMetrics
 0001:00000338       GetThreadLocale
 0001:000056EC       GetThreadLocale
 0001:000056F4       GetTickCount
 0001:00009A30       GetTime
 0001:000052FC       GetTlsSize
 0001:00065574       GetTopMostWindows
 0001:00043CE4       GetTopParent
 0001:00005D3C       GetTopWindow
 0001:000170D4       GetTypeData
 0001:0006A81C       GetValueAndMultiplyOrder
 0001:00014A78       GetVarDataArrayInfo
 0001:00017EB0       GetVariantProp
 0001:000003C0       GetVersion
 0001:000056FC       GetVersion
 0001:00005704       GetVersionEx
 0001:000179D0       GetWideStrProp
 0001:000178B4       GetWideStrPropAsLongStr
 0001:00005D44       GetWindow
 0001:00005D4C       GetWindowDC
 0001:00005D54       GetWindowLong
 0001:0000597C       GetWindowOrgEx
 0001:00005D5C       GetWindowPlacement
 0001:00005D64       GetWindowRect
 0001:00005D6C       GetWindowText
 0002:00003A14       GetWindowTheme
 0001:00005D7C       GetWindowThreadProcessId
 0001:00005D74       GetWindowThreadProcessId
 0001:00005974       GetWinMetaFileBits
 0001:0000570C       GlobalAddAtom
 0001:00005714       GlobalAlloc
 0001:0000603C       GlobalAllocPtr
 0001:0000571C       GlobalDeleteAtom
 0001:00005724       GlobalFindAtom
 0002:00003868       GlobalFixupList
 0001:0001E6E0       GlobalFixupReferences
 0001:0000572C       GlobalFree
 0001:00006068       GlobalFreePtr
 0001:0000573C       GlobalHandle
 0001:00005734       GlobalLock
 0002:0000384C       GlobalNameSpace
 0001:00005744       GlobalReAlloc
 0001:0000604C       GlobalReAllocPtr
 0001:0000574C       GlobalUnlock
 0001:0002E454       Graphics
 0001:0009D334       GridRect
 0001:000A4CC4       Grids
 0001:0001A928       GroupDescendentsWith
 0002:00000588       GUID_NULL
 0001:0000EEF4       HandleConversionException
 0001:00062744       HandleEdge
 0001:0001FB44       HandleException
 0001:0003A730       HasPopup
 0001:0003D300       HasSelectedText
 0002:00000024       HeapAllocFlags
 0002:000035C8       heapErrorCode
 0002:000035CC       heapLock
 0001:000300F4       HelpIntfs
 0002:00003938       HelpManager
 0002:00003A70       HelpMsg
 0002:00003B38       HelpViewer
 0002:00003B3C       HelpViewerIntf
 0002:0000012C       HexDisplayPrefix
 0002:00000C3C       HideSelections
 0001:00051478       HideZone
 0002:00003668       HInstance
 0002:00003BF4       HintDoneEvent
 0001:00064EB0       HintGetMsgHook
 0002:00003BF8       HintHook
 0001:00064E54       HintMouseThread
 0002:00003BFC       HintThread
 0002:00003BF0       HintThreadID
 0001:00064E00       HintTimerProc
 0002:00000F60       HintWindowClass
 0002:000039A4       HitTestThemeBackground
 0001:00064EF4       HookHintHooks
 0001:0000617C       HwndMSWheel
 0002:00000EF4       IBreaks
 0002:00000F00       IChecks
 0002:00000920       IconIDs
 0002:00000F08       IDefaults
 0001:00026F0C       IdentToCharset
 0001:00026D04       IdentToColor
 0001:00043B44       IdentToCursor
 0001:0001AB8C       IdentToInt
 0002:00000F10       IEnables
 0001:000593C8       IfHotkeyAvailable
 0002:00003BCC       ImageListWriteExProc
 0001:0002E868       ImageList_Add
 0001:0002E888       ImageList_AddIcon
 0001:0002E8AC       ImageList_BeginDrag
 0001:0002E850       ImageList_Create
 0001:0002E858       ImageList_Destroy
 0001:0002E8BC       ImageList_DragEnter
 0001:0002E8C4       ImageList_DragLeave
 0001:0002E8CC       ImageList_DragMove
 0001:0002E8DC       ImageList_DragShowNolock
 0001:0002E894       ImageList_Draw
 0001:0002E89C       ImageList_DrawEx
 0001:0002E8B4       ImageList_EndDrag
 0001:0002E880       ImageList_GetBkColor
 0001:0002E8E4       ImageList_GetDragImage
 0001:0002E8FC       ImageList_GetIconSize
 0001:0002E860       ImageList_GetImageCount
 0001:0002E8EC       ImageList_Read
 0001:0002E8A4       ImageList_Remove
 0001:0002E870       ImageList_ReplaceIcon
 0001:0002E878       ImageList_SetBkColor
 0001:0002E8D4       ImageList_SetDragCursorImage
 0001:0002E904       ImageList_SetIconSize
 0001:0002E8F4       ImageList_Write
 0002:00000E64       Images
 0001:000550E8       ImgList
 0001:0002F0FC       Imm
 0002:00000E48       IMM32DLL
 0001:00052110       Imm32GetContext
 0001:0005216C       Imm32IsIME
 0001:00052124       Imm32ReleaseContext
 0001:00052154       Imm32SetCompositionFont
 0001:0005213C       Imm32SetCompositionWindow
 0002:00000180       IMSecsPerDay
 0001:0000EFE0       InBounds
 0001:0000F280       InBounds
 0001:0009D3D4       Includes
 0001:0000F2B0       Increment
 0001:0000F010       Increment
 0002:00001098       IncrementAmount
 0001:00097A50       IndexFieldOfs
 0001:00005D84       InflateRect
 0002:00001E44       INFO_IDAPI32
 0001:000358FC       IniFiles
 0001:00000AB8       InitAllocator
 0001:0002E944       InitAnApi
 0002:00003924       InitApis
 0001:0006F0E8       InitComObj
 0001:0001AE34       InitComponent
 0002:00003638       InitContext
 0001:00052208       InitControls
 0001:0009A634       InitDBTables
 0001:0002DFD4       InitDefFontData
 0001:0000CF6C       InitDriveSpacePtr
 0001:0000BDBC       InitExceptions
 0001:00098F74       InitFieldDescriptors
[...]
 0002:00000CD8       Sorteds
 0002:00000CE0       MultiSelects
 0002:00000CE8       ExtendSelects
 0002:00000CF0       IntegralHeights
 0002:00000CF8       MultiColumns
 0002:00000D00       TabStops
 0002:00000D08       CSHREDRAW
 0002:00000D10       Data
 0002:00000D18       AnimateWindowProc
 0002:00000D1C       CreationControl
 0002:00000D20       DefaultDockTreeClass
 0002:00000D24       AnchorAlign
 0002:00000D2C       Cursors
 0002:00000DDC       CaptureControl
 0002:00000DE0       ShowFlags
 0002:00000DE4       WindowPos
 0002:00000DE8       InnerStyles
 0002:00000DF8       OuterStyles
 0002:00000E08       EdgeStyles
 0002:00000E18       Ctl3DStyles
 0002:00000E20       AnimationStyle
 0002:00000E2C       OrientArray
 0002:00000E34       MakeLast
 0002:00000E3C       TreeStreamEndFlag
 0002:00000E40       SizeCursors
 0002:00000E48       IMM32DLL
 0002:00000E4C       ModeMap
 0002:00000E54       DrawingStyles
 0002:00000E64       Images
 0002:00000E6C       Mask
 0002:00000E74       ValidMenuHotkeys
 0002:00000E78       cMenuAutoFlagToItem
 0002:00000E7C       cItemAutoFlagToMenu
 0002:00000E80       cBooleanToItemAutoFlag
 0002:00000E84       cItemAutoFlagToBoolean
 0002:00000E88       MenuKeyCaps
 0002:00000ED0       Checks
 0002:00000ED8       Enables
 0002:00000EE0       Breaks
 0002:00000EEC       Separators
 0002:00000EF4       IBreaks
 0002:00000F00       IChecks
 0002:00000F08       IDefaults
 0002:00000F10       IEnables
 0002:00000F18       IRadios
 0002:00000F20       ISeparators
 0002:00000F28       IRTL
 0002:00000F30       IOwnerDraw
 0002:00000F38       Alignments
 0002:00000F40       EdgeStyle
 0002:00000F48       Alignments
 0002:00000F50       Flags
 0002:00000F5C       Buttons
 0002:00000F60       HintWindowClass
 0002:00000F64       SetLayeredWindowAttributes
 0002:00000F68       FocusMessages
 0002:00000F6C       FocusCount
 0002:00000F70       TaskActiveWindow
 0002:00000F74       TaskFirstWindow
 0002:00000F78       TaskFirstTopMost
 0002:00000F7C       TaskWindowList
 0002:00000F80       SysConsts
 0002:00000F88       SysConsts
 0002:00000F90       Props
 0002:00000FB8       Styles
 0002:00000FC4       ShowCommands
 0002:00000FD0       ShowCommands
 0002:00000FDC       ShowCommands
 0002:00000FE8       cUseAlpha
 0002:00000FF0       cUseColorKey
 0002:00000FF8       CursorMap
 0002:0000104C       WindowClass
 0002:00001074       AppVisible
 0002:00001078       ShowFlags
 0002:0000107C       DefaultBlank
 0002:00001080       MaskFieldSeparator
 0002:00001084       MaskNoSave
 0002:00001088       NullSQLTimeStamp
 0002:00001098       IncrementAmount
 0002:000010A0       SQLTimeStampVariantType
 0002:000010A4       AdjustAmt
 0002:000010AC       AdjustAmt
 0002:000010B4       AdjustAmt
 0002:000010BC       AdjustAmt
 0002:000010C4       NullBcd
 0002:000010E8       FMTBcdVariantType
 0002:000010EC       spaceChars
 0002:0000110C       Power10
 0002:0000111C       FConst10
 0002:00001120       CWNear
 0002:00001124       Dot
 0002:00001128       Separator
 0002:0000112C       CoCreateInstanceEx
 0002:00001130       CoInitializeEx
 0002:00001134       CoAddRefServerProcess
 0002:00001138       CoReleaseServerProcess
 0002:0000113C       CoResumeClassObjects
 0002:00001140       CoSuspendClassObjects
 0002:00001144       CoInitFlags
 0002:00001148       ThreadStrs
 0002:0000115C       DefaultFieldClasses
 0002:000011F4       FieldTypeNames
 0002:0000128C       TypeSizes
 0002:000012B4       Events
 0002:000012B8       Values
 0002:000012BC       BaseFieldTypes
 0002:000012E4       ReverseOperator
 0002:000012EC       BoolFalse
 0002:000012F0       Operators
 0002:000012F8       Operators
 0002:000012FC       Operators
 0002:00001300       ..
 0002:00001E44       INFO_IDAPI32
 0002:00001E74       ..
 0002:00001F50       Class_SMClient
 0002:00001F50       __APIINFOTABLEEND
 0002:00001F50       __APIINFOTABLE
 0002:00001F60       FldTypeMap
 0002:00001F88       FldSubTypeMap
 0002:00001FD4       DataTypeMap
 0002:00001FF0       BlobTypeMap
 0002:00002000       TableTypeDriverNames
 0002:00002014       TimerID
 0002:00002018       SQLDelay
 0002:0000201C       StartTime
 0002:00002020       OpenModes
 0002:00002028       ShareModes
 0002:00002030       RetCodes
 0002:00002034       CBRetCode
 0002:00002048       PropFlags
 0002:00002054       EndType
 0002:0000205C       OpenModes
 0002:00002064       ShareModes
 0002:0000206C       Exts
 0002:00002080       ArrowKey
 0002:00002084       BtnHintId
 0002:000020AC       SearchTickCount
 0002:000020B0       Direction
 0002:000020B4       AlignFlags
 0002:000020C0       RTL
 0002:000020C8       ScrollArrows
 0002:00003000       DispCallByIDProc
 0002:00003004       ExceptProc
 0002:00003008       ErrorProc
 0002:0000300C       ExceptClsProc
 0002:00003010       ExceptObjProc
 0002:00003014       RaiseExceptionProc
 0002:00003018       RTLUnwindProc
 0002:0000301C       ExceptionClass
 0002:00003020       SafeCallErrorProc
 0002:00003024       AssertErrorProc
 0002:00003028       ExitProcessProc
 0002:0000302C       AbstractErrorProc
 0002:00003030       MainInstance
 0002:00003034       MainThreadID
 0002:00003038       IsLibrary
 0002:0000303C       CmdShow
 0002:00003040       CmdLine
 0002:00003044       InitProc
 0002:00003048       ExitProc
 0002:0000304C       IsConsole
 0002:0000304D       IsMultiThread
 0002:0000304E       Test8086
 0002:00003050       Input
 0002:0000321C       Output
 0002:000033E8       ErrOutput
 0002:000035B4       AllocMemCount
 0002:000035B8       AllocMemSize
 0002:000035BC       .5
 0002:000035C0       DefaultUserCodePage
 0002:000035C4       initialized
 0002:000035C8       heapErrorCode
 0002:000035CC       heapLock
 0002:000035E4       blockDescBlockList
 0002:000035E8       blockDescFreeList
 0002:000035EC       spaceRoot
 0002:000035FC       decommittedRoot
 0002:0000360C       avail
 0002:00003618       rover
 0002:0000361C       remBytes
 0002:00003620       curAlloc
 0002:00003624       smallTab
 0002:00003628       committedRoot
 0002:00003638       InitContext
 0002:00003664       ModuleIsLib
 0002:00003665       ModuleIsCpp
 0002:00003668       HInstance
 0002:0000366C       .1
 0002:00003670       tlsBuffer
 0002:00003674       .1
 0002:00003678       .3
 0002:0000367C       .1
 0002:00003680       .1
 0002:00003684       CurrencyString
 0002:00003688       CurrencyFormat
 0002:00003689       NegCurrFormat
 0002:0000368A       ThousandSeparator
 0002:0000368B       DecimalSeparator
 0002:0000368C       CurrencyDecimals
 0002:0000368D       DateSeparator
 0002:00003690       ShortDateFormat
 0002:00003694       LongDateFormat
 0002:00003698       TimeSeparator
 0002:0000369C       TimeAMString
 0002:000036A0       TimePMString
 0002:000036A4       ShortTimeFormat
 0002:000036A8       LongTimeFormat
 0002:000036AC       ShortMonthNames
 0002:000036DC       LongMonthNames
 0002:0000370C       ShortDayNames
 0002:00003728       LongDayNames
 0002:00003744       SysLocale
 0002:00003752       ListSeparator
 0002:00003754       EraNames
 0002:00003770       EraYearOffsets
 0002:0000378C       TrueBoolStrs
 0002:00003790       FalseBoolStrs
 0002:00003794       .35
 0002:00003798       OutOfMemory
 0002:0000379C       InvalidPointer
 0002:000037A0       FLanguages
 0002:000037A4       VariantChangeTypeEx
 0002:000037A8       VarNeg
 0002:000037AC       VarNot
 0002:000037B0       VarAdd
 0002:000037B4       VarSub
 0002:000037B8       VarMul
 0002:000037BC       VarDiv
 0002:000037C0       VarIDiv
 0002:000037C4       VarMod
 0002:000037C8       VarAnd
 0002:000037CC       VarOr
 0002:000037D0       VarXor
 0002:000037D4       VarCmp
 0002:000037D8       VarI4FromStr
 0002:000037DC       VarR4FromStr
 0002:000037E0       VarR8FromStr
 0002:000037E4       VarDateFromStr
 0002:000037E8       VarCyFromStr
 0002:000037EC       VarBoolFromStr
 0002:000037F0       VarBstrFromCy
 0002:000037F4       VarBstrFromDate
 0002:000037F8       VarBstrFromBool
 0002:000037FC       .5
 0002:00003800       EmptyParam
 0002:00003810       VarDispProc
 0002:00003814       ClearAnyProc
 0002:00003818       ChangeAnyProc
 0002:0000381C       RefAnyProc
 0002:00003820       .81
 0002:00003824       LVarTypes
 0002:00003828       LVarTypeSync
 0002:00003840       .1
 0002:00003844       .6
 0002:00003848       .3
 0002:0000384C       GlobalNameSpace
 0002:00003850       IsUniqueGlobalComponentNameProc
 0002:00003854       SyncEvent
 0002:00003858       .45
 0002:0000385C       IntConstList
 0002:00003860       RegGroups
 0002:00003864       FindGlobalComponentProcs
 0002:00003868       GlobalFixupList
 0002:0000386C       ThreadLock
 0002:00003884       InstBlockList
 0002:00003888       InstFreeList
 0002:0000388C       .1
 0002:00003890       SystemPalette16
 0002:00003894       .12
 0002:00003898       ScreenLogPixels
 0002:0000389C       StockPen
 0002:000038A0       StockBrush
 0002:000038A4       StockFont
 0002:000038A8       StockIcon
 0002:000038AC       BitmapImageLock
 0002:000038C4       CounterLock
 0002:000038DC       FontManager
 0002:000038E0       PenManager
 0002:000038E4       BrushManager
 0002:000038E8       CanvasList
 0002:000038EC       PatternManager
 0002:000038F0       .2
 0002:000038F4       .21
 0002:000038F8       .1
 0002:000038FC       GetSystemMetrics
 0002:00003900       MonitorFromWindow
 0002:00003904       MonitorFromRect
 0002:00003908       MonitorFromPoint
 0002:0000390C       GetMonitorInfo
 0002:00003910       GetMonitorInfoA
 0002:00003914       GetMonitorInfoW
 0002:00003918       EnumDisplayMonitors
 0002:0000391C       .1
 0002:00003920       User32Dll
 0002:00003924       InitApis
 0002:0000392C       MMAvailable
 0002:00003930       .1
 0002:00003934       .2
 0002:00003938       HelpManager
 0002:0000393C       .3
 0002:00003940       .3
 0002:00003944       FlatSB_EnableScrollBar
 0002:00003948       FlatSB_ShowScrollBar
 0002:0000394C       FlatSB_GetScrollRange
 0002:00003950       FlatSB_GetScrollInfo
 0002:00003954       FlatSB_GetScrollPos
 0002:00003958       FlatSB_SetScrollPos
 0002:0000395C       FlatSB_SetScrollInfo
 0002:00003960       FlatSB_SetScrollRange
 0002:00003964       .1
 0002:00003968       _FlatSB_GetScrollProp
 0002:0000396C       _FlatSB_SetScrollProp
 0002:00003970       _InitializeFlatSB
 0002:00003974       _UninitializeFlatSB
 0002:00003978       .6
 0002:0000397C       OpenThemeData
 0002:00003980       CloseThemeData
 0002:00003984       DrawThemeBackground
 0002:00003988       DrawThemeText
 0002:0000398C       GetThemeBackgroundContentRect
 0002:00003990       GetThemeBackgroundExtent
 0002:00003994       GetThemePartSize
 0002:00003998       GetThemeTextExtent
 0002:0000399C       GetThemeTextMetrics
 0002:000039A0       GetThemeBackgroundRegion
 0002:000039A4       HitTestThemeBackground
 0002:000039A8       DrawThemeEdge
 0002:000039AC       DrawThemeIcon
 0002:000039B0       IsThemePartDefined
 0002:000039B4       IsThemeBackgroundPartiallyTransparent
 0002:000039B8       GetThemeColor
 0002:000039BC       GetThemeMetric
 0002:000039C0       GetThemeString
 0002:000039C4       GetThemeBool
 0002:000039C8       GetThemeInt
 0002:000039CC       GetThemeEnumValue
 0002:000039D0       GetThemePosition
 0002:000039D4       GetThemeFont
 0002:000039D8       GetThemeRect
 0002:000039DC       GetThemeMargins
 0002:000039E0       GetThemeIntList
 0002:000039E4       GetThemePropertyOrigin
 0002:000039E8       SetWindowTheme
 0002:000039EC       GetThemeFilename
 0002:000039F0       GetThemeSysColor
 0002:000039F4       GetThemeSysColorBrush
 0002:000039F8       GetThemeSysBool
 0002:000039FC       GetThemeSysSize
 0002:00003A00       GetThemeSysFont
 0002:00003A04       GetThemeSysString
 0002:00003A08       GetThemeSysInt
 0002:00003A0C       IsThemeActive
 0002:00003A10       IsAppThemed
 0002:00003A14       GetWindowTheme
 0002:00003A18       EnableThemeDialogTexture
 0002:00003A1C       IsThemeDialogTextureEnabled
 0002:00003A20       GetThemeAppProperties
 0002:00003A24       SetThemeAppProperties
 0002:00003A28       GetCurrentThemeName
 0002:00003A2C       GetThemeDocumentationProperty
 0002:00003A30       DrawThemeParentBackground
 0002:00003A34       EnableTheming
 0002:00003A38       .1
 0002:00003A3C       ThemeLibrary
 0002:00003A40       ReferenceCount
 0002:00003A44       Lock
 0002:00003A48       .1
 0002:00003A4C       .4
 0002:00003A50       .1
 0002:00003A54       .1
 0002:00003A58       .1
 0002:00003A5C       .1
 0002:00003A60       .1
 0002:00003A64       .1
 0002:00003A68       .1
 0002:00003A6C       .11
 0002:00003A70       HelpMsg
 0002:00003A74       FindMsg
 0002:00003A78       ButtonWidths
 0002:00003AA4       .12
 0002:00003AA8       .1
 0002:00003AAC       CF_PICTURE
 0002:00003AAE       CF_COMPONENT
 0002:00003AB0       .2
 0002:00003AB4       FClipboard
 0002:00003AB8       .1
 0002:00003ABC       .4
 0002:00003AC0       BitBtnGlyphs
 0002:00003AEC       .3
 0002:00003AF0       .8
 0002:00003AF4       .5
 0002:00003AF8       .1
 0002:00003AFC       .72
 0002:00003B00       UrlMonHandle
 0002:00003B04       UrlMonInitialized
 0002:00003B08       .8
 0002:00003B0C       .36
 0002:00003B10       ShellModule
 0002:00003B14       FRichEditModule
 0002:00003B18       ComCtlVersion
 0002:00003B1C       .2
 0002:00003B20       InternalServices
 0002:00003B24       .42
 0002:00003B28       .73
 0002:00003B2C       WinHelpTester
 0002:00003B30       ViewerName
 0002:00003B34       .1
 0002:00003B38       HelpViewer
 0002:00003B3C       HelpViewerIntf
 0002:00003B40       Mouse
 0002:00003B44       NewStyleControls
 0002:00003B48       .72
 0002:00003B4C       WindowAtom
 0002:00003B4E       ControlAtom
 0002:00003B50       WindowAtomString
 0002:00003B54       ControlAtomString
 0002:00003B58       RM_GetObjectInstance
 0002:00003B5C       DragControl
 0002:00003B60       DragObject
 0002:00003B64       DragInternalObject
 0002:00003B68       DragCapture
 0002:00003B6C       DragStartPos
 0002:00003B74       DragSaveCursor
 0002:00003B78       DragThreshold
 0002:00003B7C       ActiveDrag
 0002:00003B80       DragImageList
 0002:00003B84       DockSiteList
 0002:00003B88       QualifyingSites
 0002:00003B8C       DragSave
 0002:00003B90       CanvasList
 0002:00003B94       _WINNLSEnableIME
 0002:00003B98       _ImmGetContext
 0002:00003B9C       _ImmReleaseContext
 0002:00003BA0       _ImmGetConversionStatus
 0002:00003BA4       _ImmSetConversionStatus
 0002:00003BA8       _ImmSetOpenStatus
 0002:00003BAC       _ImmSetCompositionWindow
 0002:00003BB0       _ImmSetCompositionFont
 0002:00003BB4       _ImmGetCompositionString
 0002:00003BB8       _ImmIsIME
 0002:00003BBC       _ImmNotifyIME
 0002:00003BC0       .8
 0002:00003BC4       .3
 0002:00003BC8       CachedComCtrlVer
 0002:00003BCC       ImageListWriteExProc
 0002:00003BD0       PopupList
 0002:00003BD4       ShortCutItems
 0002:00003BD8       .9
 0002:00003BDC       CommandPool
 0002:00003BE0       Application
 0002:00003BE4       Screen
 0002:00003BE8       .41
 0002:00003BEC       RM_TaskbarCreated
 0002:00003BF0       HintThreadID
 0002:00003BF4       HintDoneEvent
 0002:00003BF8       HintHook
 0002:00003BFC       HintThread
 0002:00003C00       .2
 0002:00003C04       .1
 0002:00003C08       .1
 0002:00003C0C       .1
 0002:00003C10       .3
 0002:00003C14       .1
 0002:00003C18       .41
 0002:00003C1C       OleUninitializing
 0002:00003C20       ComClassManagerVar
 0002:00003C24       SaveInitProc
 0002:00003C28       NeedToUninitialize
 0002:00003C2C       LoginDialogProc
 0002:00003C30       LoginDialogExProc
 0002:00003C34       RemoteLoginDialogProc
 0002:00003C38       ScreenCursorProc
 0002:00003C3C       PasswordDialog
 0002:00003C40       DBScreen
 0002:00003C44       DBApplication
 0002:00003C48       .36
 0002:00003C4C       .3
 0002:00003C50       .1
 0002:00003C54       ..
 0002:00003C6C       .1
 0002:00003C70       .1
 0002:00003C74       Session
 0002:00003C78       Sessions
 0002:00003C7C       GetObjectContextProc
 0002:00003C80       .22
 0002:00003C84       FCSect
 0002:00003C9C       CSNativeToAnsi
 0002:00003CB4       CSAnsiToNative
 0002:00003CCC       BDEInitProcs
 0002:00003CD0       SaveInitProc
 0002:00003CD4       NeedToUninitialize
 0002:00003CD8       dmTabelas
 0002:00003CDC       .2
 0002:00003CE0       .5
 0002:00003CE4       .11
 0002:00003CE8       .1
 0002:00003CEC       .2
 0002:00003CF0       .2
 0002:00003CF4       .22
 0002:00003CF8       .9
 0002:00003CFC       DrawBitmap
 0002:00003D00       UserCount
 0002:00003D04       frConsulta
 0002:00003D08       .2
 0002:00003D0C       frCadastro
 0002:00003D10       .2


Line numbers for uDataModule(uDataModule.pas) segment .text

    34 0001:0009A8C8    35 0001:0009A8CB    36 0001:0009A8D7    39 0001:0009A918
    40 0001:0009A933    41 0001:0009A949    43 0001:0009A95B    44 0001:0009A968
    45 0001:0009A97D    46 0001:0009A98A    48 0001:0009A994    50 0001:0009A9B2
    51 0001:0009A9DF    53 0001:0009A9E7    54 0001:0009A9F4    55 0001:0009AA1E
    57 0001:0009AA9C    57 0001:0009AAA3

Line numbers for uConsultaCadastro(uConsultaCadastro.pas) segment .text

    25 0001:000B19A0    25 0001:000B19A7

Line numbers for uCadastro(uCadastro.pas) segment .text

    48 0001:000B1C70    49 0001:000B1C73    50 0001:000B1C85    53 0001:000B1C88
    54 0001:000B1CAA    55 0001:000B1CB9    56 0001:000B1CE4    58 0001:000B1CF0
    60 0001:000B1CFA    61 0001:000B1D1F    62 0001:000B1D3D    63 0001:000B1D5A
    64 0001:000B1D77    66 0001:000B1D84    67 0001:000B1DB4    70 0001:000B1DD0
    71 0001:000B1DD6    72 0001:000B1DDD    73 0001:000B1DE1    75 0001:000B1DF0
    76 0001:000B1DFC    79 0001:000B1E18    80 0001:000B1E1E    81 0001:000B1E25
    82 0001:000B1E29    84 0001:000B1E38    85 0001:000B1E44    88 0001:000B1E70
    89 0001:000B1E86    91 0001:000B1E8D    93 0001:000B1EB7    94 0001:000B1EC1
    95 0001:000B1EEC   101 0001:000B1F24   102 0001:000B1F40   103 0001:000B1F47
   105 0001:000B1F4F   106 0001:000B1F69   105 0001:000B1F88   108 0001:000B1F8B
   109 0001:000B1F93   110 0001:000B1FC3   114 0001:000B1FCC   115 0001:000B1FD8
   121 0001:000B1FDC   122 0001:000B1FEA   123 0001:000B1FEF   126 0001:000B1FF0
   127 0001:000B200F   128 0001:000B2023   130 0001:000B2053   131 0001:000B2073
   132 0001:000B2092   136 0001:000B20B3   137 0001:000B20C0   138 0001:000B20D0
   140 0001:000B2105   143 0001:000B2120   144 0001:000B2142   146 0001:000B214D
   150 0001:000B215C   152 0001:000B21E2   147 0001:000B21EC   154 0001:000B2220
   156 0001:000B22BC   156 0001:000B22C3

Line numbers for Project1(C:\Users\prog10\Desktop\estagio\DELPHI7\05-04\Project1.dpr) segment .text

    11 0001:000B257C    12 0001:000B258C    13 0001:000B2598    14 0001:000B25B0
    15 0001:000B25C8    16 0001:000B25E0    17 0001:000B25EC

Bound resource files

c:\program files (x86)\borland\delphi7\Lib\Buttons.res
c:\program files (x86)\borland\delphi7\Lib\ExtDlgs.res
c:\program files (x86)\borland\delphi7\Lib\Controls.res
uDataModule.dfm
c:\program files (x86)\borland\delphi7\Lib\DBLogDlg.dfm
c:\program files (x86)\borland\delphi7\Lib\DBPWDlg.dfm
c:\program files (x86)\borland\delphi7\Lib\DBCtrls.res
c:\program files (x86)\borland\delphi7\Lib\DBGrids.res
uConsultaCadastro.dfm
uCadastro.dfm
Project1.res
Project1.drf


Program entry point at 0001:000B257C
